2026-10-03 19:33:09   Defined reference frequency for open boundary condition (2.15 GHz) is larger
                      than the lowest relevant system frequency (monitor at 2.06 GHz).
                      Please check the Settings for PML Boundary (Simulation > Settings > Boundary
                      Conditions > Open Boundary) to ensure accurate monitor results for the lowest
                      frequency of interest. More...

                      ------------------------------------------------------------------------------
2026-10-03 19:33:09   The following farfield monitor(s) have been adjusted to model box [-35.9755,
                      35.9755, -35.9755, 35.9755, -37.5842, 90.9558]:
                        farfield (f=2.06), farfield (f=2.25).
                      For further information please check the page "Special Solver Parameters -
                      Solver" in the Online Help.

                      ------------------------------------------------------------------------------
2026-10-03 19:33:09   According to the selected features the <Time Domain Solver (HEX)> will be
                      started.

                      ------------------------------------------------------------------------------
2026-10-03 19:33:10   
                      Solver started at: 2026-10-03 19:33:10 +0900

                        Module:  Time Domain: S-Parameter (Win 64)
                        Version: 2026.4 Release from 2026-04-14 (change 1669599)

2026-10-03 19:33:10   

                      ------------------------------------------------------------------------------
2026-10-03 19:33:10   

                      ------------------------------------------------------------------------------
2026-10-03 19:33:10   ======================================================================
                      Solver uses float precision.
                      ======================================================================



                      ------------------------------------------------------------------------------
2026-10-03 19:33:10   ======================================================================
                       Solver cycle: 1
                      ======================================================================

                      Stimulation at discrete port 1 



                      ------------------------------------------------------------------------------
2026-10-03 19:33:10   Units settings: 

                        Dimensions: mm
                        Frequency:  GHz
                        Time:       ns

                      ------------------------------------------------------------------------------
2026-10-03 19:33:10   The dispersive material update [Automatic] will be performed using the "Standard" update schema

                      ------------------------------------------------------------------------------
2026-10-03 19:33:39   The following discrete edge ports are connected to metal material:
                      	1, 2, 3, 4

                      ------------------------------------------------------------------------------
2026-10-03 19:33:39   *** Warning ***

2026-10-03 19:33:39   48 mesh edges are represented in staircase mode and have been filled with PEC.
                      64 mesh edges are partially filled with PEC.
                       More...

                      ------------------------------------------------------------------------------
2026-10-03 19:33:39   Mesh statistics:

                         Hexahedral mesh type: Perfect Boundary Approximation (PBA)
                            Version: default

                         Parallelization type: domain decomposition
                            Number of parallel working threads: 2
                            Number of calculation domains used: 2

                         Used point accuracy enhancement value: 74.00%.
                         Acceleration mode: CPU
                         PBA fill limit: 99.00% (inverse)

2026-10-03 19:33:40   Boundary conditions: 

                        YZsymmetry: none
                        XZsymmetry: none
                        XYsymmetry: none

                        Xmin: expanded open, 4 Layer, depth 35.7428 mm
                        Xmax: expanded open, 4 Layer, depth 35.7428 mm

                        Ymin: expanded open, 4 Layer, depth 35.7428 mm
                        Ymax: expanded open, 4 Layer, depth 35.7428 mm

                        Zmin: expanded open, 4 Layer, depth 42.1313 mm
                        Zmax: expanded open, 4 Layer, depth 34.0784 mm

                        PML-Type: Convolution PML

                      ------------------------------------------------------------------------------
2026-10-03 19:33:40   Frequency settings: 

                        Fmin:         2
                        Fmax:         2.3
                        Nfsteps:      1001

                      ------------------------------------------------------------------------------
2026-10-03 19:33:40   Field update statistics:

                        Number of components in total: 	359988
                        Number of TST and special elements:	1652

                      Subcycling state:      			Automatically deactivated

                      ------------------------------------------------------------------------------
2026-10-03 19:33:40   Ports: 1 ... 4

                        Discrete element, reference impedance = 50 Ohm

                      ------------------------------------------------------------------------------
2026-10-03 19:34:07   
                      --------------------------------------------------------------------------------
2026-10-03 19:34:07   Steady state energy criterion met, solver finished successfully.

                      ------------------------------------------------------------------------------
2026-10-03 19:34:07   Frequency domain results normalized to default signal.


                      ------------------------------------------------------------------------------
2026-10-03 19:34:07   
                        ----------------------------------------------------------------------------
                                            Peak memory used (GB)         Free physical memory (GB) 
                                                                          At begin     Minimum      
                        ----------------------------------------------------------------------------
                        CAD preparation     0.017                         19.171       19.171       
                        Matrices calc.      0.299                         19.167       18.875       
                        Solver run total    0.079                         19.183       17.565       
                        ----------------------------------------------------------------------------

                      --------------------------------------------------------------------------------
                      Solver Statistics:

                        Hardware:
                           Computer name:                 	JDM 

                           Number of CPU threads:               8
                           Hardware info:                  	Hardware Accelerator Device not activated

                        Number of mesh cells:             	57600
                        Excitation duration:              	2.36969917e+001 ns 
                        Calculation time for excitation:  	0 	s
                        Number of calculated pulse widths:	1.271 
                        Steady state accuracy limit:      	-40	dB 
                        Simulated number of time steps:   	28496 
                        Maximum number of time steps:     	448388 
                        Time step width:
                           without subcycles:             	1.056984726e-003 ns
                           used:                          	1.056984726e-003 ns

                        CAD preparation time:             	1      	s
                        Matrix calculation time:          	28 	s
                        Solver setup time:                	7 	s
                        Solver loop time:                 	20 	s
                        Solver post-processing time:      	0 	s
                                                          	------------
                        Total solver time:                	56 	s

                      ------------------------------------------------------------------------------
2026-10-03 19:34:07   ======================================================================
                       Solver cycle: 2
                      ======================================================================

                      Stimulation at discrete port 2 



                      ------------------------------------------------------------------------------
2026-10-03 19:34:07   Units settings: 

                        Dimensions: mm
                        Frequency:  GHz
                        Time:       ns

                      ------------------------------------------------------------------------------
2026-10-03 19:34:07   The dispersive material update will be performed using the "Standard" update schema

                      ------------------------------------------------------------------------------
2026-10-03 19:34:08   The following discrete edge ports are connected to metal material:
                      	1, 2, 3, 4

                      ------------------------------------------------------------------------------
2026-10-03 19:34:08   *** Warning ***

2026-10-03 19:34:08   48 mesh edges are represented in staircase mode and have been filled with PEC.
                      64 mesh edges are partially filled with PEC.
                       More...

                      ------------------------------------------------------------------------------
2026-10-03 19:34:08   Boundary conditions: 

                        YZsymmetry: none
                        XZsymmetry: none
                        XYsymmetry: none

                        Xmin: expanded open, 4 Layer, depth 35.7428 mm
                        Xmax: expanded open, 4 Layer, depth 35.7428 mm

                        Ymin: expanded open, 4 Layer, depth 35.7428 mm
                        Ymax: expanded open, 4 Layer, depth 35.7428 mm

                        Zmin: expanded open, 4 Layer, depth 42.1313 mm
                        Zmax: expanded open, 4 Layer, depth 34.0784 mm

                        PML-Type: Convolution PML

                      ------------------------------------------------------------------------------
2026-10-03 19:34:08   Frequency settings: 

                        Fmin:         2
                        Fmax:         2.3
                        Nfsteps:      1001

                      ------------------------------------------------------------------------------
2026-10-03 19:34:08   Field update statistics:

                        Number of components in total: 	359988
                        Number of TST and special elements:	1652

                      Subcycling state:      			Automatically deactivated

                      ------------------------------------------------------------------------------
2026-10-03 19:34:08   Ports: 1 ... 4

                        Discrete element, reference impedance = 50 Ohm

                      ------------------------------------------------------------------------------
2026-10-03 19:34:18   
                      --------------------------------------------------------------------------------
2026-10-03 19:34:18   Steady state energy criterion met, solver finished successfully.

                      ------------------------------------------------------------------------------
2026-10-03 19:34:18   Frequency domain results normalized to default signal.


                      ------------------------------------------------------------------------------
2026-10-03 19:34:18   
                        ----------------------------------------------------------------------------
                                            Peak memory used (GB)         Free physical memory (GB) 
                                                                          At begin     Minimum      
                        ----------------------------------------------------------------------------
                        CAD preparation     0.017                         19.171       19.171       
                        Matrices calc.      0.299                         19.167       18.875       
                        Solver run total    0.081                         19.104       19.104       
                        ----------------------------------------------------------------------------

                      --------------------------------------------------------------------------------
                      Solver Statistics:

                        Hardware:
                           Computer name:                 	JDM 

                           Number of CPU threads:               8
                           Hardware info:                  	Hardware Accelerator Device not activated

                        Number of mesh cells:             	57600
                        Excitation duration:              	2.36969917e+001 ns 
                        Calculation time for excitation:  	0 	s
                        Number of calculated pulse widths:	1.30155 
                        Steady state accuracy limit:      	-40	dB 
                        Simulated number of time steps:   	29181 
                        Maximum number of time steps:     	448388 
                        Time step width:
                           without subcycles:             	1.056984726e-003 ns
                           used:                          	1.056984726e-003 ns

                        Reloading matrices:               	0 	s
                        Solver setup time:                	1 	s
                        Solver loop time:                 	9 	s
                        Solver post-processing time:      	0 	s
                                                          	------------
                        Total solver time:                	10 	s

                      ------------------------------------------------------------------------------
2026-10-03 19:34:18   ======================================================================
                       Solver cycle: 3
                      ======================================================================

                      Stimulation at discrete port 3 



                      ------------------------------------------------------------------------------
2026-10-03 19:34:18   Units settings: 

                        Dimensions: mm
                        Frequency:  GHz
                        Time:       ns

                      ------------------------------------------------------------------------------
2026-10-03 19:34:18   The dispersive material update will be performed using the "Standard" update schema

                      ------------------------------------------------------------------------------
2026-10-03 19:34:19   The following discrete edge ports are connected to metal material:
                      	1, 2, 3, 4

                      ------------------------------------------------------------------------------
2026-10-03 19:34:19   *** Warning ***

2026-10-03 19:34:19   48 mesh edges are represented in staircase mode and have been filled with PEC.
                      64 mesh edges are partially filled with PEC.
                       More...

                      ------------------------------------------------------------------------------
2026-10-03 19:34:19   Boundary conditions: 

                        YZsymmetry: none
                        XZsymmetry: none
                        XYsymmetry: none

                        Xmin: expanded open, 4 Layer, depth 35.7428 mm
                        Xmax: expanded open, 4 Layer, depth 35.7428 mm

                        Ymin: expanded open, 4 Layer, depth 35.7428 mm
                        Ymax: expanded open, 4 Layer, depth 35.7428 mm

                        Zmin: expanded open, 4 Layer, depth 42.1313 mm
                        Zmax: expanded open, 4 Layer, depth 34.0784 mm

                        PML-Type: Convolution PML

                      ------------------------------------------------------------------------------
2026-10-03 19:34:19   Frequency settings: 

                        Fmin:         2
                        Fmax:         2.3
                        Nfsteps:      1001

                      ------------------------------------------------------------------------------
2026-10-03 19:34:19   Field update statistics:

                        Number of components in total: 	359988
                        Number of TST and special elements:	1652

                      Subcycling state:      			Automatically deactivated

                      ------------------------------------------------------------------------------
2026-10-03 19:34:19   Ports: 1 ... 4

                        Discrete element, reference impedance = 50 Ohm

                      ------------------------------------------------------------------------------
2026-10-03 19:34:29   
                      --------------------------------------------------------------------------------
2026-10-03 19:34:29   Steady state energy criterion met, solver finished successfully.

                      ------------------------------------------------------------------------------
2026-10-03 19:34:29   Frequency domain results normalized to default signal.


                      ------------------------------------------------------------------------------
2026-10-03 19:34:29   
                        ----------------------------------------------------------------------------
                                            Peak memory used (GB)         Free physical memory (GB) 
                                                                          At begin     Minimum      
                        ----------------------------------------------------------------------------
                        CAD preparation     0.017                         19.171       19.171       
                        Matrices calc.      0.299                         19.167       18.875       
                        Solver run total    0.081                         19.103       19.103       
                        ----------------------------------------------------------------------------

                      --------------------------------------------------------------------------------
                      Solver Statistics:

                        Hardware:
                           Computer name:                 	JDM 

                           Number of CPU threads:               8
                           Hardware info:                  	Hardware Accelerator Device not activated

                        Number of mesh cells:             	57600
                        Excitation duration:              	2.36969917e+001 ns 
                        Calculation time for excitation:  	0 	s
                        Number of calculated pulse widths:	1.28933 
                        Steady state accuracy limit:      	-40	dB 
                        Simulated number of time steps:   	28907 
                        Maximum number of time steps:     	448388 
                        Time step width:
                           without subcycles:             	1.056984726e-003 ns
                           used:                          	1.056984726e-003 ns

                        Reloading matrices:               	0 	s
                        Solver setup time:                	1 	s
                        Solver loop time:                 	8 	s
                        Solver post-processing time:      	0 	s
                                                          	------------
                        Total solver time:                	9 	s

                      ------------------------------------------------------------------------------
2026-10-03 19:34:29   ======================================================================
                       Solver cycle: 4
                      ======================================================================

                      Stimulation at discrete port 4 



                      ------------------------------------------------------------------------------
2026-10-03 19:34:29   Units settings: 

                        Dimensions: mm
                        Frequency:  GHz
                        Time:       ns

                      ------------------------------------------------------------------------------
2026-10-03 19:34:29   The dispersive material update will be performed using the "Standard" update schema

                      ------------------------------------------------------------------------------
2026-10-03 19:34:29   The following discrete edge ports are connected to metal material:
                      	1, 2, 3, 4

                      ------------------------------------------------------------------------------
2026-10-03 19:34:29   *** Warning ***

2026-10-03 19:34:29   48 mesh edges are represented in staircase mode and have been filled with PEC.
                      64 mesh edges are partially filled with PEC.
                       More...

                      ------------------------------------------------------------------------------
2026-10-03 19:34:30   Boundary conditions: 

                        YZsymmetry: none
                        XZsymmetry: none
                        XYsymmetry: none

                        Xmin: expanded open, 4 Layer, depth 35.7428 mm
                        Xmax: expanded open, 4 Layer, depth 35.7428 mm

                        Ymin: expanded open, 4 Layer, depth 35.7428 mm
                        Ymax: expanded open, 4 Layer, depth 35.7428 mm

                        Zmin: expanded open, 4 Layer, depth 42.1313 mm
                        Zmax: expanded open, 4 Layer, depth 34.0784 mm

                        PML-Type: Convolution PML

                      ------------------------------------------------------------------------------
2026-10-03 19:34:30   Frequency settings: 

                        Fmin:         2
                        Fmax:         2.3
                        Nfsteps:      1001

                      ------------------------------------------------------------------------------
2026-10-03 19:34:30   Field update statistics:

                        Number of components in total: 	359988
                        Number of TST and special elements:	1652

                      Subcycling state:      			Automatically deactivated

                      ------------------------------------------------------------------------------
2026-10-03 19:34:30   Ports: 1 ... 4

                        Discrete element, reference impedance = 50 Ohm

                      ------------------------------------------------------------------------------
2026-10-03 19:34:40   
                      --------------------------------------------------------------------------------
2026-10-03 19:34:40   Steady state energy criterion met, solver finished successfully.

                      ------------------------------------------------------------------------------
2026-10-03 19:34:40   Frequency domain results normalized to default signal.


                      ------------------------------------------------------------------------------
2026-10-03 19:34:40   
                        ----------------------------------------------------------------------------
                                            Peak memory used (GB)         Free physical memory (GB) 
                                                                          At begin     Minimum      
                        ----------------------------------------------------------------------------
                        CAD preparation     0.017                         19.171       19.171       
                        Matrices calc.      0.299                         19.167       18.875       
                        Solver run total    0.082                         19.110       19.106       
                        ----------------------------------------------------------------------------

                      --------------------------------------------------------------------------------
                      Solver Statistics:

                        Hardware:
                           Computer name:                 	JDM 

                           Number of CPU threads:               8
                           Hardware info:                  	Hardware Accelerator Device not activated

                        Number of mesh cells:             	57600
                        Excitation duration:              	2.36969917e+001 ns 
                        Calculation time for excitation:  	0 	s
                        Number of calculated pulse widths:	1.30155 
                        Steady state accuracy limit:      	-40	dB 
                        Simulated number of time steps:   	29181 
                        Maximum number of time steps:     	448388 
                        Time step width:
                           without subcycles:             	1.056984726e-003 ns
                           used:                          	1.056984726e-003 ns

                        Reloading matrices:               	0 	s
                        Solver setup time:                	1 	s
                        Solver loop time:                 	8 	s
                        Solver post-processing time:      	0 	s
                                                          	------------
                        Total solver time:                	9 	s

                      ------------------------------------------------------------------------------
2026-10-03 19:34:40   
                        Total solver time (all cycles):      	84     	s  ( = 0 h, 1 m, 24 s )
                        Solver initialization and clean-up:  	6      	s
                                                             	------------
                        Total simulation time:               	90     	s  ( = 0 h, 1 m, 30 s )

                      ------------------------------------------------------------------------------
2026-10-03 19:34:40   Time Domain: S-ParameterSolver finished at: 2026-10-03 19:34:40 +0900



                      ------------------------------------------------------------------------------
2026-10-03 19:34:42   Creating parametric 1D results for Run ID 1

                      ------------------------------------------------------------------------------
