2026-10-03 22:14:18   The following farfield monitor(s) have been adjusted to model box [-12.9152,
                      12.9152, -12.9152, 12.9152, -1.57594, 4.40317]:
                        farfield (f=10.3), farfield (f=10.4), farfield (f=10.5).
                      For further information please check the page "Special Solver Parameters -
                      Solver" in the Online Help.

                      ------------------------------------------------------------------------------
2026-10-03 22:14:18   According to the selected features the <Time Domain Solver (HEX)> will be
                      started.

                      ------------------------------------------------------------------------------
2026-10-03 22:14:19   
                      Solver started at: 2026-10-03 22:14:19 +0900

                        Module:  Time Domain: S-Parameter (Win 64)
                        Version: 2026.4 Release from 2026-04-14 (change 1669599)

2026-10-03 22:14:19   

                      ------------------------------------------------------------------------------
2026-10-03 22:14:19   

                      ------------------------------------------------------------------------------
2026-10-03 22:14:19   ======================================================================
                      Solver uses float precision.
                      ======================================================================



                      ------------------------------------------------------------------------------
2026-10-03 22:14:19   ======================================================================
                       Solver cycle: 1
                      ======================================================================

                      Stimulation at discrete port 1 



                      ------------------------------------------------------------------------------
2026-10-03 22:14:19   Units settings: 

                        Dimensions: mm
                        Frequency:  GHz
                        Time:       ns

                      ------------------------------------------------------------------------------
2026-10-03 22:14:19   The dispersive material update [Automatic] will be performed using the "Standard" update schema

                      ------------------------------------------------------------------------------
2026-10-03 22:14:26   The following discrete edge ports are connected to metal material:
                      	1, 2, 3, 4

                      ------------------------------------------------------------------------------
2026-10-03 22:14:26   Mesh statistics:

                         Hexahedral mesh type: Perfect Boundary Approximation (PBA)
                            Version: default

                         Parallelization type: domain decomposition
                            Number of parallel working threads: 1
                            Number of calculation domains used: 1

                         Used point accuracy enhancement value: 75.00%.
                         Acceleration mode: CPU
                         PBA fill limit: 99.00% (inverse)

2026-10-03 22:14:26   Boundary conditions: 

                        YZsymmetry: none
                        XZsymmetry: none
                        XYsymmetry: none

                        Xmin: expanded open, 4 Layer, depth 8.02388 mm
                        Xmax: expanded open, 4 Layer, depth 8.02388 mm

                        Ymin: expanded open, 4 Layer, depth 8.02388 mm
                        Ymax: expanded open, 4 Layer, depth 8.02388 mm

                        Zmin: expanded open, 4 Layer, depth 9.13945 mm
                        Zmax: expanded open, 4 Layer, depth 7.73119 mm

                        PML-Type: Convolution PML

                      ------------------------------------------------------------------------------
2026-10-03 22:14:26   Frequency settings: 

                        Fmin:         10.2
                        Fmax:         10.6
                        Nfsteps:      1001

                      ------------------------------------------------------------------------------
2026-10-03 22:14:27   Field update statistics:

                        Number of components in total: 	208093
                        Number of TST and special elements:	440

                      Subcycling state:      			Automatically deactivated

                      ------------------------------------------------------------------------------
2026-10-03 22:14:27   Ports: 1 ... 4

                        Discrete element, reference impedance = 50 Ohm

                      ------------------------------------------------------------------------------
2026-10-03 22:14:38   
                      --------------------------------------------------------------------------------
2026-10-03 22:14:38   Steady state energy criterion met, solver finished successfully.

                      ------------------------------------------------------------------------------
2026-10-03 22:14:38   Frequency domain results normalized to default signal.


                      ------------------------------------------------------------------------------
2026-10-03 22:14:38   
                        ----------------------------------------------------------------------------
                                            Peak memory used (GB)         Free physical memory (GB) 
                                                                          At begin     Minimum      
                        ----------------------------------------------------------------------------
                        CAD preparation     0.017                         18.245       18.245       
                        Matrices calc.      0.062                         18.233       18.173       
                        Solver run total    0.075                         18.266       18.193       
                        ----------------------------------------------------------------------------

                      --------------------------------------------------------------------------------
                      Solver Statistics:

                        Hardware:
                           Computer name:                 	JDM 

                           Number of CPU threads:               8
                           Hardware info:                  	Hardware Accelerator Device not activated

                        Number of mesh cells:             	32912
                        Excitation duration:              	1.77727437e+001 ns 
                        Calculation time for excitation:  	10 	s
                        Number of calculated pulse widths:	1.00114 
                        Steady state accuracy limit:      	-40	dB 
                        Simulated number of time steps:   	41884 
                        Maximum number of time steps:     	836704 
                        Time step width:
                           without subcycles:             	4.248272043e-004 ns
                           used:                          	4.248272043e-004 ns

                        CAD preparation time:             	0      	s
                        Matrix calculation time:          	6 	s
                        Solver setup time:                	1 	s
                        Solver loop time:                 	10 	s
                        Solver post-processing time:      	0 	s
                                                          	------------
                        Total solver time:                	17 	s

                      ------------------------------------------------------------------------------
2026-10-03 22:14:38   ======================================================================
                       Solver cycle: 2
                      ======================================================================

                      Stimulation at discrete port 2 



                      ------------------------------------------------------------------------------
2026-10-03 22:14:38   Units settings: 

                        Dimensions: mm
                        Frequency:  GHz
                        Time:       ns

                      ------------------------------------------------------------------------------
2026-10-03 22:14:38   The dispersive material update will be performed using the "Standard" update schema

                      ------------------------------------------------------------------------------
2026-10-03 22:14:38   The following discrete edge ports are connected to metal material:
                      	1, 2, 3, 4

                      ------------------------------------------------------------------------------
2026-10-03 22:14:39   Boundary conditions: 

                        YZsymmetry: none
                        XZsymmetry: none
                        XYsymmetry: none

                        Xmin: expanded open, 4 Layer, depth 8.02388 mm
                        Xmax: expanded open, 4 Layer, depth 8.02388 mm

                        Ymin: expanded open, 4 Layer, depth 8.02388 mm
                        Ymax: expanded open, 4 Layer, depth 8.02388 mm

                        Zmin: expanded open, 4 Layer, depth 9.13945 mm
                        Zmax: expanded open, 4 Layer, depth 7.73119 mm

                        PML-Type: Convolution PML

                      ------------------------------------------------------------------------------
2026-10-03 22:14:39   Frequency settings: 

                        Fmin:         10.2
                        Fmax:         10.6
                        Nfsteps:      1001

                      ------------------------------------------------------------------------------
2026-10-03 22:14:39   Field update statistics:

                        Number of components in total: 	208093
                        Number of TST and special elements:	440

                      Subcycling state:      			Automatically deactivated

                      ------------------------------------------------------------------------------
2026-10-03 22:14:39   Ports: 1 ... 4

                        Discrete element, reference impedance = 50 Ohm

                      ------------------------------------------------------------------------------
2026-10-03 22:14:50   
                      --------------------------------------------------------------------------------
2026-10-03 22:14:50   Steady state energy criterion met, solver finished successfully.

                      ------------------------------------------------------------------------------
2026-10-03 22:14:50   Frequency domain results normalized to default signal.


                      ------------------------------------------------------------------------------
2026-10-03 22:14:50   
                        ----------------------------------------------------------------------------
                                            Peak memory used (GB)         Free physical memory (GB) 
                                                                          At begin     Minimum      
                        ----------------------------------------------------------------------------
                        CAD preparation     0.017                         18.245       18.245       
                        Matrices calc.      0.062                         18.233       18.173       
                        Solver run total    0.077                         18.261       18.254       
                        ----------------------------------------------------------------------------

                      --------------------------------------------------------------------------------
                      Solver Statistics:

                        Hardware:
                           Computer name:                 	JDM 

                           Number of CPU threads:               8
                           Hardware info:                  	Hardware Accelerator Device not activated

                        Number of mesh cells:             	32912
                        Excitation duration:              	1.77727437e+001 ns 
                        Calculation time for excitation:  	11 	s
                        Number of calculated pulse widths:	1.00114 
                        Steady state accuracy limit:      	-40	dB 
                        Simulated number of time steps:   	41884 
                        Maximum number of time steps:     	836704 
                        Time step width:
                           without subcycles:             	4.248272043e-004 ns
                           used:                          	4.248272043e-004 ns

                        Reloading matrices:               	0 	s
                        Solver setup time:                	0 	s
                        Solver loop time:                 	10 	s
                        Solver post-processing time:      	0 	s
                                                          	------------
                        Total solver time:                	10 	s

                      ------------------------------------------------------------------------------
2026-10-03 22:14:51   ======================================================================
                       Solver cycle: 3
                      ======================================================================

                      Stimulation at discrete port 3 



                      ------------------------------------------------------------------------------
2026-10-03 22:14:51   Units settings: 

                        Dimensions: mm
                        Frequency:  GHz
                        Time:       ns

                      ------------------------------------------------------------------------------
2026-10-03 22:14:51   The dispersive material update will be performed using the "Standard" update schema

                      ------------------------------------------------------------------------------
2026-10-03 22:14:51   The following discrete edge ports are connected to metal material:
                      	1, 2, 3, 4

                      ------------------------------------------------------------------------------
2026-10-03 22:14:51   Boundary conditions: 

                        YZsymmetry: none
                        XZsymmetry: none
                        XYsymmetry: none

                        Xmin: expanded open, 4 Layer, depth 8.02388 mm
                        Xmax: expanded open, 4 Layer, depth 8.02388 mm

                        Ymin: expanded open, 4 Layer, depth 8.02388 mm
                        Ymax: expanded open, 4 Layer, depth 8.02388 mm

                        Zmin: expanded open, 4 Layer, depth 9.13945 mm
                        Zmax: expanded open, 4 Layer, depth 7.73119 mm

                        PML-Type: Convolution PML

                      ------------------------------------------------------------------------------
2026-10-03 22:14:51   Frequency settings: 

                        Fmin:         10.2
                        Fmax:         10.6
                        Nfsteps:      1001

                      ------------------------------------------------------------------------------
2026-10-03 22:14:51   Field update statistics:

                        Number of components in total: 	208093
                        Number of TST and special elements:	440

                      Subcycling state:      			Automatically deactivated

                      ------------------------------------------------------------------------------
2026-10-03 22:14:51   Ports: 1 ... 4

                        Discrete element, reference impedance = 50 Ohm

                      ------------------------------------------------------------------------------
2026-10-03 22:15:03   
                      --------------------------------------------------------------------------------
2026-10-03 22:15:03   Steady state energy criterion met, solver finished successfully.

                      ------------------------------------------------------------------------------
2026-10-03 22:15:03   Frequency domain results normalized to default signal.


                      ------------------------------------------------------------------------------
2026-10-03 22:15:03   
                        ----------------------------------------------------------------------------
                                            Peak memory used (GB)         Free physical memory (GB) 
                                                                          At begin     Minimum      
                        ----------------------------------------------------------------------------
                        CAD preparation     0.017                         18.245       18.245       
                        Matrices calc.      0.062                         18.233       18.173       
                        Solver run total    0.078                         18.256       18.254       
                        ----------------------------------------------------------------------------

                      --------------------------------------------------------------------------------
                      Solver Statistics:

                        Hardware:
                           Computer name:                 	JDM 

                           Number of CPU threads:               8
                           Hardware info:                  	Hardware Accelerator Device not activated

                        Number of mesh cells:             	32912
                        Excitation duration:              	1.77727437e+001 ns 
                        Calculation time for excitation:  	10 	s
                        Number of calculated pulse widths:	1.00114 
                        Steady state accuracy limit:      	-40	dB 
                        Simulated number of time steps:   	41884 
                        Maximum number of time steps:     	836704 
                        Time step width:
                           without subcycles:             	4.248272043e-004 ns
                           used:                          	4.248272043e-004 ns

                        Reloading matrices:               	0 	s
                        Solver setup time:                	1 	s
                        Solver loop time:                 	10 	s
                        Solver post-processing time:      	0 	s
                                                          	------------
                        Total solver time:                	11 	s

                      ------------------------------------------------------------------------------
2026-10-03 22:15:03   ======================================================================
                       Solver cycle: 4
                      ======================================================================

                      Stimulation at discrete port 4 



                      ------------------------------------------------------------------------------
2026-10-03 22:15:03   Units settings: 

                        Dimensions: mm
                        Frequency:  GHz
                        Time:       ns

                      ------------------------------------------------------------------------------
2026-10-03 22:15:03   The dispersive material update will be performed using the "Standard" update schema

                      ------------------------------------------------------------------------------
2026-10-03 22:15:03   The following discrete edge ports are connected to metal material:
                      	1, 2, 3, 4

                      ------------------------------------------------------------------------------
2026-10-03 22:15:03   Boundary conditions: 

                        YZsymmetry: none
                        XZsymmetry: none
                        XYsymmetry: none

                        Xmin: expanded open, 4 Layer, depth 8.02388 mm
                        Xmax: expanded open, 4 Layer, depth 8.02388 mm

                        Ymin: expanded open, 4 Layer, depth 8.02388 mm
                        Ymax: expanded open, 4 Layer, depth 8.02388 mm

                        Zmin: expanded open, 4 Layer, depth 9.13945 mm
                        Zmax: expanded open, 4 Layer, depth 7.73119 mm

                        PML-Type: Convolution PML

                      ------------------------------------------------------------------------------
2026-10-03 22:15:03   Frequency settings: 

                        Fmin:         10.2
                        Fmax:         10.6
                        Nfsteps:      1001

                      ------------------------------------------------------------------------------
2026-10-03 22:15:03   Field update statistics:

                        Number of components in total: 	208093
                        Number of TST and special elements:	440

                      Subcycling state:      			Automatically deactivated

                      ------------------------------------------------------------------------------
2026-10-03 22:15:03   Ports: 1 ... 4

                        Discrete element, reference impedance = 50 Ohm

                      ------------------------------------------------------------------------------
2026-10-03 22:15:15   
                      --------------------------------------------------------------------------------
2026-10-03 22:15:15   Steady state energy criterion met, solver finished successfully.

                      ------------------------------------------------------------------------------
2026-10-03 22:15:15   Frequency domain results normalized to default signal.


                      ------------------------------------------------------------------------------
2026-10-03 22:15:15   
                        ----------------------------------------------------------------------------
                                            Peak memory used (GB)         Free physical memory (GB) 
                                                                          At begin     Minimum      
                        ----------------------------------------------------------------------------
                        CAD preparation     0.017                         18.245       18.245       
                        Matrices calc.      0.062                         18.233       18.173       
                        Solver run total    0.078                         18.256       18.256       
                        ----------------------------------------------------------------------------

                      --------------------------------------------------------------------------------
                      Solver Statistics:

                        Hardware:
                           Computer name:                 	JDM 

                           Number of CPU threads:               8
                           Hardware info:                  	Hardware Accelerator Device not activated

                        Number of mesh cells:             	32912
                        Excitation duration:              	1.77727437e+001 ns 
                        Calculation time for excitation:  	10 	s
                        Number of calculated pulse widths:	1.00114 
                        Steady state accuracy limit:      	-40	dB 
                        Simulated number of time steps:   	41884 
                        Maximum number of time steps:     	836704 
                        Time step width:
                           without subcycles:             	4.248272043e-004 ns
                           used:                          	4.248272043e-004 ns

                        Reloading matrices:               	0 	s
                        Solver setup time:                	1 	s
                        Solver loop time:                 	10 	s
                        Solver post-processing time:      	0 	s
                                                          	------------
                        Total solver time:                	11 	s

                      ------------------------------------------------------------------------------
2026-10-03 22:15:15   
                        Total solver time (all cycles):      	49     	s
                        Solver initialization and clean-up:  	7      	s
                                                             	------------
                        Total simulation time:               	56     	s

                      ------------------------------------------------------------------------------
2026-10-03 22:15:15   Time Domain: S-ParameterSolver finished at: 2026-10-03 22:15:15 +0900



                      ------------------------------------------------------------------------------
2026-10-03 22:15:17   Creating parametric 1D results for Run ID 1

                      ------------------------------------------------------------------------------
