2026-10-03 21:12:16   The following farfield monitor(s) have been adjusted to model box [-110.905,
                      110.905, -110.905, 110.905, -18.0899, 55.9655]:
                        farfield (f=1.164), farfield (f=1.17645), farfield (f=1.189), farfield
                      (f=1.207), farfield (f=1.563), farfield (f=1.57542), farfield (f=1.588).
                      For further information please check the page "Special Solver Parameters -
                      Solver" in the Online Help.

                      ------------------------------------------------------------------------------
2026-10-03 21:12:16   According to the selected features the <Time Domain Solver (HEX)> will be
                      started.

                      ------------------------------------------------------------------------------
2026-10-03 21:12:16   
                      Solver started at: 2026-10-03 21:12:16 +0900

                        Module:  Time Domain: S-Parameter (Win 64)
                        Version: 2026.4 Release from 2026-04-14 (change 1669599)

2026-10-03 21:12:16   

                      ------------------------------------------------------------------------------
2026-10-03 21:12:16   

                      ------------------------------------------------------------------------------
2026-10-03 21:12:16   ======================================================================
                      Solver uses float precision.
                      ======================================================================



                      ------------------------------------------------------------------------------
2026-10-03 21:12:16   ======================================================================
                       Solver cycle: 1
                      ======================================================================

                      Stimulation at discrete port 1 



                      ------------------------------------------------------------------------------
2026-10-03 21:12:16   Units settings: 

                        Dimensions: mm
                        Frequency:  GHz
                        Time:       ns

                      ------------------------------------------------------------------------------
2026-10-03 21:12:16   The dispersive material update [Automatic] will be performed using the "Standard" update schema

                      ------------------------------------------------------------------------------
2026-10-03 21:12:28   The following discrete edge ports are connected to metal material:
                      	1, 2, 3, 4

                      ------------------------------------------------------------------------------
2026-10-03 21:12:29   Mesh statistics:

                         Hexahedral mesh type: Perfect Boundary Approximation (PBA)
                            Version: default

                         Parallelization type: domain decomposition
                            Number of parallel working threads: 2
                            Number of calculation domains used: 2

                         Used point accuracy enhancement value: 75.00%.
                         Acceleration mode: CPU
                         PBA fill limit: 99.00% (inverse)

2026-10-03 21:12:29   Boundary conditions: 

                        YZsymmetry: none
                        XZsymmetry: none
                        XYsymmetry: none

                        Xmin: expanded open, 4 Layer, depth 72.5192 mm
                        Xmax: expanded open, 4 Layer, depth 72.5192 mm

                        Ymin: expanded open, 4 Layer, depth 72.5192 mm
                        Ymax: expanded open, 4 Layer, depth 72.5192 mm

                        Zmin: expanded open, 4 Layer, depth 75.9889 mm
                        Zmax: expanded open, 4 Layer, depth 72.3915 mm

                        PML-Type: Convolution PML

                      ------------------------------------------------------------------------------
2026-10-03 21:12:29   Frequency settings: 

                        Fmin:         1.164
                        Fmax:         1.588
                        Nfsteps:      1001

                      ------------------------------------------------------------------------------
2026-10-03 21:12:29   Field update statistics:

                        Number of components in total: 	355856
                        Number of TST and special elements:	20080

                      Subcycling state:      			Automatically deactivated

                      ------------------------------------------------------------------------------
2026-10-03 21:12:29   Ports: 1 ... 4

                        Discrete element, reference impedance = 50 Ohm

                      ------------------------------------------------------------------------------
2026-10-03 21:13:01   
                      --------------------------------------------------------------------------------
2026-10-03 21:13:01   Steady state energy criterion met, solver finished successfully.

                      ------------------------------------------------------------------------------
2026-10-03 21:13:01   Frequency domain results normalized to default signal.


                      ------------------------------------------------------------------------------
2026-10-03 21:13:01   
                        ----------------------------------------------------------------------------
                                            Peak memory used (GB)         Free physical memory (GB) 
                                                                          At begin     Minimum      
                        ----------------------------------------------------------------------------
                        CAD preparation     0.017                         14.486       14.486       
                        Matrices calc.      0.211                         14.416       14.255       
                        Solver run total    0.094                         14.513       14.260       
                        ----------------------------------------------------------------------------

                      --------------------------------------------------------------------------------
                      Solver Statistics:

                        Hardware:
                           Computer name:                 	JDM 

                           Number of CPU threads:               8
                           Hardware info:                  	Hardware Accelerator Device not activated

                        Number of mesh cells:             	55296
                        Excitation duration:              	1.67667394e+001 ns 
                        Calculation time for excitation:  	0 	s
                        Number of calculated pulse widths:	9.37308 
                        Steady state accuracy limit:      	-40	dB 
                        Simulated number of time steps:   	89488 
                        Maximum number of time steps:     	190944 
                        Time step width:
                           without subcycles:             	1.756187679e-003 ns
                           used:                          	1.756187679e-003 ns

                        CAD preparation time:             	0      	s
                        Matrix calculation time:          	12 	s
                        Solver setup time:                	1 	s
                        Solver loop time:                 	29 	s
                        Solver post-processing time:      	1 	s
                                                          	------------
                        Total solver time:                	43 	s

                      ------------------------------------------------------------------------------
2026-10-03 21:13:01   ======================================================================
                       Solver cycle: 2
                      ======================================================================

                      Stimulation at discrete port 2 



                      ------------------------------------------------------------------------------
2026-10-03 21:13:01   Units settings: 

                        Dimensions: mm
                        Frequency:  GHz
                        Time:       ns

                      ------------------------------------------------------------------------------
2026-10-03 21:13:01   The dispersive material update will be performed using the "Standard" update schema

                      ------------------------------------------------------------------------------
2026-10-03 21:13:01   The following discrete edge ports are connected to metal material:
                      	1, 2, 3, 4

                      ------------------------------------------------------------------------------
2026-10-03 21:13:01   Boundary conditions: 

                        YZsymmetry: none
                        XZsymmetry: none
                        XYsymmetry: none

                        Xmin: expanded open, 4 Layer, depth 72.5192 mm
                        Xmax: expanded open, 4 Layer, depth 72.5192 mm

                        Ymin: expanded open, 4 Layer, depth 72.5192 mm
                        Ymax: expanded open, 4 Layer, depth 72.5192 mm

                        Zmin: expanded open, 4 Layer, depth 75.9889 mm
                        Zmax: expanded open, 4 Layer, depth 72.3915 mm

                        PML-Type: Convolution PML

                      ------------------------------------------------------------------------------
2026-10-03 21:13:01   Frequency settings: 

                        Fmin:         1.164
                        Fmax:         1.588
                        Nfsteps:      1001

                      ------------------------------------------------------------------------------
2026-10-03 21:13:01   Field update statistics:

                        Number of components in total: 	355856
                        Number of TST and special elements:	20080

                      Subcycling state:      			Automatically deactivated

                      ------------------------------------------------------------------------------
2026-10-03 21:13:01   Ports: 1 ... 4

                        Discrete element, reference impedance = 50 Ohm

                      ------------------------------------------------------------------------------
2026-10-03 21:13:33   
                      --------------------------------------------------------------------------------
2026-10-03 21:13:33   Steady state energy criterion met, solver finished successfully.

                      ------------------------------------------------------------------------------
2026-10-03 21:13:33   Frequency domain results normalized to default signal.


                      ------------------------------------------------------------------------------
2026-10-03 21:13:33   
                        ----------------------------------------------------------------------------
                                            Peak memory used (GB)         Free physical memory (GB) 
                                                                          At begin     Minimum      
                        ----------------------------------------------------------------------------
                        CAD preparation     0.017                         14.486       14.486       
                        Matrices calc.      0.211                         14.416       14.255       
                        Solver run total    0.097                         14.447       14.447       
                        ----------------------------------------------------------------------------

                      --------------------------------------------------------------------------------
                      Solver Statistics:

                        Hardware:
                           Computer name:                 	JDM 

                           Number of CPU threads:               8
                           Hardware info:                  	Hardware Accelerator Device not activated

                        Number of mesh cells:             	55296
                        Excitation duration:              	1.67667394e+001 ns 
                        Calculation time for excitation:  	0 	s
                        Number of calculated pulse widths:	9.37308 
                        Steady state accuracy limit:      	-40	dB 
                        Simulated number of time steps:   	89488 
                        Maximum number of time steps:     	190944 
                        Time step width:
                           without subcycles:             	1.756187679e-003 ns
                           used:                          	1.756187679e-003 ns

                        Reloading matrices:               	0 	s
                        Solver setup time:                	1 	s
                        Solver loop time:                 	29 	s
                        Solver post-processing time:      	1 	s
                                                          	------------
                        Total solver time:                	31 	s

                      ------------------------------------------------------------------------------
2026-10-03 21:13:33   ======================================================================
                       Solver cycle: 3
                      ======================================================================

                      Stimulation at discrete port 3 



                      ------------------------------------------------------------------------------
2026-10-03 21:13:33   Units settings: 

                        Dimensions: mm
                        Frequency:  GHz
                        Time:       ns

                      ------------------------------------------------------------------------------
2026-10-03 21:13:33   The dispersive material update will be performed using the "Standard" update schema

                      ------------------------------------------------------------------------------
2026-10-03 21:13:33   The following discrete edge ports are connected to metal material:
                      	1, 2, 3, 4

                      ------------------------------------------------------------------------------
2026-10-03 21:13:33   Boundary conditions: 

                        YZsymmetry: none
                        XZsymmetry: none
                        XYsymmetry: none

                        Xmin: expanded open, 4 Layer, depth 72.5192 mm
                        Xmax: expanded open, 4 Layer, depth 72.5192 mm

                        Ymin: expanded open, 4 Layer, depth 72.5192 mm
                        Ymax: expanded open, 4 Layer, depth 72.5192 mm

                        Zmin: expanded open, 4 Layer, depth 75.9889 mm
                        Zmax: expanded open, 4 Layer, depth 72.3915 mm

                        PML-Type: Convolution PML

                      ------------------------------------------------------------------------------
2026-10-03 21:13:33   Frequency settings: 

                        Fmin:         1.164
                        Fmax:         1.588
                        Nfsteps:      1001

                      ------------------------------------------------------------------------------
2026-10-03 21:13:33   Field update statistics:

                        Number of components in total: 	355856
                        Number of TST and special elements:	20080

                      Subcycling state:      			Automatically deactivated

                      ------------------------------------------------------------------------------
2026-10-03 21:13:33   Ports: 1 ... 4

                        Discrete element, reference impedance = 50 Ohm

                      ------------------------------------------------------------------------------
2026-10-03 21:14:07   
                      --------------------------------------------------------------------------------
2026-10-03 21:14:07   Steady state energy criterion met, solver finished successfully.

                      ------------------------------------------------------------------------------
2026-10-03 21:14:07   Frequency domain results normalized to default signal.


                      ------------------------------------------------------------------------------
2026-10-03 21:14:07   
                        ----------------------------------------------------------------------------
                                            Peak memory used (GB)         Free physical memory (GB) 
                                                                          At begin     Minimum      
                        ----------------------------------------------------------------------------
                        CAD preparation     0.017                         14.486       14.486       
                        Matrices calc.      0.211                         14.416       14.255       
                        Solver run total    0.098                         14.453       14.453       
                        ----------------------------------------------------------------------------

                      --------------------------------------------------------------------------------
                      Solver Statistics:

                        Hardware:
                           Computer name:                 	JDM 

                           Number of CPU threads:               8
                           Hardware info:                  	Hardware Accelerator Device not activated

                        Number of mesh cells:             	55296
                        Excitation duration:              	1.67667394e+001 ns 
                        Calculation time for excitation:  	0 	s
                        Number of calculated pulse widths:	10.0711 
                        Steady state accuracy limit:      	-40	dB 
                        Simulated number of time steps:   	96152 
                        Maximum number of time steps:     	190944 
                        Time step width:
                           without subcycles:             	1.756187679e-003 ns
                           used:                          	1.756187679e-003 ns

                        Reloading matrices:               	0 	s
                        Solver setup time:                	1 	s
                        Solver loop time:                 	31 	s
                        Solver post-processing time:      	1 	s
                                                          	------------
                        Total solver time:                	33 	s

                      ------------------------------------------------------------------------------
2026-10-03 21:14:07   ======================================================================
                       Solver cycle: 4
                      ======================================================================

                      Stimulation at discrete port 4 



                      ------------------------------------------------------------------------------
2026-10-03 21:14:07   Units settings: 

                        Dimensions: mm
                        Frequency:  GHz
                        Time:       ns

                      ------------------------------------------------------------------------------
2026-10-03 21:14:07   The dispersive material update will be performed using the "Standard" update schema

                      ------------------------------------------------------------------------------
2026-10-03 21:14:07   The following discrete edge ports are connected to metal material:
                      	1, 2, 3, 4

                      ------------------------------------------------------------------------------
2026-10-03 21:14:08   Boundary conditions: 

                        YZsymmetry: none
                        XZsymmetry: none
                        XYsymmetry: none

                        Xmin: expanded open, 4 Layer, depth 72.5192 mm
                        Xmax: expanded open, 4 Layer, depth 72.5192 mm

                        Ymin: expanded open, 4 Layer, depth 72.5192 mm
                        Ymax: expanded open, 4 Layer, depth 72.5192 mm

                        Zmin: expanded open, 4 Layer, depth 75.9889 mm
                        Zmax: expanded open, 4 Layer, depth 72.3915 mm

                        PML-Type: Convolution PML

                      ------------------------------------------------------------------------------
2026-10-03 21:14:08   Frequency settings: 

                        Fmin:         1.164
                        Fmax:         1.588
                        Nfsteps:      1001

                      ------------------------------------------------------------------------------
2026-10-03 21:14:08   Field update statistics:

                        Number of components in total: 	355856
                        Number of TST and special elements:	20080

                      Subcycling state:      			Automatically deactivated

                      ------------------------------------------------------------------------------
2026-10-03 21:14:08   Ports: 1 ... 4

                        Discrete element, reference impedance = 50 Ohm

                      ------------------------------------------------------------------------------
2026-10-03 21:14:42   
                      --------------------------------------------------------------------------------
2026-10-03 21:14:42   Steady state energy criterion met, solver finished successfully.

                      ------------------------------------------------------------------------------
2026-10-03 21:14:42   Frequency domain results normalized to default signal.


                      ------------------------------------------------------------------------------
2026-10-03 21:14:42   
                        ----------------------------------------------------------------------------
                                            Peak memory used (GB)         Free physical memory (GB) 
                                                                          At begin     Minimum      
                        ----------------------------------------------------------------------------
                        CAD preparation     0.017                         14.486       14.486       
                        Matrices calc.      0.211                         14.416       14.255       
                        Solver run total    0.100                         14.468       14.468       
                        ----------------------------------------------------------------------------

                      --------------------------------------------------------------------------------
                      Solver Statistics:

                        Hardware:
                           Computer name:                 	JDM 

                           Number of CPU threads:               8
                           Hardware info:                  	Hardware Accelerator Device not activated

                        Number of mesh cells:             	55296
                        Excitation duration:              	1.67667394e+001 ns 
                        Calculation time for excitation:  	0 	s
                        Number of calculated pulse widths:	10.0711 
                        Steady state accuracy limit:      	-40	dB 
                        Simulated number of time steps:   	96152 
                        Maximum number of time steps:     	190944 
                        Time step width:
                           without subcycles:             	1.756187679e-003 ns
                           used:                          	1.756187679e-003 ns

                        Reloading matrices:               	0 	s
                        Solver setup time:                	1 	s
                        Solver loop time:                 	31 	s
                        Solver post-processing time:      	1 	s
                                                          	------------
                        Total solver time:                	33 	s

                      ------------------------------------------------------------------------------
2026-10-03 21:14:42   
                        Total solver time (all cycles):      	140    	s  ( = 0 h, 2 m, 20 s )
                        Solver initialization and clean-up:  	5      	s
                                                             	------------
                        Total simulation time:               	145    	s  ( = 0 h, 2 m, 25 s )

                      ------------------------------------------------------------------------------
2026-10-03 21:14:42   Time Domain: S-ParameterSolver finished at: 2026-10-03 21:14:42 +0900



                      ------------------------------------------------------------------------------
