>>>>>>>>>>>>>>>>>>>>>>>>>>>>>>>>
Sat Sat Oct  3 19:31:38 2026
started: parallelization control
>>>>>>>>>>>>>>>>>>>>>>>>>>>>>>>>

=================================================================================
 - hardware info
   + cpu name                    : AMD Ryzen 7 5700X 8-Core Processor
   + sockets                     : 1
   + cores per socket            : 8
   + hyperthreading              : on
   + ht-units                    : 2
   + max cpuid level             : 16
   + max cpuid ext. level        : 35
   + numa nodes                  : 1
   + Numa Memory Info
     numa node     installed     available    (MByte)
       0                 0         19875
   + internal cpu info           : CPUID: selected engine is 'Leaf 0xB detection'
apic ids           : 0, 1, 2, 3, 4, 5, 6, 7, 8, 9, 10, 11, 12, 13, 14, 15
apic ids (fallback): 0, 1, 2, 3, 4, 5, 6, 7, 8, 9, 10, 11, 12, 13, 14, 15
from cpu registers: 0, 1, 2, 3, 4, 5, 6, 7, 8, 9, 10, 11, 12, 13, 14, 15
fallback: 0, 1, 2, 3, 4, 5, 6, 7, 8, 9, 10, 11, 12, 13, 14, 15
combined: 0, 1, 2, 3, 4, 5, 6, 7, 8, 9, 10, 11, 12, 13, 14, 15
max id per cpu: 16
SMT mask: 1
Core mask: e
Package mask: fffffff0
set results:
  - packages: 1
  - cores: 8
  - smts: 2
generate core map, new implementation
0, 1, 2, 3, 4, 5, 6, 7, 8, 9, 10, 11, 12, 13, 14, 15
packages: 1
cores   : 8
ht units: 2
 - sockets ids in use            : 0
 - pinning rule in use   : PINNING_RULE_MCALC_SKIP_ALL
 - desired group         : 0
 - num cores available   : 16
 - active core list from affinity: 
   + num accessible procs          : 16
   + num logical procs             : 16
   + affinity (main thread)        : 1111111111111111
   + socket ids                    : 0
   + potential log. cores          : 0,2,4,6,8,10,12,14
   + affinity                      : 1010101010101010
   + core list                  (2): 0,2,4,6,8,10,12,14
   + get list of cores again allowing for HT
   + potential log. cores          : 0,1,2,3,4,5,6,7,8,9,10,11,12,13,14,15
   + affinity                      : 1010101010101010
   + core list                  (2): 0,1,2,3,4,5,6,7,8,9,10,11,12,13,14,15
   + set/export affinity           : 0,1,2,3,4,5,6,7,8,9,10,11,12,13,14,15
 - active cores          : 0,2,4,6,8,10,12,14
 - hyperthreading        : on
 - allowed core ids      : 0,2,4,6,8,10,12,14
 - allowed core ids (aff): 10101010 10101010 
 - used mask (string)    : 10101010 10101010 
=================================================================================

===========================================================================================================================================================
Version: 2026.4 Release from 2026-04-14 (change 1669599) [Release]
Workflow: QQ-Facets
Operation: [acis, fpba, bg]
Architecture: Windows, ID: AMD64
System Windows-64bit
Using processor group 0/1
Matrix calculation information:
# of Nodes: 0
Concurrency: 0
Start ID: 0
Node ID: 0
HEX Mesh information:
Hex mesh: world: [hxr 0.0.0_43.43.40 [sm(43|43|40)] { (-0.0673596 | -0.0673596 | -0.0668596) -> (0.0673596 | 0.0673596 | 0.0868596) } np (no TSTs): 73960] 
===========================================================================================================================================================

>>>>>>>>>>>>>>>>>>>>>>>>>>>>>
Sat Sat Oct  3 19:31:38 2026
started: processing CAD model
>>>>>>>>>>>>>>>>>>>>>>>>>>>>>

========================================================================
Processing CAD model (for field results)
	[Improved internal geometry representation]
	[Accuracy improvement for long shapes in inhomogeneous mesh regions]
Version: 2026.4 Release from 2026-04-14 (change 1669599)
PBA version: default, 2.20260309 (diag 2)
Model compatibility: 2026.20260414
Sub-Workflow: Facets-QQ-GEX
Workflow updated: -
Sat Sat Oct  3 19:31:38 2026
========================================================================

========================================================================
The maximum supported number of mesh cells without MPI is: 2,147,483,647
========================================================================

Fatal ACIS body insanities detected - SID: 1 - body_name: RECONSTRUCTION:arm1 - insane_id: 50164 - msg: surface self-intersects
========================================================================
The maximum supported number of mesh cells without MPI is: 2,147,483,647
========================================================================

===========================================
Finished CAD processing (for field results)
===========================================

<<<<<<<<<<<<<<<<<<<<<<<<<<<<<<<<<<<<<<<<<<<<
Sat Sat Oct  3 19:31:39 2026
Resource usage for processing CAD model:
	Runtime                 00:00:00.00831 s
	Peak Memory Usage                48 MB
	--------------------------------------
<<<<<<<<<<<<<<<<<<<<<<<<<<<<<<<<<<<<<<<<<<<<

>>>>>>>>>>>>>>>>>>>>>>>>>>>>>
Sat Sat Oct  3 19:31:39 2026
started: processing CAD model
>>>>>>>>>>>>>>>>>>>>>>>>>>>>>

========================================================================
Processing CAD model
	[Improved internal geometry representation]
	[Accuracy improvement for long shapes in inhomogeneous mesh regions]
Version: 2026.4 Release from 2026-04-14 (change 1669599)
PBA version: default, 2.20260309 (diag 2)
Model compatibility: 2026.20260414
Sub-Workflow: Facets-QQ-GEX
Workflow updated: -
Sat Sat Oct  3 19:31:39 2026
========================================================================

----------------------------------------------
Used point accuracy enhancement value: 72.00%.
----------------------------------------------

=============================================================================
Mesh statistics:
-----------------------------------------------------------------------------
Minimum edge length (x): 1 @ mesh line 21 (x)
Maximum edge length (x): 10.2 @ mesh line 41 (x)
Minimum face area (x): 1 @ mesh lines 21 | 30 (y | z)
Maximum face area (x): 108 @ mesh lines 41 | 38 (y | z)
Minimum edge length (y): 1 @ mesh line 21 (y)
Maximum edge length (y): 10.2 @ mesh line 41 (y)
Minimum face area (y): 1 @ mesh lines 30 | 21 (z | x)
Maximum face area (y): 108 @ mesh lines 38 | 41 (z | x)
Minimum edge length (z): 1 @ mesh line 30 (z)
Maximum edge length (z): 10.7 @ mesh line 38 (z)
Minimum face area (z): 1 @ mesh lines 21 | 21 (x | y)
Maximum face area (z): 103 @ mesh lines 41 | 41 (x | y)
Maximum mesh face aspect ratio (x): 10.7 : 1.0  @ mesh lines 21 | 38 (y | z)
Maximum mesh face aspect ratio (y): 10.7 : 1.0  @ mesh lines 38 | 21 (z | x)
Maximum mesh face aspect ratio (z): 10.2 : 1.0  @ mesh lines 21 | 41 (x | y)
=============================================================================

=============================================================================
Available resources to store TST cells: 2147409687 (2903474.43% of mesh size)
=============================================================================

========================================================================
The maximum supported number of mesh cells without MPI is: 2,147,483,647
========================================================================

------------------------------------------------------------------------------------------------
Geometry processing log
	PEC background is represented by CAD geometry: false
	Background shape: added
	Number of CAD shapes: 12
	Number of lumps: 0
------------------------------------------------------------------------------------------------
===================================================================================
-----------------------------------------------------------------------------------
 
===================================================================================
== CST Matrix Calculation Priority Log ==
===================================================================================
Priorities are sorted in ascending order beginning with the lowest priority
Priority scheme based on: material properties [mcalc defaults]
All shapes have a 2D or 3D geometric representation
 
Group | Shape-ID | Shape-name                      | Material | Material-attributes
    1 |        1 | RECONSTRUCTION:arm1             | PEC      |                pec.
    1 |        2 | RECONSTRUCTION:arm1_termination | PEC      |                pec.
    1 |        3 | RECONSTRUCTION:arm2             | PEC      |                pec.
    1 |        4 | RECONSTRUCTION:arm2_termination | PEC      |                pec.
    1 |        5 | RECONSTRUCTION:arm3             | PEC      |                pec.
    1 |        6 | RECONSTRUCTION:arm3_termination | PEC      |                pec.
    1 |        7 | RECONSTRUCTION:arm4             | PEC      |                pec.
    1 |        8 | RECONSTRUCTION:arm4_termination | PEC      |                pec.
    1 |        9 | RECONSTRUCTION:base_center      | PEC      |                pec.
    1 |       10 | RECONSTRUCTION:base_floor       | PEC      |                pec.
    1 |       11 | RECONSTRUCTION:groove_wall_1    | PEC      |                pec.
    1 |       12 | RECONSTRUCTION:outer_wall       | PEC      |                pec.
===================================================================================
 
-----------------------------------------------------------------------------------
 
===================================================================================

************************************************************************************************
General settings
	PBA version: default, 2.20260309 (diag 2), potentials: not required
	Model compatibility: 2026.20260414
	Software version: 2026.4 Release from 2026-04-14 (change 1669599)
	TST specials: -
------------------------------------------------------------------------------------------------
Geometry processor: default
	Geo accuracy: 72.000000
	Watertightness check: true
	Self intersection check: false
	Inheritance (all): false
	Normal dominance (all): false
	Normal dominance (ports): false
	Flanges hollow: true
	One shape per flange: false
	Multi threading: false
		max # of threads used: 1
		requested max # of threads: 1
		representation: ppm
		method: single thread
		retry: no
------------------------------------------------------------------------------------------------
CAD processing settings are set to default
------------------------------------------------------------------------------------------------
Connectivity settings
	Workflow selection: 0
	Workflow version: 20180101
	Gap detection: true
	Gap detection version: 2
	TST version: default, 2.20260309 (diag 2), potentials: not required
	QQ workflow: true
	CoCo workflow: true
	Legacy topology: false
	Connectivity check: false
------------------------------------------------------------------------------------------------
------------------------------------------------------------------------------------------------
CAD Processing Version Info
	ACIS version installed:	35.0.0
	ACIS version used:	35.0.0
------------------------------------------------------------------------------------------------
Success method:	single-thread-21
************************************************************************************************

-------------------------------------------------------------------------------
TST aware field source monitor processing forced by environment variable: false
No TST aware field source monitors to be processed
-------------------------------------------------------------------------------

=======================
Finished CAD processing
=======================

<<<<<<<<<<<<<<<<<<<<<<<<<<<<<<<<<<<<<<<<<<<<
Sat Sat Oct  3 19:31:49 2026
Resource usage for processing CAD model:
	Runtime                 00:00:09.00975 s
	Peak Memory Usage               295 MB
	--------------------------------------
<<<<<<<<<<<<<<<<<<<<<<<<<<<<<<<<<<<<<<<<<<<<

------------------------------------------------------------
Parallelization Info
------------------------------------------------------------
Hyperthreading active: true
Hyperthreading used: false
Number of concurrent threads: 2
Number of concurrent threads using GPU: 0
Number of node domains: 2
Domains-to-threads scaling: 2
Average FI domain size: 2e+04
Nice mode: true
Delayed matrix calculation start: false
Load balancing: Version 20090403
Number of mesh fill domains: 4
Memory downscale: 1
Shared memory representation: none
CPU load: 25.00%
Emptiness: 0.00%
Hex mesh complexity: 0.06880
Geometric complexity: 5.51342
lower size limit of domain (1D): 60
------------------------------------------------------------
Node order
0, 1
------------------------------------------------------------

--------------------------------------------------------------------
Matrix calculation job submit section 0
Currently running jobs: 0
Waiting jobs: 2
Concurrency for section: 2/2
Memory physically installed: 34.3012 GB
Memory hidden from installed: 0 GB
Memory currently available: 20.8257 GB
Memory already used: 13.4756 GB
Memory reserved: 0 GB - Scale: 0.6
Running 2 number of jobs in parallel
Matrix calculation @ 1xN-Node 0000
	Mesh coverage: 3767400.00 %
	Estimated peak memory usage per node: 115 MB , tightness: 0.55 %
	GPU acceleration: off
	Processor group: 0
Matrix calculation @ 1xN-Node 0001
	Mesh coverage: 3276000.00 %
	Estimated peak memory usage per node: 107 MB , tightness: 0.51 %
	GPU acceleration: off
	Processor group: 0
Node distribution on 1 processor group: 2
--------------------------------------------------------------------

-----------------------------------
Mesh: # of points excl. TSTs: 73960
      # of points incl. TSTs: 75751
-----------------------------------

===========================================
Data rearrangement statistics:
Disk IO directories:	00:00:00.0006
Disk IO node domain files:	00:00:00.0040
Disk IO FI domain files:	00:00:00.0000
Disk IO meta information:	00:00:00.0015
Sequential merge (TST):	00:00:00.0000
===========================================

1xN000:  ===================================================================================
         [Boundaries] - MCalc
         open-add-space, open-add-space, open-add-space, mpi, open-add-space, open-add-space
         ===================================================================================

1xN000:  ========================================
         [Mesh] Matrix calculation - NO ACIS mode
         [Mesh] 1xN MPI or parallelization mode
         ========================================

1xN000:  =============================
         [Mesh] Expansion: 0 0 0 2 0 0
         =============================

1xN000:  ==================================================
         [Mesh] world: o(0000,0000,0000) e(0043,0043,0040)
         [Mesh] l-1xN: o(0000,0000,0000) e(0043,0024,0040)
         [Mesh] e-1xN: o(0000,0000,0000) e(0043,0026,0040)
         [Mesh] g-MPI: not available
         [Mesh] bound offset: (0 | 0 | 0), (2 | 0 | 0)
         ==================================================

1xN000:  =================================================================================
          - hardware info
            + cpu name                    : AMD Ryzen 7 5700X 8-Core Processor
            + sockets                     : 1
            + cores per socket            : 8
            + hyperthreading              : on
            + ht-units                    : 2
            + max cpuid level             : 16
            + max cpuid ext. level        : 35
            + numa nodes                  : 1
            + Numa Memory Info
              numa node     installed     available    (MByte)
                0                 0         19860
            + internal cpu info           : CPUID: selected engine is 'Leaf 0xB detection'
         apic ids           : 0, 1, 2, 3, 4, 5, 6, 7, 8, 9, 10, 11, 12, 13, 14, 15
         apic ids (fallback): 0, 1, 2, 3, 4, 5, 6, 7, 8, 9, 10, 11, 12, 13, 14, 15
         from cpu registers: 0, 1, 2, 3, 4, 5, 6, 7, 8, 9, 10, 11, 12, 13, 14, 15
         fallback: 0, 1, 2, 3, 4, 5, 6, 7, 8, 9, 10, 11, 12, 13, 14, 15
         combined: 0, 1, 2, 3, 4, 5, 6, 7, 8, 9, 10, 11, 12, 13, 14, 15
         max id per cpu: 16
         SMT mask: 1
         Core mask: e
         Package mask: fffffff0
         set results:
           - packages: 1
           - cores: 8
           - smts: 2
         generate core map, new implementation
         0, 1, 2, 3, 4, 5, 6, 7, 8, 9, 10, 11, 12, 13, 14, 15
         packages: 1
         cores   : 8
         ht units: 2
          - sockets ids in use            : 0
          - pinning rule in use   : PINNING_RULE_MCALC_SKIP_ALL
          - desired group         : 0
          - num cores available   : 16
          - active core list from affinity:
            + num accessible procs          : 16
            + num logical procs             : 16
            + affinity (main thread)        : 1111111111111111
            + socket ids                    : 0
            + potential log. cores          : 0,1,2,3,4,5,6,7,8,9,10,11,12,13,14,15
            + affinity                      : 1111111111111111
            + core list                  (2): 0,1,2,3,4,5,6,7,8,9,10,11,12,13,14,15
            + use the list now
            + set/export affinity           : 0,1,2,3,4,5,6,7,8,9,10,11,12,13,14,15
          - active cores          : 0,1,2,3,4,5,6,7,8,9,10,11,12,13,14,15
          - hyperthreading        : on
          - skip pinning: + allowed number of sockets = available number of sockets
                          + hyperthreading allowed by solver
         =================================================================================

1xN000:  ============================================================================================================================================================================
         Version: 2026.4 Release from 2026-04-14 (change 1669599) [Release]
         Workflow: PBA matrix coefficients
         Operation: [fpba, meshfill, bg, port-path, tst, tst-nextgen, coeff, surface-imp]
         Architecture: Windows, ID: AMD64
         System Windows-64bit
         Using processor group 0/1
         Matrix calculation information:
         # of Nodes: 2
         Concurrency: 2
         Start ID: 0
         Node ID: 0
         HEX Mesh information:
         Hex mesh: world: [hxr 0.0.0_43.43.40 [sm(43|43|40)] { (-0.0673596 | -0.0673596 | -0.0668596) -> (0.0673596 | 0.0673596 | 0.0868596) } np (no TSTs): 73960]
         Hex mesh: mcalc-node: [hxr 0.0.0_43.24.40 [sm(43|24|40)] { (-0.0673596 | -0.0673596 | -0.0668596) -> (0.0673596 | 0.00237207 | 0.0868596) } np (no TSTs): 41280]
         Hex mesh: mcalc-node (extended): [hxr 0.0.0_43.26.40 [sm(43|26|40)] { (-0.0673596 | -0.0673596 | -0.0668596) -> (0.0673596 | 0.00656807 | 0.0868596) } np (no TSTs): 44720]
         ============================================================================================================================================================================

1xN000:  -----------------------------------------------------
         Memory status on node "1xN000" for matrix calculation
         	Estimated memory consumption: 0.115291 GB
         	Physical memory installed: 34.3012 GB
         	Available physical memory: 20.8034 GB
         	Available relative memory: 60.6491 %
         -----------------------------------------------------

1xN000:  >>>>>>>>>>>>>>>>>>>>>>>>>>>>>>>>>>>>>>>>>>>>>>>>>
         Sat Sat Oct  3 19:31:49 2026
         started: calculating matrix coefficients per node
         >>>>>>>>>>>>>>>>>>>>>>>>>>>>>>>>>>>>>>>>>>>>>>>>>

1xN000:  ============================================================
         Matrix computation (PBA)
         	[Perfect Boundary Approximation (PBA), version: default]
         	[Matrixcalc GPU acceleration: off (by user)]
         Version: 2026.4 Release from 2026-04-14 (change 1669599)
         PBA version: default, 2.20260309 (diag 2)
         Model compatibility: 2026.20260414
         Sub-Workflow: FARM-1xN-TST2-Node
         Workflow updated: -
         Sat Sat Oct  3 19:31:49 2026
         ============================================================

1xN000:  ----------------------------------------------
         Used point accuracy enhancement value: 72.00%.
         ----------------------------------------------

1xN000:  -------------------------------------------------
         Geometry representation: compact
         Shared memory: none
         FARM allocation scheme: PA
         Parallelization: on, used

1xN000:  Gap-Detection activated for FARM-topology. Gaps are resolved, even partially.: gap tolerance value is 0.001000 and mesh geometry scale is 0.001000
1xN000:
1xN000:



1xN000:  ----------------------
         Acceleration mode: CPU
         ----------------------

1xN000:  ------------------------------------------------------------------------------
         Shape RECONSTRUCTION:arm1_termination overlaps with shape RECONSTRUCTION:arm1.
         The overlap was resolved correctly taking into account the selected scheme.
         ------------------------------------------------------------------------------

1xN000:  ------------------------------------------------------------------------------------------
         Shape RECONSTRUCTION:arm2_termination overlaps with shape RECONSTRUCTION:arm1_termination.
         The overlap was resolved correctly taking into account the selected scheme.
         ------------------------------------------------------------------------------------------

1xN000:  ------------------------------------------------------------------------------------------
         Shape RECONSTRUCTION:arm4_termination overlaps with shape RECONSTRUCTION:arm1_termination.
         The overlap was resolved correctly taking into account the selected scheme.
         ------------------------------------------------------------------------------------------

1xN000:  ------------------------------------------------------------------------------------------
         Shape RECONSTRUCTION:arm3_termination overlaps with shape RECONSTRUCTION:arm2_termination.
         The overlap was resolved correctly taking into account the selected scheme.
         ------------------------------------------------------------------------------------------

1xN000:  ------------------------------------------------------------------------------
         Shape RECONSTRUCTION:arm3_termination overlaps with shape RECONSTRUCTION:arm3.
         The overlap was resolved correctly taking into account the selected scheme.
         ------------------------------------------------------------------------------

1xN000:  ------------------------------------------------------------------------------------------
         Shape RECONSTRUCTION:arm4_termination overlaps with shape RECONSTRUCTION:arm3_termination.
         The overlap was resolved correctly taking into account the selected scheme.
         ------------------------------------------------------------------------------------------

1xN000:  ------------------------------------------------------------------------------
         Shape RECONSTRUCTION:arm4_termination overlaps with shape RECONSTRUCTION:arm4.
         The overlap was resolved correctly taking into account the selected scheme.
         ------------------------------------------------------------------------------

1xN000:  Port homogenization method: M2H point index deviation
1xN000:  ccccccccccccccccccccccccccccccccccccccccccccccccccccccccccccccccccccc
         FARM/Meshfill cache is set to 8 (local FI domains: 4, dynamic: false)
         ccccccccccccccccccccccccccccccccccccccccccccccccccccccccccccccccccccc

1xN000:  =============================================================
         Hex cell analyzer settings:
         	max number of E fields per mesh edge: 2
         	max number of H fields per mesh face: 4
         	supporting dual grid: false
         	performance improvement: ROI limit: true
         	performance improvement: ROI threshold: 2
         	performance improvement: single topology extraction: true
         	performance improvement: pre-categorize cell volume: true
         	periodic align: 0
         	periodic cells: true
         	homogenization version: pid
         =============================================================

1xN000:  ===============
         TST specials: -
         ===============

1xN000:  ===============================================================================================================================================
         TST cell analysis in range (0 | 0 | 0) -> (43 | 26 | 40) [total range (0 | 0 | 0) -> (43 | 43 | 40)]  [mpi range (0 | 0 | 0) -> (43 | 43 | 40)]
         ===============================================================================================================================================

1xN000:  -------------------------------------
         No TST Regions @ node 1xN000
         	total # 5430
         	cells # 5430 (PBA # 0, SB # 5430)
         	faces # 16290
         	edges # 16290
         -------------------------------------

1xN000:  -------------------------
         TST Statistics:
         E Split (30 | 22 | 390)
         E Adapt (364 | 408 | 80)
         B Split (281 | 199 | 301)
         B Adapt (155 | 241 | 26)
         -------------------------

1xN000:  -------------------------------------------------------------
         TST Version 2.20260309, tst tiny faces fix: on, TST1 BWC: off
         -------------------------------------------------------------

1xN000:  MMMMMMMMMMMMMMMMMMMMMMMMMMMMMMMMMMMMMMMMMMMMMMMMMMMMMMMMMMMMMMMMMMMMMMMMMMM
         M2H setup as requested by solver
         # of M2H matrices: 4
         	M2H matrix: rep: e, alloc: n, dim: 3, sub: 1
         	M2H matrix: rep: e, alloc: d, dim: 3, sub: 1
         	M2H matrix: rep: f, alloc: n, dim: 3, sub: 1
         	M2H matrix: rep: f, alloc: d, dim: 3, sub: 1
         ---------------------------------------------------------------------------
         # of created matrices: 18
         	4Kappa (face, dual):             is not required
         	M2H (edge, dual):                is computed
         	M2H (edge, normal):              is computed
         	M2H (face, dual) [sub-1]:        is computed
         	M2H (face, dual) [sub-4]:        is not required
         	M2H (face, normal):              is computed
         	M2H (point, dual):               is not required
         	M2H (point, normal):             is not required
         	M2H (volume, dual):              is not required
         	M2H (volume, normal):            is not required
         	PiP (point, normal):             is computed
         	S2H (edge, dual):                is computed
         	S2H (edge, normal):              is computed
         	Sensitivity (face, dual):        is not required
         	Sensitivity (face, normal):      is not required
         	Shape-at-point (point, normal):  is computed
         	Space-Dependency (face, dual):   is not required
         	Space-Dependency (face, normal): is not required
         ---------------------------------------------------------------------------
         M2H calculation flags
         	Adjacency observer:       false
         	Coefficient deviation:    true
         	Shape-wise storage:       false
         	Store PEC entries:        false
         	Store SDM satellites:     false
         	TST conformal, dual-face: false
         	TST conformal, edge:      true
         ---------------------------------------------------------------------------
         MMMMMMMMMMMMMMMMMMMMMMMMMMMMMMMMMMMMMMMMMMMMMMMMMMMMMMMMMMMMMMMMMMMMMMMMMMM

1xN000:  MMMMMMMMMMMMMMMMMMMMMMMMMMMMMMMMMMMMMMMMMMMMMMMMMMMMMMMMMMMMMMMMMMMMMMMMMMMMMMMMMMMMMMMMMMMMMMMMMM
         M2H Periodic boundary handling:
         	matrix coefficients are scaled at periodic boundaries: false
         	periodicity at boundaries: x low: no, x high: no, y low: no, y high: no, z low: no, z high: no
         MMMMMMMMMMMMMMMMMMMMMMMMMMMMMMMMMMMMMMMMMMMMMMMMMMMMMMMMMMMMMMMMMMMMMMMMMMMMMMMMMMMMMMMMMMMMMMMMMM

1xN000:  MMMMMMMMMMMMMMMMMMMMMMMMMMMMMMMMMMMMMMMMMMMMMMMMMMMMMMMMMMMMMMMMMMMMMMMMMMM
         ---------------------------------------------------------------------------
         statistical values for rho:
         	not available
         ---------------------------------------------------------------------------
         MMMMMMMMMMMMMMMMMMMMMMMMMMMMMMMMMMMMMMMMMMMMMMMMMMMMMMMMMMMMMMMMMMMMMMMMMMM

1xN000:  ------------------------------------------------------------------------------
         PBA fill limit is applied in inverse mode.
         PBA fill limit is applied on faces filled with at least 99.00% metal material.
         --------------------------------------------------------------
         detailed accuracy settings:
         --------------------------------------------------------------
         augmented fill limit:       true
         augmented fill limit value: 99.00
         automatic fill limit:       true
         early fill limit:           true
         inverse fill limit:         true
         model complexity:           0.00
         legacy 2015:                false
         fixed point accuracy:       false
         minimum point accuracy:     0
         mesh step inheritance:      false
         accuracy mode:
         ------------------------------------------------------------------------------

1xN000:  discrete edge port "1" is connected to metal material.
1xN000:  discrete edge port "3" is connected to metal material.
1xN000:  discrete edge port "4" is connected to metal material.
1xN000:  ------------------------------------------------------------------
         The following discrete edge ports are connected to metal material:
         	1, 3, 4
         ------------------------------------------------------------------

1xN000:  -------------------------------------------------------------------------------
         TST aware field source monitor processing forced by environment variable: false
         No TST aware field source monitors to be processed
         -------------------------------------------------------------------------------

1xN000:  =================================
         Finished matrix computation (PBA)
         =================================

1xN000:  <<<<<<<<<<<<<<<<<<<<<<<<<<<<<<<<<<<<<<<<<<<<<<<<<<<<<<<<<<<<<<<<<<<<<
         Sat Sat Oct  3 19:32:03 2026
         Resource usage for calculating matrix coefficients per node:
         	Runtime                                          00:00:13.00659 s
         	Peak Memory Estimation                                   115 MB
         	Peak Memory Usage                                         95 MB
         	---------------------------------------------------------------
         	---------------------------------------------------------------
         	---------------------------------------------------------------
         	---------------------------------------------------------------
         <<<<<<<<<<<<<<<<<<<<<<<<<<<<<<<<<<<<<<<<<<<<<<<<<<<<<<<<<<<<<<<<<<<<<



1xN001:  ===================================================================================
         [Boundaries] - MCalc
         open-add-space, open-add-space, mpi, open-add-space, open-add-space, open-add-space
         ===================================================================================

1xN001:  ========================================
         [Mesh] Matrix calculation - NO ACIS mode
         [Mesh] 1xN MPI or parallelization mode
         ========================================

1xN001:  ==============================
         [Mesh] Expansion: 0 0 -2 0 0 0
         ==============================

1xN001:  ==================================================
         [Mesh] world: o(0000,0000,0000) e(0043,0043,0040)
         [Mesh] l-1xN: o(0000,0022,0000) e(0043,0043,0040)
         [Mesh] e-1xN: o(0000,0020,0000) e(0043,0043,0040)
         [Mesh] g-MPI: not available
         [Mesh] bound offset: (0 | 0 | -2), (0 | 0 | 0)
         ==================================================

1xN001:  =================================================================================
          - hardware info
            + cpu name                    : AMD Ryzen 7 5700X 8-Core Processor
            + sockets                     : 1
            + cores per socket            : 8
            + hyperthreading              : on
            + ht-units                    : 2
            + max cpuid level             : 16
            + max cpuid ext. level        : 35
            + numa nodes                  : 1
            + Numa Memory Info
              numa node     installed     available    (MByte)
                0                 0         19860
            + internal cpu info           : CPUID: selected engine is 'Leaf 0xB detection'
         apic ids           : 0, 1, 2, 3, 4, 5, 6, 7, 8, 9, 10, 11, 12, 13, 14, 15
         apic ids (fallback): 0, 1, 2, 3, 4, 5, 6, 7, 8, 9, 10, 11, 12, 13, 14, 15
         from cpu registers: 0, 1, 2, 3, 4, 5, 6, 7, 8, 9, 10, 11, 12, 13, 14, 15
         fallback: 0, 1, 2, 3, 4, 5, 6, 7, 8, 9, 10, 11, 12, 13, 14, 15
         combined: 0, 1, 2, 3, 4, 5, 6, 7, 8, 9, 10, 11, 12, 13, 14, 15
         max id per cpu: 16
         SMT mask: 1
         Core mask: e
         Package mask: fffffff0
         set results:
           - packages: 1
           - cores: 8
           - smts: 2
         generate core map, new implementation
         0, 1, 2, 3, 4, 5, 6, 7, 8, 9, 10, 11, 12, 13, 14, 15
         packages: 1
         cores   : 8
         ht units: 2
          - sockets ids in use            : 0
          - pinning rule in use   : PINNING_RULE_MCALC_SKIP_ALL
          - desired group         : 0
          - num cores available   : 16
          - active core list from affinity:
            + num accessible procs          : 16
            + num logical procs             : 16
            + affinity (main thread)        : 1111111111111111
            + socket ids                    : 0
            + potential log. cores          : 0,1,2,3,4,5,6,7,8,9,10,11,12,13,14,15
            + affinity                      : 1111111111111111
            + core list                  (2): 0,1,2,3,4,5,6,7,8,9,10,11,12,13,14,15
            + use the list now
            + set/export affinity           : 0,1,2,3,4,5,6,7,8,9,10,11,12,13,14,15
          - active cores          : 0,1,2,3,4,5,6,7,8,9,10,11,12,13,14,15
          - hyperthreading        : on
          - skip pinning: + allowed number of sockets = available number of sockets
                          + hyperthreading allowed by solver
         =================================================================================

1xN001:  ========================================================================================================================================================================
         Version: 2026.4 Release from 2026-04-14 (change 1669599) [Release]
         Workflow: PBA matrix coefficients
         Operation: [fpba, meshfill, bg, port-path, tst, tst-nextgen, coeff, surface-imp]
         Architecture: Windows, ID: AMD64
         System Windows-64bit
         Using processor group 0/1
         Matrix calculation information:
         # of Nodes: 2
         Concurrency: 2
         Start ID: 1
         Node ID: 1
         HEX Mesh information:
         Hex mesh: world: [hxr 0.0.0_43.43.40 [sm(43|43|40)] { (-0.0673596 | -0.0673596 | -0.0668596) -> (0.0673596 | 0.0673596 | 0.0868596) } np (no TSTs): 73960]
         Hex mesh: mcalc-node: [hxr 0.22.0_43.43.40 [sm(43|21|40)] { (-0.0673596 | 0.001 | -0.0668596) -> (0.0673596 | 0.0673596 | 0.0868596) } np (no TSTs): 36120]
         Hex mesh: mcalc-node (extended): [hxr 0.20.0_43.43.40 [sm(43|23|40)] { (-0.0673596 | -0.001 | -0.0668596) -> (0.0673596 | 0.0673596 | 0.0868596) } np (no TSTs): 39560]
         ========================================================================================================================================================================

1xN001:  -----------------------------------------------------
         Memory status on node "1xN001" for matrix calculation
         	Estimated memory consumption: 0.107118 GB
         	Physical memory installed: 34.3012 GB
         	Available physical memory: 20.8034 GB
         	Available relative memory: 60.6491 %
         -----------------------------------------------------

1xN001:  >>>>>>>>>>>>>>>>>>>>>>>>>>>>>>>>>>>>>>>>>>>>>>>>>
         Sat Sat Oct  3 19:31:49 2026
         started: calculating matrix coefficients per node
         >>>>>>>>>>>>>>>>>>>>>>>>>>>>>>>>>>>>>>>>>>>>>>>>>

1xN001:  ============================================================
         Matrix computation (PBA)
         	[Perfect Boundary Approximation (PBA), version: default]
         	[Matrixcalc GPU acceleration: off (by user)]
         Version: 2026.4 Release from 2026-04-14 (change 1669599)
         PBA version: default, 2.20260309 (diag 2)
         Model compatibility: 2026.20260414
         Sub-Workflow: FARM-1xN-TST2-Node
         Workflow updated: -
         Sat Sat Oct  3 19:31:49 2026
         ============================================================

1xN001:  ----------------------------------------------
         Used point accuracy enhancement value: 72.00%.
         ----------------------------------------------

1xN001:  -------------------------------------------------
         Geometry representation: compact
         Shared memory: none
         FARM allocation scheme: PA
         Parallelization: on, used

1xN001:  Gap-Detection activated for FARM-topology. Gaps are resolved, even partially.: gap tolerance value is 0.001000 and mesh geometry scale is 0.001000
1xN001:
1xN001:



1xN001:  ----------------------
         Acceleration mode: CPU
         ----------------------

1xN001:  ------------------------------------------------------------------------------
         Shape RECONSTRUCTION:arm1_termination overlaps with shape RECONSTRUCTION:arm1.
         The overlap was resolved correctly taking into account the selected scheme.
         ------------------------------------------------------------------------------

1xN001:  ------------------------------------------------------------------------------------------
         Shape RECONSTRUCTION:arm2_termination overlaps with shape RECONSTRUCTION:arm1_termination.
         The overlap was resolved correctly taking into account the selected scheme.
         ------------------------------------------------------------------------------------------

1xN001:  ------------------------------------------------------------------------------------------
         Shape RECONSTRUCTION:arm4_termination overlaps with shape RECONSTRUCTION:arm1_termination.
         The overlap was resolved correctly taking into account the selected scheme.
         ------------------------------------------------------------------------------------------

1xN001:  ------------------------------------------------------------------------------
         Shape RECONSTRUCTION:arm2_termination overlaps with shape RECONSTRUCTION:arm2.
         The overlap was resolved correctly taking into account the selected scheme.
         ------------------------------------------------------------------------------

1xN001:  ------------------------------------------------------------------------------------------
         Shape RECONSTRUCTION:arm3_termination overlaps with shape RECONSTRUCTION:arm2_termination.
         The overlap was resolved correctly taking into account the selected scheme.
         ------------------------------------------------------------------------------------------

1xN001:  ------------------------------------------------------------------------------
         Shape RECONSTRUCTION:arm3_termination overlaps with shape RECONSTRUCTION:arm3.
         The overlap was resolved correctly taking into account the selected scheme.
         ------------------------------------------------------------------------------

1xN001:  ------------------------------------------------------------------------------------------
         Shape RECONSTRUCTION:arm4_termination overlaps with shape RECONSTRUCTION:arm3_termination.
         The overlap was resolved correctly taking into account the selected scheme.
         ------------------------------------------------------------------------------------------

1xN001:  Port homogenization method: M2H point index deviation
1xN001:  ccccccccccccccccccccccccccccccccccccccccccccccccccccccccccccccccccccc
         FARM/Meshfill cache is set to 8 (local FI domains: 4, dynamic: false)
         ccccccccccccccccccccccccccccccccccccccccccccccccccccccccccccccccccccc

1xN001:  =============================================================
         Hex cell analyzer settings:
         	max number of E fields per mesh edge: 2
         	max number of H fields per mesh face: 4
         	supporting dual grid: false
         	performance improvement: ROI limit: true
         	performance improvement: ROI threshold: 2
         	performance improvement: single topology extraction: true
         	performance improvement: pre-categorize cell volume: true
         	periodic align: 0
         	periodic cells: true
         	homogenization version: pid
         =============================================================

1xN001:  ===============
         TST specials: -
         ===============

1xN001:  ================================================================================================================================================
         TST cell analysis in range (0 | 20 | 0) -> (43 | 43 | 40) [total range (0 | 0 | 0) -> (43 | 43 | 40)]  [mpi range (0 | 0 | 0) -> (43 | 43 | 40)]
         ================================================================================================================================================

1xN001:  -------------------------------------
         No TST Regions @ node 1xN001
         	total # 4956
         	cells # 4956 (PBA # 0, SB # 4956)
         	faces # 14868
         	edges # 14868
         -------------------------------------

1xN001:  -------------------------
         TST Statistics:
         E Split (18 | 18 | 296)
         E Adapt (345 | 361 | 61)
         B Split (193 | 161 | 290)
         B Adapt (129 | 173 | 18)
         -------------------------

1xN001:  -------------------------------------------------------------
         TST Version 2.20260309, tst tiny faces fix: on, TST1 BWC: off
         -------------------------------------------------------------

1xN001:  MMMMMMMMMMMMMMMMMMMMMMMMMMMMMMMMMMMMMMMMMMMMMMMMMMMMMMMMMMMMMMMMMMMMMMMMMMM
         M2H setup as requested by solver
         # of M2H matrices: 4
         	M2H matrix: rep: e, alloc: n, dim: 3, sub: 1
         	M2H matrix: rep: e, alloc: d, dim: 3, sub: 1
         	M2H matrix: rep: f, alloc: n, dim: 3, sub: 1
         	M2H matrix: rep: f, alloc: d, dim: 3, sub: 1
         ---------------------------------------------------------------------------
         # of created matrices: 18
         	4Kappa (face, dual):             is not required
         	M2H (edge, dual):                is computed
         	M2H (edge, normal):              is computed
         	M2H (face, dual) [sub-1]:        is computed
         	M2H (face, dual) [sub-4]:        is not required
         	M2H (face, normal):              is computed
         	M2H (point, dual):               is not required
         	M2H (point, normal):             is not required
         	M2H (volume, dual):              is not required
         	M2H (volume, normal):            is not required
         	PiP (point, normal):             is computed
         	S2H (edge, dual):                is computed
         	S2H (edge, normal):              is computed
         	Sensitivity (face, dual):        is not required
         	Sensitivity (face, normal):      is not required
         	Shape-at-point (point, normal):  is computed
         	Space-Dependency (face, dual):   is not required
         	Space-Dependency (face, normal): is not required
         ---------------------------------------------------------------------------
         M2H calculation flags
         	Adjacency observer:       false
         	Coefficient deviation:    true
         	Shape-wise storage:       false
         	Store PEC entries:        false
         	Store SDM satellites:     false
         	TST conformal, dual-face: false
         	TST conformal, edge:      true
         ---------------------------------------------------------------------------
         MMMMMMMMMMMMMMMMMMMMMMMMMMMMMMMMMMMMMMMMMMMMMMMMMMMMMMMMMMMMMMMMMMMMMMMMMMM

1xN001:  MMMMMMMMMMMMMMMMMMMMMMMMMMMMMMMMMMMMMMMMMMMMMMMMMMMMMMMMMMMMMMMMMMMMMMMMMMMMMMMMMMMMMMMMMMMMMMMMMM
         M2H Periodic boundary handling:
         	matrix coefficients are scaled at periodic boundaries: false
         	periodicity at boundaries: x low: no, x high: no, y low: no, y high: no, z low: no, z high: no
         MMMMMMMMMMMMMMMMMMMMMMMMMMMMMMMMMMMMMMMMMMMMMMMMMMMMMMMMMMMMMMMMMMMMMMMMMMMMMMMMMMMMMMMMMMMMMMMMMM

1xN001:  MMMMMMMMMMMMMMMMMMMMMMMMMMMMMMMMMMMMMMMMMMMMMMMMMMMMMMMMMMMMMMMMMMMMMMMMMMM
         ---------------------------------------------------------------------------
         statistical values for rho:
         	not available
         ---------------------------------------------------------------------------
         MMMMMMMMMMMMMMMMMMMMMMMMMMMMMMMMMMMMMMMMMMMMMMMMMMMMMMMMMMMMMMMMMMMMMMMMMMM

1xN001:  ------------------------------------------------------------------------------
         PBA fill limit is applied in inverse mode.
         PBA fill limit is applied on faces filled with at least 99.00% metal material.
         --------------------------------------------------------------
         detailed accuracy settings:
         --------------------------------------------------------------
         augmented fill limit:       true
         augmented fill limit value: 99.00
         automatic fill limit:       true
         early fill limit:           true
         inverse fill limit:         true
         model complexity:           0.00
         legacy 2015:                false
         fixed point accuracy:       false
         minimum point accuracy:     0
         mesh step inheritance:      false
         accuracy mode:
         ------------------------------------------------------------------------------

1xN001:  discrete edge port "2" is connected to metal material.
1xN001:  ----------------------------------------------------------------
         The following discrete edge port is connected to metal material:
         	2
         ----------------------------------------------------------------

1xN001:  -------------------------------------------------------------------------------
         TST aware field source monitor processing forced by environment variable: false
         No TST aware field source monitors to be processed
         -------------------------------------------------------------------------------

1xN001:  =================================
         Finished matrix computation (PBA)
         =================================

1xN001:  <<<<<<<<<<<<<<<<<<<<<<<<<<<<<<<<<<<<<<<<<<<<<<<<<<<<<<<<<<<<<<<<<<<<<
         Sat Sat Oct  3 19:32:01 2026
         Resource usage for calculating matrix coefficients per node:
         	Runtime                                          00:00:11.00282 s
         	Peak Memory Estimation                                   107 MB
         	Peak Memory Usage                                         86 MB
         	---------------------------------------------------------------
         	---------------------------------------------------------------
         	---------------------------------------------------------------
         	---------------------------------------------------------------
         <<<<<<<<<<<<<<<<<<<<<<<<<<<<<<<<<<<<<<<<<<<<<<<<<<<<<<<<<<<<<<<<<<<<<



<<<<<<<<<<<<<<<<<<<<<<<<<<<<<<<<<<<<<<<<<<<<<<<<<
Sat Sat Oct  3 19:32:04 2026
Resource usage for parallelization control:
	Runtime                      00:00:26.00342 s
	-------------------------------------------
<<<<<<<<<<<<<<<<<<<<<<<<<<<<<<<<<<<<<<<<<<<<<<<<<

---------------------------------------------------------------------------------------------------------------------
PBAMeshFeedback - InfoMap: 0[ms] - SBCell navigation: 0[ms] - CornerCorrectionLinesAndWires: 0[ms] - Write: 0[ms]
ConnectivityAXG - Load: 2[ms] - Setup: 0[ms] - Convert: 25[ms] ( Groups: 3 - Shapes: 16 - Threads: 8 ) - Write: 4[ms]
ConnectivityAXG - Load: 2[ms] - Setup: 0[ms] - Convert: 25[ms] ( Groups: 3 - Shapes: 16 - Threads: 8 ) - Write: 4[ms]
---------------------------------------------------------------------------------------------------------------------

--------------------------------
# of staircase filled cells: 0
# of staircase filled areas: 0
# of staircase filled edges: 28
# of faces above fill limit: 0
# of edges with FPBA topology: 0
--------------------------------

--------------------------------
# of staircase filled cells: 0
# of staircase filled areas: 0
# of staircase filled edges: 28
# of faces above fill limit: 0
# of edges with FPBA topology: 0
--------------------------------

--------------------------------
# of staircase filled cells: 0
# of staircase filled areas: 0
# of staircase filled edges: 28
# of faces above fill limit: 0
# of edges with FPBA topology: 0
--------------------------------

--------------------------------
# of staircase filled cells: 0
# of staircase filled areas: 0
# of staircase filled edges: 28
# of faces above fill limit: 0
# of edges with FPBA topology: 0
--------------------------------

