COM: attached using GetActiveObject
OK: Surrogate: mm/GHz/ns units
OK: Surrogate: time domain and frequency band
OK: Surrogate: vacuum and open (add space)
OK: Surrogate: PEC ground
OK: Surrogate: feed stub
OK: Surrogate: helix segment 1/72
OK: Surrogate: helix segment 2/72
OK: Surrogate: helix segment 3/72
OK: Surrogate: helix segment 4/72
OK: Surrogate: helix segment 5/72
OK: Surrogate: helix segment 6/72
OK: Surrogate: helix segment 7/72
OK: Surrogate: helix segment 8/72
OK: Surrogate: helix segment 9/72
OK: Surrogate: helix segment 10/72
OK: Surrogate: helix segment 11/72
OK: Surrogate: helix segment 12/72
OK: Surrogate: helix segment 13/72
OK: Surrogate: helix segment 14/72
OK: Surrogate: helix segment 15/72
OK: Surrogate: helix segment 16/72
OK: Surrogate: helix segment 17/72
OK: Surrogate: helix segment 18/72
OK: Surrogate: helix segment 19/72
OK: Surrogate: helix segment 20/72
OK: Surrogate: helix segment 21/72
OK: Surrogate: helix segment 22/72
OK: Surrogate: helix segment 23/72
OK: Surrogate: helix segment 24/72
OK: Surrogate: helix segment 25/72
OK: Surrogate: helix segment 26/72
OK: Surrogate: helix segment 27/72
OK: Surrogate: helix segment 28/72
OK: Surrogate: helix segment 29/72
OK: Surrogate: helix segment 30/72
OK: Surrogate: helix segment 31/72
OK: Surrogate: helix segment 32/72
OK: Surrogate: helix segment 33/72
OK: Surrogate: helix segment 34/72
OK: Surrogate: helix segment 35/72
OK: Surrogate: helix segment 36/72
OK: Surrogate: helix segment 37/72
OK: Surrogate: helix segment 38/72
OK: Surrogate: helix segment 39/72
OK: Surrogate: helix segment 40/72
OK: Surrogate: helix segment 41/72
OK: Surrogate: helix segment 42/72
OK: Surrogate: helix segment 43/72
OK: Surrogate: helix segment 44/72
OK: Surrogate: helix segment 45/72
OK: Surrogate: helix segment 46/72
OK: Surrogate: helix segment 47/72
OK: Surrogate: helix segment 48/72
OK: Surrogate: helix segment 49/72
OK: Surrogate: helix segment 50/72
OK: Surrogate: helix segment 51/72
OK: Surrogate: helix segment 52/72
OK: Surrogate: helix segment 53/72
OK: Surrogate: helix segment 54/72
OK: Surrogate: helix segment 55/72
OK: Surrogate: helix segment 56/72
OK: Surrogate: helix segment 57/72
OK: Surrogate: helix segment 58/72
OK: Surrogate: helix segment 59/72
OK: Surrogate: helix segment 60/72
OK: Surrogate: helix segment 61/72
OK: Surrogate: helix segment 62/72
OK: Surrogate: helix segment 63/72
OK: Surrogate: helix segment 64/72
OK: Surrogate: helix segment 65/72
OK: Surrogate: helix segment 66/72
OK: Surrogate: helix segment 67/72
OK: Surrogate: helix segment 68/72
OK: Surrogate: helix segment 69/72
OK: Surrogate: helix segment 70/72
OK: Surrogate: helix segment 71/72
OK: Surrogate: helix segment 72/72
lambda=133.24109 mm; R=21.20598 mm; pitch=30.64545 mm; turns=3; segments=72; surface gap=2 mm
OK: Surrogate: discrete port 1 (50 ohm)
OK: Surrogate: farfield monitor
OK: Surrogate: structure view
SUCCESS: SURROGATE_TRAINING_MODEL created. Inspect mesh and Port 1 in GUI before solving.
