2026-10-03 20:40:52   The following farfield monitor(s) have been adjusted to model box [-111.086,
                      111.086, -111.086, 111.086, -26.1286, 56.2766]:
                        farfield (f=1.164), farfield (f=1.17645), farfield (f=1.189).
                      For further information please check the page "Special Solver Parameters -
                      Solver" in the Online Help.

                      ------------------------------------------------------------------------------
2026-10-03 20:40:52   According to the selected features the <Time Domain Solver (HEX)> will be
                      started.

                      ------------------------------------------------------------------------------
2026-10-03 20:40:52   
                      Solver started at: 2026-10-03 20:40:52 +0900

                        Module:  Time Domain: S-Parameter (Win 64)
                        Version: 2026.4 Release from 2026-04-14 (change 1669599)

2026-10-03 20:40:52   

                      ------------------------------------------------------------------------------
2026-10-03 20:40:52   

                      ------------------------------------------------------------------------------
2026-10-03 20:40:52   ======================================================================
                      Solver uses float precision.
                      ======================================================================



                      ------------------------------------------------------------------------------
2026-10-03 20:40:52   ======================================================================
                       Solver cycle: 1
                      ======================================================================

                      Stimulation at discrete port 1 



                      ------------------------------------------------------------------------------
2026-10-03 20:40:52   Units settings: 

                        Dimensions: mm
                        Frequency:  GHz
                        Time:       ns

                      ------------------------------------------------------------------------------
2026-10-03 20:40:52   The dispersive material update [Automatic] will be performed using the "Standard" update schema

                      ------------------------------------------------------------------------------
2026-10-03 20:41:05   The following discrete edge ports are connected to metal material:
                      	1, 2, 3, 4

                      ------------------------------------------------------------------------------
2026-10-03 20:41:05   Mesh statistics:

                         Hexahedral mesh type: Perfect Boundary Approximation (PBA)
                            Version: default

                         Parallelization type: domain decomposition
                            Number of parallel working threads: 2
                            Number of calculation domains used: 2

                         Used point accuracy enhancement value: 74.00%.
                         Acceleration mode: CPU
                         PBA fill limit: 99.00% (inverse)

2026-10-03 20:41:06   *** Warning ***

2026-10-03 20:41:06   The current settings will probably lead to a very long simulation time.

                      You may improve the simulation speed by:

                      1. checking the frequency range and units settings
                      2. reducing the maximum solver duration
                      3. checking the mesh to avoid very small mesh steps

                      ------------------------------------------------------------------------------
2026-10-03 20:41:06   Boundary conditions: 

                        YZsymmetry: none
                        XZsymmetry: none
                        XYsymmetry: none

                        Xmin: expanded open, 4 Layer, depth 70.0745 mm
                        Xmax: expanded open, 4 Layer, depth 70.0745 mm

                        Ymin: expanded open, 4 Layer, depth 70.0745 mm
                        Ymax: expanded open, 4 Layer, depth 70.0745 mm

                        Zmin: expanded open, 4 Layer, depth 74.9769 mm
                        Zmax: expanded open, 4 Layer, depth 69.7077 mm

                        PML-Type: Convolution PML

                      ------------------------------------------------------------------------------
2026-10-03 20:41:06   Frequency settings: 

                        Fmin:         1.164
                        Fmax:         1.189
                        Nfsteps:      1001

                      ------------------------------------------------------------------------------
2026-10-03 20:41:06   Field update statistics:

                        Number of components in total: 	385842
                        Number of TST and special elements:	23568

                      Subcycling state:      			Automatically deactivated

                      ------------------------------------------------------------------------------
2026-10-03 20:41:06   Ports: 1 ... 4

                        Discrete element, reference impedance = 50 Ohm

                      ------------------------------------------------------------------------------
2026-10-03 20:42:04   
                      --------------------------------------------------------------------------------
2026-10-03 20:42:04   Steady state energy criterion met, solver finished successfully.

                      ------------------------------------------------------------------------------
2026-10-03 20:42:04   Frequency domain results normalized to default signal.


                      ------------------------------------------------------------------------------
2026-10-03 20:42:04   
                        ----------------------------------------------------------------------------
                                            Peak memory used (GB)         Free physical memory (GB) 
                                                                          At begin     Minimum      
                        ----------------------------------------------------------------------------
                        CAD preparation     0.017                         15.033       15.033       
                        Matrices calc.      0.224                         14.958       14.814       
                        Solver run total    0.095                         15.068       14.844       
                        ----------------------------------------------------------------------------

                      --------------------------------------------------------------------------------
                      Solver Statistics:

                        Hardware:
                           Computer name:                 	JDM 

                           Number of CPU threads:               8
                           Hardware info:                  	Hardware Accelerator Device not activated

                        Number of mesh cells:             	59904
                        Excitation duration:              	2.84363900e+002 ns 
                        Calculation time for excitation:  	0 	s
                        Number of calculated pulse widths:	1.00041 
                        Steady state accuracy limit:      	-40	dB 
                        Simulated number of time steps:   	162021 
                        Maximum number of time steps:     	3239060 
                        Time step width:
                           without subcycles:             	1.755841836e-003 ns
                           used:                          	1.755841836e-003 ns

                        CAD preparation time:             	0      	s
                        Matrix calculation time:          	12 	s
                        Solver setup time:                	1 	s
                        Solver loop time:                 	55 	s
                        Solver post-processing time:      	2 	s
                                                          	------------
                        Total solver time:                	70 	s  ( = 0 h, 1 m, 10 s )

                      ------------------------------------------------------------------------------
2026-10-03 20:42:04   ======================================================================
                       Solver cycle: 2
                      ======================================================================

                      Stimulation at discrete port 2 



                      ------------------------------------------------------------------------------
2026-10-03 20:42:04   Units settings: 

                        Dimensions: mm
                        Frequency:  GHz
                        Time:       ns

                      ------------------------------------------------------------------------------
2026-10-03 20:42:04   The dispersive material update will be performed using the "Standard" update schema

                      ------------------------------------------------------------------------------
2026-10-03 20:42:04   The following discrete edge ports are connected to metal material:
                      	1, 2, 3, 4

                      ------------------------------------------------------------------------------
2026-10-03 20:42:04   *** Warning ***

2026-10-03 20:42:04   The current settings will probably lead to a very long simulation time.

                      You may improve the simulation speed by:

                      1. checking the frequency range and units settings
                      2. reducing the maximum solver duration
                      3. checking the mesh to avoid very small mesh steps

                      ------------------------------------------------------------------------------
2026-10-03 20:42:05   Boundary conditions: 

                        YZsymmetry: none
                        XZsymmetry: none
                        XYsymmetry: none

                        Xmin: expanded open, 4 Layer, depth 70.0745 mm
                        Xmax: expanded open, 4 Layer, depth 70.0745 mm

                        Ymin: expanded open, 4 Layer, depth 70.0745 mm
                        Ymax: expanded open, 4 Layer, depth 70.0745 mm

                        Zmin: expanded open, 4 Layer, depth 74.9769 mm
                        Zmax: expanded open, 4 Layer, depth 69.7077 mm

                        PML-Type: Convolution PML

                      ------------------------------------------------------------------------------
2026-10-03 20:42:05   Frequency settings: 

                        Fmin:         1.164
                        Fmax:         1.189
                        Nfsteps:      1001

                      ------------------------------------------------------------------------------
2026-10-03 20:42:05   Field update statistics:

                        Number of components in total: 	385842
                        Number of TST and special elements:	23568

                      Subcycling state:      			Automatically deactivated

                      ------------------------------------------------------------------------------
2026-10-03 20:42:05   Ports: 1 ... 4

                        Discrete element, reference impedance = 50 Ohm

                      ------------------------------------------------------------------------------
2026-10-03 20:43:03   
                      --------------------------------------------------------------------------------
2026-10-03 20:43:03   Steady state energy criterion met, solver finished successfully.

                      ------------------------------------------------------------------------------
2026-10-03 20:43:03   Frequency domain results normalized to default signal.


                      ------------------------------------------------------------------------------
2026-10-03 20:43:03   
                        ----------------------------------------------------------------------------
                                            Peak memory used (GB)         Free physical memory (GB) 
                                                                          At begin     Minimum      
                        ----------------------------------------------------------------------------
                        CAD preparation     0.017                         15.033       15.033       
                        Matrices calc.      0.224                         14.958       14.814       
                        Solver run total    0.100                         15.040       15.020       
                        ----------------------------------------------------------------------------

                      --------------------------------------------------------------------------------
                      Solver Statistics:

                        Hardware:
                           Computer name:                 	JDM 

                           Number of CPU threads:               8
                           Hardware info:                  	Hardware Accelerator Device not activated

                        Number of mesh cells:             	59904
                        Excitation duration:              	2.84363900e+002 ns 
                        Calculation time for excitation:  	0 	s
                        Number of calculated pulse widths:	1.00041 
                        Steady state accuracy limit:      	-40	dB 
                        Simulated number of time steps:   	162021 
                        Maximum number of time steps:     	3239060 
                        Time step width:
                           without subcycles:             	1.755841836e-003 ns
                           used:                          	1.755841836e-003 ns

                        Reloading matrices:               	0 	s
                        Solver setup time:                	1 	s
                        Solver loop time:                 	55 	s
                        Solver post-processing time:      	2 	s
                                                          	------------
                        Total solver time:                	58 	s

                      ------------------------------------------------------------------------------
2026-10-03 20:43:03   ======================================================================
                       Solver cycle: 3
                      ======================================================================

                      Stimulation at discrete port 3 



                      ------------------------------------------------------------------------------
2026-10-03 20:43:03   Units settings: 

                        Dimensions: mm
                        Frequency:  GHz
                        Time:       ns

                      ------------------------------------------------------------------------------
2026-10-03 20:43:03   The dispersive material update will be performed using the "Standard" update schema

                      ------------------------------------------------------------------------------
2026-10-03 20:43:03   The following discrete edge ports are connected to metal material:
                      	1, 2, 3, 4

                      ------------------------------------------------------------------------------
2026-10-03 20:43:03   *** Warning ***

2026-10-03 20:43:03   The current settings will probably lead to a very long simulation time.

                      You may improve the simulation speed by:

                      1. checking the frequency range and units settings
                      2. reducing the maximum solver duration
                      3. checking the mesh to avoid very small mesh steps

                      ------------------------------------------------------------------------------
2026-10-03 20:43:03   Boundary conditions: 

                        YZsymmetry: none
                        XZsymmetry: none
                        XYsymmetry: none

                        Xmin: expanded open, 4 Layer, depth 70.0745 mm
                        Xmax: expanded open, 4 Layer, depth 70.0745 mm

                        Ymin: expanded open, 4 Layer, depth 70.0745 mm
                        Ymax: expanded open, 4 Layer, depth 70.0745 mm

                        Zmin: expanded open, 4 Layer, depth 74.9769 mm
                        Zmax: expanded open, 4 Layer, depth 69.7077 mm

                        PML-Type: Convolution PML

                      ------------------------------------------------------------------------------
2026-10-03 20:43:03   Frequency settings: 

                        Fmin:         1.164
                        Fmax:         1.189
                        Nfsteps:      1001

                      ------------------------------------------------------------------------------
2026-10-03 20:43:03   Field update statistics:

                        Number of components in total: 	385842
                        Number of TST and special elements:	23568

                      Subcycling state:      			Automatically deactivated

                      ------------------------------------------------------------------------------
2026-10-03 20:43:03   Ports: 1 ... 4

                        Discrete element, reference impedance = 50 Ohm

                      ------------------------------------------------------------------------------
2026-10-03 20:44:01   
                      --------------------------------------------------------------------------------
2026-10-03 20:44:01   Steady state energy criterion met, solver finished successfully.

                      ------------------------------------------------------------------------------
2026-10-03 20:44:01   Frequency domain results normalized to default signal.


                      ------------------------------------------------------------------------------
2026-10-03 20:44:01   
                        ----------------------------------------------------------------------------
                                            Peak memory used (GB)         Free physical memory (GB) 
                                                                          At begin     Minimum      
                        ----------------------------------------------------------------------------
                        CAD preparation     0.017                         15.033       15.033       
                        Matrices calc.      0.224                         14.958       14.814       
                        Solver run total    0.100                         15.046       15.046       
                        ----------------------------------------------------------------------------

                      --------------------------------------------------------------------------------
                      Solver Statistics:

                        Hardware:
                           Computer name:                 	JDM 

                           Number of CPU threads:               8
                           Hardware info:                  	Hardware Accelerator Device not activated

                        Number of mesh cells:             	59904
                        Excitation duration:              	2.84363900e+002 ns 
                        Calculation time for excitation:  	0 	s
                        Number of calculated pulse widths:	1.00041 
                        Steady state accuracy limit:      	-40	dB 
                        Simulated number of time steps:   	162021 
                        Maximum number of time steps:     	3239060 
                        Time step width:
                           without subcycles:             	1.755841836e-003 ns
                           used:                          	1.755841836e-003 ns

                        Reloading matrices:               	0 	s
                        Solver setup time:                	1 	s
                        Solver loop time:                 	54 	s
                        Solver post-processing time:      	2 	s
                                                          	------------
                        Total solver time:                	57 	s

                      ------------------------------------------------------------------------------
2026-10-03 20:44:01   ======================================================================
                       Solver cycle: 4
                      ======================================================================

                      Stimulation at discrete port 4 



                      ------------------------------------------------------------------------------
2026-10-03 20:44:01   Units settings: 

                        Dimensions: mm
                        Frequency:  GHz
                        Time:       ns

                      ------------------------------------------------------------------------------
2026-10-03 20:44:01   The dispersive material update will be performed using the "Standard" update schema

                      ------------------------------------------------------------------------------
2026-10-03 20:44:01   The following discrete edge ports are connected to metal material:
                      	1, 2, 3, 4

                      ------------------------------------------------------------------------------
2026-10-03 20:44:01   *** Warning ***

2026-10-03 20:44:01   The current settings will probably lead to a very long simulation time.

                      You may improve the simulation speed by:

                      1. checking the frequency range and units settings
                      2. reducing the maximum solver duration
                      3. checking the mesh to avoid very small mesh steps

                      ------------------------------------------------------------------------------
2026-10-03 20:44:02   Boundary conditions: 

                        YZsymmetry: none
                        XZsymmetry: none
                        XYsymmetry: none

                        Xmin: expanded open, 4 Layer, depth 70.0745 mm
                        Xmax: expanded open, 4 Layer, depth 70.0745 mm

                        Ymin: expanded open, 4 Layer, depth 70.0745 mm
                        Ymax: expanded open, 4 Layer, depth 70.0745 mm

                        Zmin: expanded open, 4 Layer, depth 74.9769 mm
                        Zmax: expanded open, 4 Layer, depth 69.7077 mm

                        PML-Type: Convolution PML

                      ------------------------------------------------------------------------------
2026-10-03 20:44:02   Frequency settings: 

                        Fmin:         1.164
                        Fmax:         1.189
                        Nfsteps:      1001

                      ------------------------------------------------------------------------------
2026-10-03 20:44:02   Field update statistics:

                        Number of components in total: 	385842
                        Number of TST and special elements:	23568

                      Subcycling state:      			Automatically deactivated

                      ------------------------------------------------------------------------------
2026-10-03 20:44:02   Ports: 1 ... 4

                        Discrete element, reference impedance = 50 Ohm

                      ------------------------------------------------------------------------------
2026-10-03 20:45:00   
                      --------------------------------------------------------------------------------
2026-10-03 20:45:00   Steady state energy criterion met, solver finished successfully.

                      ------------------------------------------------------------------------------
2026-10-03 20:45:00   Frequency domain results normalized to default signal.


                      ------------------------------------------------------------------------------
2026-10-03 20:45:00   
                        ----------------------------------------------------------------------------
                                            Peak memory used (GB)         Free physical memory (GB) 
                                                                          At begin     Minimum      
                        ----------------------------------------------------------------------------
                        CAD preparation     0.017                         15.033       15.033       
                        Matrices calc.      0.224                         14.958       14.814       
                        Solver run total    0.101                         15.052       15.052       
                        ----------------------------------------------------------------------------

                      --------------------------------------------------------------------------------
                      Solver Statistics:

                        Hardware:
                           Computer name:                 	JDM 

                           Number of CPU threads:               8
                           Hardware info:                  	Hardware Accelerator Device not activated

                        Number of mesh cells:             	59904
                        Excitation duration:              	2.84363900e+002 ns 
                        Calculation time for excitation:  	0 	s
                        Number of calculated pulse widths:	1.00041 
                        Steady state accuracy limit:      	-40	dB 
                        Simulated number of time steps:   	162021 
                        Maximum number of time steps:     	3239060 
                        Time step width:
                           without subcycles:             	1.755841836e-003 ns
                           used:                          	1.755841836e-003 ns

                        Reloading matrices:               	0 	s
                        Solver setup time:                	1 	s
                        Solver loop time:                 	55 	s
                        Solver post-processing time:      	2 	s
                                                          	------------
                        Total solver time:                	58 	s

                      ------------------------------------------------------------------------------
2026-10-03 20:45:00   
                        Total solver time (all cycles):      	243    	s  ( = 0 h, 4 m, 3 s )
                        Solver initialization and clean-up:  	5      	s
                                                             	------------
                        Total simulation time:               	248    	s  ( = 0 h, 4 m, 8 s )

                      ------------------------------------------------------------------------------
2026-10-03 20:45:00   Time Domain: S-ParameterSolver finished at: 2026-10-03 20:45:00 +0900



                      ------------------------------------------------------------------------------
