2026-10-03 22:19:36   The following farfield monitor(s) have been adjusted to model box [-15.7476,
                      15.7476, -15.7476, 15.7476, -1.56233, 4.36655]:
                        farfield (f=10.3), farfield (f=10.4), farfield (f=10.5).
                      For further information please check the page "Special Solver Parameters -
                      Solver" in the Online Help.

                      ------------------------------------------------------------------------------
2026-10-03 22:19:36   According to the selected features the <Time Domain Solver (HEX)> will be
                      started.

                      ------------------------------------------------------------------------------
2026-10-03 22:19:36   
                      Solver started at: 2026-10-03 22:19:36 +0900

                        Module:  Time Domain: S-Parameter (Win 64)
                        Version: 2026.4 Release from 2026-04-14 (change 1669599)

2026-10-03 22:19:36   

                      ------------------------------------------------------------------------------
2026-10-03 22:19:36   

                      ------------------------------------------------------------------------------
2026-10-03 22:19:36   ======================================================================
                      Solver uses float precision.
                      ======================================================================



                      ------------------------------------------------------------------------------
2026-10-03 22:19:36   ======================================================================
                       Solver cycle: 1
                      ======================================================================

                      Stimulation at discrete port 1 



                      ------------------------------------------------------------------------------
2026-10-03 22:19:36   Units settings: 

                        Dimensions: mm
                        Frequency:  GHz
                        Time:       ns

                      ------------------------------------------------------------------------------
2026-10-03 22:19:36   The dispersive material update [Automatic] will be performed using the "Standard" update schema

                      ------------------------------------------------------------------------------
2026-10-03 22:19:43   The following discrete edge ports are connected to metal material:
                      	1, 2, 3, 4

                      ------------------------------------------------------------------------------
2026-10-03 22:19:43   Mesh statistics:

                         Hexahedral mesh type: Perfect Boundary Approximation (PBA)
                            Version: default

                         Parallelization type: domain decomposition
                            Number of parallel working threads: 1
                            Number of calculation domains used: 1

                         Used point accuracy enhancement value: 75.00%.
                         Acceleration mode: CPU
                         PBA fill limit: 99.00% (inverse)

2026-10-03 22:19:43   Boundary conditions: 

                        YZsymmetry: none
                        XZsymmetry: none
                        XYsymmetry: none

                        Xmin: expanded open, 4 Layer, depth 7.43168 mm
                        Xmax: expanded open, 4 Layer, depth 7.43168 mm

                        Ymin: expanded open, 4 Layer, depth 7.43168 mm
                        Ymax: expanded open, 4 Layer, depth 7.43168 mm

                        Zmin: expanded open, 4 Layer, depth 8.43501 mm
                        Zmax: expanded open, 4 Layer, depth 7.09608 mm

                        PML-Type: Convolution PML

                      ------------------------------------------------------------------------------
2026-10-03 22:19:43   Frequency settings: 

                        Fmin:         10.2
                        Fmax:         10.6
                        Nfsteps:      1001

                      ------------------------------------------------------------------------------
2026-10-03 22:19:43   Field update statistics:

                        Number of components in total: 	189945
                        Number of TST and special elements:	680

                      Subcycling state:      			Automatically deactivated

                      ------------------------------------------------------------------------------
2026-10-03 22:19:43   Ports: 1 ... 4

                        Discrete element, reference impedance = 50 Ohm

                      ------------------------------------------------------------------------------
2026-10-03 22:19:53   
                      --------------------------------------------------------------------------------
2026-10-03 22:19:53   Steady state energy criterion met, solver finished successfully.

                      ------------------------------------------------------------------------------
2026-10-03 22:19:53   Frequency domain results normalized to default signal.


                      ------------------------------------------------------------------------------
2026-10-03 22:19:53   
                        ----------------------------------------------------------------------------
                                            Peak memory used (GB)         Free physical memory (GB) 
                                                                          At begin     Minimum      
                        ----------------------------------------------------------------------------
                        CAD preparation     0.018                         17.297       17.297       
                        Matrices calc.      0.057                         17.263       17.237       
                        Solver run total    0.074                         17.314       17.237       
                        ----------------------------------------------------------------------------

                      --------------------------------------------------------------------------------
                      Solver Statistics:

                        Hardware:
                           Computer name:                 	JDM 

                           Number of CPU threads:               8
                           Hardware info:                  	Hardware Accelerator Device not activated

                        Number of mesh cells:             	29988
                        Excitation duration:              	1.77727437e+001 ns 
                        Calculation time for excitation:  	8 	s
                        Number of calculated pulse widths:	1.00011 
                        Steady state accuracy limit:      	-40	dB 
                        Simulated number of time steps:   	34080 
                        Maximum number of time steps:     	681502 
                        Time step width:
                           without subcycles:             	5.215751968e-004 ns
                           used:                          	5.215751968e-004 ns

                        CAD preparation time:             	0      	s
                        Matrix calculation time:          	6 	s
                        Solver setup time:                	1 	s
                        Solver loop time:                 	8 	s
                        Solver post-processing time:      	0 	s
                                                          	------------
                        Total solver time:                	15 	s

                      ------------------------------------------------------------------------------
2026-10-03 22:19:53   ======================================================================
                       Solver cycle: 2
                      ======================================================================

                      Stimulation at discrete port 2 



                      ------------------------------------------------------------------------------
2026-10-03 22:19:53   Units settings: 

                        Dimensions: mm
                        Frequency:  GHz
                        Time:       ns

                      ------------------------------------------------------------------------------
2026-10-03 22:19:53   The dispersive material update will be performed using the "Standard" update schema

                      ------------------------------------------------------------------------------
2026-10-03 22:19:53   The following discrete edge ports are connected to metal material:
                      	1, 2, 3, 4

                      ------------------------------------------------------------------------------
2026-10-03 22:19:53   Boundary conditions: 

                        YZsymmetry: none
                        XZsymmetry: none
                        XYsymmetry: none

                        Xmin: expanded open, 4 Layer, depth 7.43168 mm
                        Xmax: expanded open, 4 Layer, depth 7.43168 mm

                        Ymin: expanded open, 4 Layer, depth 7.43168 mm
                        Ymax: expanded open, 4 Layer, depth 7.43168 mm

                        Zmin: expanded open, 4 Layer, depth 8.43501 mm
                        Zmax: expanded open, 4 Layer, depth 7.09608 mm

                        PML-Type: Convolution PML

                      ------------------------------------------------------------------------------
2026-10-03 22:19:53   Frequency settings: 

                        Fmin:         10.2
                        Fmax:         10.6
                        Nfsteps:      1001

                      ------------------------------------------------------------------------------
2026-10-03 22:19:53   Field update statistics:

                        Number of components in total: 	189945
                        Number of TST and special elements:	680

                      Subcycling state:      			Automatically deactivated

                      ------------------------------------------------------------------------------
2026-10-03 22:19:54   Ports: 1 ... 4

                        Discrete element, reference impedance = 50 Ohm

                      ------------------------------------------------------------------------------
2026-10-03 22:20:03   
                      --------------------------------------------------------------------------------
2026-10-03 22:20:03   Steady state energy criterion met, solver finished successfully.

                      ------------------------------------------------------------------------------
2026-10-03 22:20:03   Frequency domain results normalized to default signal.


                      ------------------------------------------------------------------------------
2026-10-03 22:20:03   
                        ----------------------------------------------------------------------------
                                            Peak memory used (GB)         Free physical memory (GB) 
                                                                          At begin     Minimum      
                        ----------------------------------------------------------------------------
                        CAD preparation     0.018                         17.297       17.297       
                        Matrices calc.      0.057                         17.263       17.237       
                        Solver run total    0.076                         17.290       17.290       
                        ----------------------------------------------------------------------------

                      --------------------------------------------------------------------------------
                      Solver Statistics:

                        Hardware:
                           Computer name:                 	JDM 

                           Number of CPU threads:               8
                           Hardware info:                  	Hardware Accelerator Device not activated

                        Number of mesh cells:             	29988
                        Excitation duration:              	1.77727437e+001 ns 
                        Calculation time for excitation:  	8 	s
                        Number of calculated pulse widths:	1.00011 
                        Steady state accuracy limit:      	-40	dB 
                        Simulated number of time steps:   	34080 
                        Maximum number of time steps:     	681502 
                        Time step width:
                           without subcycles:             	5.215751968e-004 ns
                           used:                          	5.215751968e-004 ns

                        Reloading matrices:               	0 	s
                        Solver setup time:                	1 	s
                        Solver loop time:                 	8 	s
                        Solver post-processing time:      	0 	s
                                                          	------------
                        Total solver time:                	9 	s

                      ------------------------------------------------------------------------------
2026-10-03 22:20:03   ======================================================================
                       Solver cycle: 3
                      ======================================================================

                      Stimulation at discrete port 3 



                      ------------------------------------------------------------------------------
2026-10-03 22:20:03   Units settings: 

                        Dimensions: mm
                        Frequency:  GHz
                        Time:       ns

                      ------------------------------------------------------------------------------
2026-10-03 22:20:03   The dispersive material update will be performed using the "Standard" update schema

                      ------------------------------------------------------------------------------
2026-10-03 22:20:03   The following discrete edge ports are connected to metal material:
                      	1, 2, 3, 4

                      ------------------------------------------------------------------------------
2026-10-03 22:20:03   Boundary conditions: 

                        YZsymmetry: none
                        XZsymmetry: none
                        XYsymmetry: none

                        Xmin: expanded open, 4 Layer, depth 7.43168 mm
                        Xmax: expanded open, 4 Layer, depth 7.43168 mm

                        Ymin: expanded open, 4 Layer, depth 7.43168 mm
                        Ymax: expanded open, 4 Layer, depth 7.43168 mm

                        Zmin: expanded open, 4 Layer, depth 8.43501 mm
                        Zmax: expanded open, 4 Layer, depth 7.09608 mm

                        PML-Type: Convolution PML

                      ------------------------------------------------------------------------------
2026-10-03 22:20:03   Frequency settings: 

                        Fmin:         10.2
                        Fmax:         10.6
                        Nfsteps:      1001

                      ------------------------------------------------------------------------------
2026-10-03 22:20:03   Field update statistics:

                        Number of components in total: 	189945
                        Number of TST and special elements:	680

                      Subcycling state:      			Automatically deactivated

                      ------------------------------------------------------------------------------
2026-10-03 22:20:03   Ports: 1 ... 4

                        Discrete element, reference impedance = 50 Ohm

                      ------------------------------------------------------------------------------
2026-10-03 22:20:13   
                      --------------------------------------------------------------------------------
2026-10-03 22:20:13   Steady state energy criterion met, solver finished successfully.

                      ------------------------------------------------------------------------------
2026-10-03 22:20:13   Frequency domain results normalized to default signal.


                      ------------------------------------------------------------------------------
2026-10-03 22:20:13   
                        ----------------------------------------------------------------------------
                                            Peak memory used (GB)         Free physical memory (GB) 
                                                                          At begin     Minimum      
                        ----------------------------------------------------------------------------
                        CAD preparation     0.018                         17.297       17.297       
                        Matrices calc.      0.057                         17.263       17.237       
                        Solver run total    0.076                         17.292       17.292       
                        ----------------------------------------------------------------------------

                      --------------------------------------------------------------------------------
                      Solver Statistics:

                        Hardware:
                           Computer name:                 	JDM 

                           Number of CPU threads:               8
                           Hardware info:                  	Hardware Accelerator Device not activated

                        Number of mesh cells:             	29988
                        Excitation duration:              	1.77727437e+001 ns 
                        Calculation time for excitation:  	8 	s
                        Number of calculated pulse widths:	1.00011 
                        Steady state accuracy limit:      	-40	dB 
                        Simulated number of time steps:   	34080 
                        Maximum number of time steps:     	681502 
                        Time step width:
                           without subcycles:             	5.215751968e-004 ns
                           used:                          	5.215751968e-004 ns

                        Reloading matrices:               	0 	s
                        Solver setup time:                	1 	s
                        Solver loop time:                 	8 	s
                        Solver post-processing time:      	0 	s
                                                          	------------
                        Total solver time:                	9 	s

                      ------------------------------------------------------------------------------
2026-10-03 22:20:13   ======================================================================
                       Solver cycle: 4
                      ======================================================================

                      Stimulation at discrete port 4 



                      ------------------------------------------------------------------------------
2026-10-03 22:20:13   Units settings: 

                        Dimensions: mm
                        Frequency:  GHz
                        Time:       ns

                      ------------------------------------------------------------------------------
2026-10-03 22:20:13   The dispersive material update will be performed using the "Standard" update schema

                      ------------------------------------------------------------------------------
2026-10-03 22:20:13   The following discrete edge ports are connected to metal material:
                      	1, 2, 3, 4

                      ------------------------------------------------------------------------------
2026-10-03 22:20:13   Boundary conditions: 

                        YZsymmetry: none
                        XZsymmetry: none
                        XYsymmetry: none

                        Xmin: expanded open, 4 Layer, depth 7.43168 mm
                        Xmax: expanded open, 4 Layer, depth 7.43168 mm

                        Ymin: expanded open, 4 Layer, depth 7.43168 mm
                        Ymax: expanded open, 4 Layer, depth 7.43168 mm

                        Zmin: expanded open, 4 Layer, depth 8.43501 mm
                        Zmax: expanded open, 4 Layer, depth 7.09608 mm

                        PML-Type: Convolution PML

                      ------------------------------------------------------------------------------
2026-10-03 22:20:13   Frequency settings: 

                        Fmin:         10.2
                        Fmax:         10.6
                        Nfsteps:      1001

                      ------------------------------------------------------------------------------
2026-10-03 22:20:14   Field update statistics:

                        Number of components in total: 	189945
                        Number of TST and special elements:	680

                      Subcycling state:      			Automatically deactivated

                      ------------------------------------------------------------------------------
2026-10-03 22:20:14   Ports: 1 ... 4

                        Discrete element, reference impedance = 50 Ohm

                      ------------------------------------------------------------------------------
2026-10-03 22:20:23   
                      --------------------------------------------------------------------------------
2026-10-03 22:20:23   Steady state energy criterion met, solver finished successfully.

                      ------------------------------------------------------------------------------
2026-10-03 22:20:23   Frequency domain results normalized to default signal.


                      ------------------------------------------------------------------------------
2026-10-03 22:20:23   
                        ----------------------------------------------------------------------------
                                            Peak memory used (GB)         Free physical memory (GB) 
                                                                          At begin     Minimum      
                        ----------------------------------------------------------------------------
                        CAD preparation     0.018                         17.297       17.297       
                        Matrices calc.      0.057                         17.263       17.237       
                        Solver run total    0.078                         17.311       17.304       
                        ----------------------------------------------------------------------------

                      --------------------------------------------------------------------------------
                      Solver Statistics:

                        Hardware:
                           Computer name:                 	JDM 

                           Number of CPU threads:               8
                           Hardware info:                  	Hardware Accelerator Device not activated

                        Number of mesh cells:             	29988
                        Excitation duration:              	1.77727437e+001 ns 
                        Calculation time for excitation:  	8 	s
                        Number of calculated pulse widths:	1.00011 
                        Steady state accuracy limit:      	-40	dB 
                        Simulated number of time steps:   	34080 
                        Maximum number of time steps:     	681502 
                        Time step width:
                           without subcycles:             	5.215751968e-004 ns
                           used:                          	5.215751968e-004 ns

                        Reloading matrices:               	0 	s
                        Solver setup time:                	1 	s
                        Solver loop time:                 	8 	s
                        Solver post-processing time:      	0 	s
                                                          	------------
                        Total solver time:                	9 	s

                      ------------------------------------------------------------------------------
2026-10-03 22:20:23   
                        Total solver time (all cycles):      	42     	s
                        Solver initialization and clean-up:  	5      	s
                                                             	------------
                        Total simulation time:               	47     	s

                      ------------------------------------------------------------------------------
2026-10-03 22:20:23   Time Domain: S-ParameterSolver finished at: 2026-10-03 22:20:23 +0900



                      ------------------------------------------------------------------------------
2026-10-03 22:20:25   Creating parametric 1D results for Run ID 1

                      ------------------------------------------------------------------------------
