2026-10-03 19:48:36   Defined reference frequency for open boundary condition (2.15 GHz) is larger
                      than the lowest relevant system frequency (monitor at 2 GHz).
                      Please check the Settings for PML Boundary (Simulation > Settings > Boundary
                      Conditions > Open Boundary) to ensure accurate monitor results for the lowest
                      frequency of interest. More...

                      ------------------------------------------------------------------------------
2026-10-03 19:48:36   The following farfield monitor(s) have been adjusted to model box [-36.1084,
                      36.1084, -36.1084, 36.1084, -36.2806, 60.4975]:
                        farfield (f=2), farfield (f=2.06), farfield (f=2.12), farfield (f=2.2),
                      farfield (f=2.25), farfield (f=2.3).
                      For further information please check the page "Special Solver Parameters -
                      Solver" in the Online Help.

                      ------------------------------------------------------------------------------
2026-10-03 19:48:36   According to the selected features the <Time Domain Solver (HEX)> will be
                      started.

                      ------------------------------------------------------------------------------
2026-10-03 19:48:36   
                      Solver started at: 2026-10-03 19:48:36 +0900

                        Module:  Time Domain: S-Parameter (Win 64)
                        Version: 2026.4 Release from 2026-04-14 (change 1669599)

2026-10-03 19:48:36   

                      ------------------------------------------------------------------------------
2026-10-03 19:48:36   

                      ------------------------------------------------------------------------------
2026-10-03 19:48:36   ======================================================================
                      Solver uses float precision.
                      ======================================================================



                      ------------------------------------------------------------------------------
2026-10-03 19:48:36   ======================================================================
                       Solver cycle: 1
                      ======================================================================

                      Stimulation at discrete port 1 



                      ------------------------------------------------------------------------------
2026-10-03 19:48:36   Units settings: 

                        Dimensions: mm
                        Frequency:  GHz
                        Time:       ns

                      ------------------------------------------------------------------------------
2026-10-03 19:48:36   The dispersive material update [Automatic] will be performed using the "Standard" update schema

                      ------------------------------------------------------------------------------
2026-10-03 19:48:46   The following discrete edge ports are connected to metal material:
                      	1, 2, 3, 4

                      ------------------------------------------------------------------------------
2026-10-03 19:48:46   *** Warning ***

2026-10-03 19:48:46   8 mesh edges are represented in staircase mode and have been filled with PEC.
                      16 mesh edges are partially filled with PEC.
                       More...

                      ------------------------------------------------------------------------------
2026-10-03 19:48:46   Mesh statistics:

                         Hexahedral mesh type: Perfect Boundary Approximation (PBA)
                            Version: default

                         Parallelization type: domain decomposition
                            Number of parallel working threads: 2
                            Number of calculation domains used: 2

                         Used point accuracy enhancement value: 72.00%.
                         Acceleration mode: CPU
                         PBA fill limit: 99.00% (inverse)

2026-10-03 19:48:46   Boundary conditions: 

                        YZsymmetry: none
                        XZsymmetry: none
                        XYsymmetry: none

                        Xmin: expanded open, 4 Layer, depth 38.4266 mm
                        Xmax: expanded open, 4 Layer, depth 38.4266 mm

                        Ymin: expanded open, 4 Layer, depth 38.4266 mm
                        Ymax: expanded open, 4 Layer, depth 38.4266 mm

                        Zmin: expanded open, 4 Layer, depth 36.7945 mm
                        Zmax: expanded open, 4 Layer, depth 41.2544 mm

                        PML-Type: Convolution PML

                      ------------------------------------------------------------------------------
2026-10-03 19:48:46   Frequency settings: 

                        Fmin:         2
                        Fmax:         2.3
                        Nfsteps:      1001

                      ------------------------------------------------------------------------------
2026-10-03 19:48:46   Field update statistics:

                        Number of components in total: 	439132
                        Number of TST and special elements:	552

                      Subcycling state:      			Automatically deactivated

                      ------------------------------------------------------------------------------
2026-10-03 19:48:46   Ports: 1 ... 4

                        Discrete element, reference impedance = 50 Ohm

                      ------------------------------------------------------------------------------
2026-10-03 19:48:55   
                      --------------------------------------------------------------------------------
2026-10-03 19:48:55   Steady state energy criterion met, solver finished successfully.

                      ------------------------------------------------------------------------------
2026-10-03 19:48:55   Frequency domain results normalized to default signal.


                      ------------------------------------------------------------------------------
2026-10-03 19:48:55   
                        ----------------------------------------------------------------------------
                                            Peak memory used (GB)         Free physical memory (GB) 
                                                                          At begin     Minimum      
                        ----------------------------------------------------------------------------
                        CAD preparation     0.017                         17.358       17.358       
                        Matrices calc.      0.127                         17.307       17.209       
                        Solver run total    0.083                         17.374       17.229       
                        ----------------------------------------------------------------------------

                      --------------------------------------------------------------------------------
                      Solver Statistics:

                        Hardware:
                           Computer name:                 	JDM 

                           Number of CPU threads:               8
                           Hardware info:                  	Hardware Accelerator Device not activated

                        Number of mesh cells:             	70560
                        Excitation duration:              	2.36969917e+001 ns 
                        Calculation time for excitation:  	0 	s
                        Number of calculated pulse widths:	1.00362 
                        Steady state accuracy limit:      	-40	dB 
                        Simulated number of time steps:   	22110 
                        Maximum number of time steps:     	440585 
                        Time step width:
                           without subcycles:             	1.075705358e-003 ns
                           used:                          	1.075705358e-003 ns

                        CAD preparation time:             	0      	s
                        Matrix calculation time:          	9 	s
                        Solver setup time:                	1 	s
                        Solver loop time:                 	7 	s
                        Solver post-processing time:      	0 	s
                                                          	------------
                        Total solver time:                	17 	s

                      ------------------------------------------------------------------------------
2026-10-03 19:48:55   ======================================================================
                       Solver cycle: 2
                      ======================================================================

                      Stimulation at discrete port 2 



                      ------------------------------------------------------------------------------
2026-10-03 19:48:55   Units settings: 

                        Dimensions: mm
                        Frequency:  GHz
                        Time:       ns

                      ------------------------------------------------------------------------------
2026-10-03 19:48:55   The dispersive material update will be performed using the "Standard" update schema

                      ------------------------------------------------------------------------------
2026-10-03 19:48:55   The following discrete edge ports are connected to metal material:
                      	1, 2, 3, 4

                      ------------------------------------------------------------------------------
2026-10-03 19:48:55   *** Warning ***

2026-10-03 19:48:55   8 mesh edges are represented in staircase mode and have been filled with PEC.
                      16 mesh edges are partially filled with PEC.
                       More...

                      ------------------------------------------------------------------------------
2026-10-03 19:48:55   Boundary conditions: 

                        YZsymmetry: none
                        XZsymmetry: none
                        XYsymmetry: none

                        Xmin: expanded open, 4 Layer, depth 38.4266 mm
                        Xmax: expanded open, 4 Layer, depth 38.4266 mm

                        Ymin: expanded open, 4 Layer, depth 38.4266 mm
                        Ymax: expanded open, 4 Layer, depth 38.4266 mm

                        Zmin: expanded open, 4 Layer, depth 36.7945 mm
                        Zmax: expanded open, 4 Layer, depth 41.2544 mm

                        PML-Type: Convolution PML

                      ------------------------------------------------------------------------------
2026-10-03 19:48:55   Frequency settings: 

                        Fmin:         2
                        Fmax:         2.3
                        Nfsteps:      1001

                      ------------------------------------------------------------------------------
2026-10-03 19:48:55   Field update statistics:

                        Number of components in total: 	439132
                        Number of TST and special elements:	552

                      Subcycling state:      			Automatically deactivated

                      ------------------------------------------------------------------------------
2026-10-03 19:48:55   Ports: 1 ... 4

                        Discrete element, reference impedance = 50 Ohm

                      ------------------------------------------------------------------------------
2026-10-03 19:49:04   
                      --------------------------------------------------------------------------------
2026-10-03 19:49:04   Steady state energy criterion met, solver finished successfully.

                      ------------------------------------------------------------------------------
2026-10-03 19:49:04   Frequency domain results normalized to default signal.


                      ------------------------------------------------------------------------------
2026-10-03 19:49:04   
                        ----------------------------------------------------------------------------
                                            Peak memory used (GB)         Free physical memory (GB) 
                                                                          At begin     Minimum      
                        ----------------------------------------------------------------------------
                        CAD preparation     0.017                         17.358       17.358       
                        Matrices calc.      0.127                         17.307       17.209       
                        Solver run total    0.085                         17.317       17.317       
                        ----------------------------------------------------------------------------

                      --------------------------------------------------------------------------------
                      Solver Statistics:

                        Hardware:
                           Computer name:                 	JDM 

                           Number of CPU threads:               8
                           Hardware info:                  	Hardware Accelerator Device not activated

                        Number of mesh cells:             	70560
                        Excitation duration:              	2.36969917e+001 ns 
                        Calculation time for excitation:  	0 	s
                        Number of calculated pulse widths:	1.00362 
                        Steady state accuracy limit:      	-40	dB 
                        Simulated number of time steps:   	22110 
                        Maximum number of time steps:     	440585 
                        Time step width:
                           without subcycles:             	1.075705358e-003 ns
                           used:                          	1.075705358e-003 ns

                        Reloading matrices:               	0 	s
                        Solver setup time:                	1 	s
                        Solver loop time:                 	7 	s
                        Solver post-processing time:      	0 	s
                                                          	------------
                        Total solver time:                	8 	s

                      ------------------------------------------------------------------------------
2026-10-03 19:49:04   ======================================================================
                       Solver cycle: 3
                      ======================================================================

                      Stimulation at discrete port 3 



                      ------------------------------------------------------------------------------
2026-10-03 19:49:04   Units settings: 

                        Dimensions: mm
                        Frequency:  GHz
                        Time:       ns

                      ------------------------------------------------------------------------------
2026-10-03 19:49:04   The dispersive material update will be performed using the "Standard" update schema

                      ------------------------------------------------------------------------------
2026-10-03 19:49:04   The following discrete edge ports are connected to metal material:
                      	1, 2, 3, 4

                      ------------------------------------------------------------------------------
2026-10-03 19:49:04   *** Warning ***

2026-10-03 19:49:04   8 mesh edges are represented in staircase mode and have been filled with PEC.
                      16 mesh edges are partially filled with PEC.
                       More...

                      ------------------------------------------------------------------------------
2026-10-03 19:49:04   Boundary conditions: 

                        YZsymmetry: none
                        XZsymmetry: none
                        XYsymmetry: none

                        Xmin: expanded open, 4 Layer, depth 38.4266 mm
                        Xmax: expanded open, 4 Layer, depth 38.4266 mm

                        Ymin: expanded open, 4 Layer, depth 38.4266 mm
                        Ymax: expanded open, 4 Layer, depth 38.4266 mm

                        Zmin: expanded open, 4 Layer, depth 36.7945 mm
                        Zmax: expanded open, 4 Layer, depth 41.2544 mm

                        PML-Type: Convolution PML

                      ------------------------------------------------------------------------------
2026-10-03 19:49:04   Frequency settings: 

                        Fmin:         2
                        Fmax:         2.3
                        Nfsteps:      1001

                      ------------------------------------------------------------------------------
2026-10-03 19:49:04   Field update statistics:

                        Number of components in total: 	439132
                        Number of TST and special elements:	552

                      Subcycling state:      			Automatically deactivated

                      ------------------------------------------------------------------------------
2026-10-03 19:49:04   Ports: 1 ... 4

                        Discrete element, reference impedance = 50 Ohm

                      ------------------------------------------------------------------------------
2026-10-03 19:49:13   
                      --------------------------------------------------------------------------------
2026-10-03 19:49:13   Steady state energy criterion met, solver finished successfully.

                      ------------------------------------------------------------------------------
2026-10-03 19:49:13   Frequency domain results normalized to default signal.


                      ------------------------------------------------------------------------------
2026-10-03 19:49:13   
                        ----------------------------------------------------------------------------
                                            Peak memory used (GB)         Free physical memory (GB) 
                                                                          At begin     Minimum      
                        ----------------------------------------------------------------------------
                        CAD preparation     0.017                         17.358       17.358       
                        Matrices calc.      0.127                         17.307       17.209       
                        Solver run total    0.086                         17.340       17.340       
                        ----------------------------------------------------------------------------

                      --------------------------------------------------------------------------------
                      Solver Statistics:

                        Hardware:
                           Computer name:                 	JDM 

                           Number of CPU threads:               8
                           Hardware info:                  	Hardware Accelerator Device not activated

                        Number of mesh cells:             	70560
                        Excitation duration:              	2.36969917e+001 ns 
                        Calculation time for excitation:  	0 	s
                        Number of calculated pulse widths:	1.00362 
                        Steady state accuracy limit:      	-40	dB 
                        Simulated number of time steps:   	22110 
                        Maximum number of time steps:     	440585 
                        Time step width:
                           without subcycles:             	1.075705358e-003 ns
                           used:                          	1.075705358e-003 ns

                        Reloading matrices:               	0 	s
                        Solver setup time:                	1 	s
                        Solver loop time:                 	7 	s
                        Solver post-processing time:      	0 	s
                                                          	------------
                        Total solver time:                	8 	s

                      ------------------------------------------------------------------------------
2026-10-03 19:49:13   ======================================================================
                       Solver cycle: 4
                      ======================================================================

                      Stimulation at discrete port 4 



                      ------------------------------------------------------------------------------
2026-10-03 19:49:13   Units settings: 

                        Dimensions: mm
                        Frequency:  GHz
                        Time:       ns

                      ------------------------------------------------------------------------------
2026-10-03 19:49:13   The dispersive material update will be performed using the "Standard" update schema

                      ------------------------------------------------------------------------------
2026-10-03 19:49:13   The following discrete edge ports are connected to metal material:
                      	1, 2, 3, 4

                      ------------------------------------------------------------------------------
2026-10-03 19:49:13   *** Warning ***

2026-10-03 19:49:13   8 mesh edges are represented in staircase mode and have been filled with PEC.
                      16 mesh edges are partially filled with PEC.
                       More...

                      ------------------------------------------------------------------------------
2026-10-03 19:49:13   Boundary conditions: 

                        YZsymmetry: none
                        XZsymmetry: none
                        XYsymmetry: none

                        Xmin: expanded open, 4 Layer, depth 38.4266 mm
                        Xmax: expanded open, 4 Layer, depth 38.4266 mm

                        Ymin: expanded open, 4 Layer, depth 38.4266 mm
                        Ymax: expanded open, 4 Layer, depth 38.4266 mm

                        Zmin: expanded open, 4 Layer, depth 36.7945 mm
                        Zmax: expanded open, 4 Layer, depth 41.2544 mm

                        PML-Type: Convolution PML

                      ------------------------------------------------------------------------------
2026-10-03 19:49:13   Frequency settings: 

                        Fmin:         2
                        Fmax:         2.3
                        Nfsteps:      1001

                      ------------------------------------------------------------------------------
2026-10-03 19:49:13   Field update statistics:

                        Number of components in total: 	439132
                        Number of TST and special elements:	552

                      Subcycling state:      			Automatically deactivated

                      ------------------------------------------------------------------------------
2026-10-03 19:49:13   Ports: 1 ... 4

                        Discrete element, reference impedance = 50 Ohm

                      ------------------------------------------------------------------------------
2026-10-03 19:49:22   
                      --------------------------------------------------------------------------------
2026-10-03 19:49:22   Steady state energy criterion met, solver finished successfully.

                      ------------------------------------------------------------------------------
2026-10-03 19:49:22   Frequency domain results normalized to default signal.


                      ------------------------------------------------------------------------------
2026-10-03 19:49:22   
                        ----------------------------------------------------------------------------
                                            Peak memory used (GB)         Free physical memory (GB) 
                                                                          At begin     Minimum      
                        ----------------------------------------------------------------------------
                        CAD preparation     0.017                         17.358       17.358       
                        Matrices calc.      0.127                         17.307       17.209       
                        Solver run total    0.086                         17.342       17.342       
                        ----------------------------------------------------------------------------

                      --------------------------------------------------------------------------------
                      Solver Statistics:

                        Hardware:
                           Computer name:                 	JDM 

                           Number of CPU threads:               8
                           Hardware info:                  	Hardware Accelerator Device not activated

                        Number of mesh cells:             	70560
                        Excitation duration:              	2.36969917e+001 ns 
                        Calculation time for excitation:  	0 	s
                        Number of calculated pulse widths:	1.00362 
                        Steady state accuracy limit:      	-40	dB 
                        Simulated number of time steps:   	22110 
                        Maximum number of time steps:     	440585 
                        Time step width:
                           without subcycles:             	1.075705358e-003 ns
                           used:                          	1.075705358e-003 ns

                        Reloading matrices:               	0 	s
                        Solver setup time:                	1 	s
                        Solver loop time:                 	7 	s
                        Solver post-processing time:      	0 	s
                                                          	------------
                        Total solver time:                	8 	s

                      ------------------------------------------------------------------------------
2026-10-03 19:49:22   
                        Total solver time (all cycles):      	41     	s
                        Solver initialization and clean-up:  	4      	s
                                                             	------------
                        Total simulation time:               	45     	s

                      ------------------------------------------------------------------------------
2026-10-03 19:49:22   Time Domain: S-ParameterSolver finished at: 2026-10-03 19:49:22 +0900



                      ------------------------------------------------------------------------------
2026-10-03 19:49:24   Creating parametric 1D results for Run ID 1

                      ------------------------------------------------------------------------------
