2026-10-03 19:30:21   Defined reference frequency for open boundary condition (2.15 GHz) is larger
                      than the lowest relevant system frequency (monitor at 2.06 GHz).
                      Please check the Settings for PML Boundary (Simulation > Settings > Boundary
                      Conditions > Open Boundary) to ensure accurate monitor results for the lowest
                      frequency of interest. More...

                      ------------------------------------------------------------------------------
2026-10-03 19:30:22   The following farfield monitor(s) have been adjusted to model box [-35.9265,
                      35.9265, -35.9265, 35.9265, -38.0004, 168.332]:
                        farfield (f=2.06), farfield (f=2.25).
                      For further information please check the page "Special Solver Parameters -
                      Solver" in the Online Help.

                      ------------------------------------------------------------------------------
2026-10-03 19:30:22   According to the selected features the <Time Domain Solver (HEX)> will be
                      started.

                      ------------------------------------------------------------------------------
2026-10-03 19:30:22   
                      Solver started at: 2026-10-03 19:30:22 +0900

                        Module:  Time Domain: S-Parameter (Win 64)
                        Version: 2026.4 Release from 2026-04-14 (change 1669599)

2026-10-03 19:30:22   

                      ------------------------------------------------------------------------------
2026-10-03 19:30:22   

                      ------------------------------------------------------------------------------
2026-10-03 19:30:22   ======================================================================
                      Solver uses float precision.
                      ======================================================================



                      ------------------------------------------------------------------------------
2026-10-03 19:30:22   ======================================================================
                       Solver cycle: 1
                      ======================================================================

                      Stimulation at discrete port 1 



                      ------------------------------------------------------------------------------
2026-10-03 19:30:22   Units settings: 

                        Dimensions: mm
                        Frequency:  GHz
                        Time:       ns

                      ------------------------------------------------------------------------------
2026-10-03 19:30:22   The dispersive material update [Automatic] will be performed using the "Standard" update schema

                      ------------------------------------------------------------------------------
2026-10-03 19:30:43   The following discrete edge ports are connected to metal material:
                      	1, 2, 3, 4

                      ------------------------------------------------------------------------------
2026-10-03 19:30:43   *** Warning ***

2026-10-03 19:30:43   28 mesh edges are represented in staircase mode and have been filled with PEC.
                      56 mesh edges are partially filled with PEC.
                       More...

                      ------------------------------------------------------------------------------
2026-10-03 19:30:43   Mesh statistics:

                         Hexahedral mesh type: Perfect Boundary Approximation (PBA)
                            Version: default

                         Parallelization type: domain decomposition
                            Number of parallel working threads: 2
                            Number of calculation domains used: 2

                         Used point accuracy enhancement value: 72.00%.
                         Acceleration mode: CPU
                         PBA fill limit: 99.00% (inverse)

2026-10-03 19:30:43   Boundary conditions: 

                        YZsymmetry: none
                        XZsymmetry: none
                        XYsymmetry: none

                        Xmin: expanded open, 4 Layer, depth 34.3223 mm
                        Xmax: expanded open, 4 Layer, depth 34.3223 mm

                        Ymin: expanded open, 4 Layer, depth 34.3223 mm
                        Ymax: expanded open, 4 Layer, depth 34.3223 mm

                        Zmin: expanded open, 4 Layer, depth 38.623 mm
                        Zmax: expanded open, 4 Layer, depth 40.3479 mm

                        PML-Type: Convolution PML

                      ------------------------------------------------------------------------------
2026-10-03 19:30:43   Frequency settings: 

                        Fmin:         2
                        Fmax:         2.3
                        Nfsteps:      1001

                      ------------------------------------------------------------------------------
2026-10-03 19:30:44   Field update statistics:

                        Number of components in total: 	438752
                        Number of TST and special elements:	1732

                      Subcycling state:      			Automatically deactivated

                      ------------------------------------------------------------------------------
2026-10-03 19:30:44   Ports: 1 ... 4

                        Discrete element, reference impedance = 50 Ohm

                      ------------------------------------------------------------------------------
2026-10-03 19:30:50   
                      --------------------------------------------------------------------------------
2026-10-03 19:30:50   Steady state energy criterion met, solver finished successfully.

                      ------------------------------------------------------------------------------
2026-10-03 19:30:50   Frequency domain results normalized to default signal.


                      ------------------------------------------------------------------------------
2026-10-03 19:30:50   
                        ----------------------------------------------------------------------------
                                            Peak memory used (GB)         Free physical memory (GB) 
                                                                          At begin     Minimum      
                        ----------------------------------------------------------------------------
                        CAD preparation     0.017                         19.631       19.631       
                        Matrices calc.      0.118                         19.629       19.518       
                        Solver run total    0.082                         19.654       19.309       
                        ----------------------------------------------------------------------------

                      --------------------------------------------------------------------------------
                      Solver Statistics:

                        Hardware:
                           Computer name:                 	JDM 

                           Number of CPU threads:               8
                           Hardware info:                  	Hardware Accelerator Device not activated

                        Number of mesh cells:             	70400
                        Excitation duration:              	2.36969917e+001 ns 
                        Calculation time for excitation:  	0 	s
                        Number of calculated pulse widths:	1.13977 
                        Steady state accuracy limit:      	-40	dB 
                        Simulated number of time steps:   	16732 
                        Maximum number of time steps:     	293584 
                        Time step width:
                           without subcycles:             	1.614319608e-003 ns
                           used:                          	1.614319608e-003 ns

                        CAD preparation time:             	1      	s
                        Matrix calculation time:          	19 	s
                        Solver setup time:                	1 	s
                        Solver loop time:                 	5 	s
                        Solver post-processing time:      	0 	s
                                                          	------------
                        Total solver time:                	26 	s

                      ------------------------------------------------------------------------------
2026-10-03 19:30:51   ======================================================================
                       Solver cycle: 2
                      ======================================================================

                      Stimulation at discrete port 2 



                      ------------------------------------------------------------------------------
2026-10-03 19:30:51   Units settings: 

                        Dimensions: mm
                        Frequency:  GHz
                        Time:       ns

                      ------------------------------------------------------------------------------
2026-10-03 19:30:51   The dispersive material update will be performed using the "Standard" update schema

                      ------------------------------------------------------------------------------
2026-10-03 19:30:51   The following discrete edge ports are connected to metal material:
                      	1, 2, 3, 4

                      ------------------------------------------------------------------------------
2026-10-03 19:30:51   *** Warning ***

2026-10-03 19:30:51   28 mesh edges are represented in staircase mode and have been filled with PEC.
                      56 mesh edges are partially filled with PEC.
                       More...

                      ------------------------------------------------------------------------------
2026-10-03 19:30:51   Boundary conditions: 

                        YZsymmetry: none
                        XZsymmetry: none
                        XYsymmetry: none

                        Xmin: expanded open, 4 Layer, depth 34.3223 mm
                        Xmax: expanded open, 4 Layer, depth 34.3223 mm

                        Ymin: expanded open, 4 Layer, depth 34.3223 mm
                        Ymax: expanded open, 4 Layer, depth 34.3223 mm

                        Zmin: expanded open, 4 Layer, depth 38.623 mm
                        Zmax: expanded open, 4 Layer, depth 40.3479 mm

                        PML-Type: Convolution PML

                      ------------------------------------------------------------------------------
2026-10-03 19:30:51   Frequency settings: 

                        Fmin:         2
                        Fmax:         2.3
                        Nfsteps:      1001

                      ------------------------------------------------------------------------------
2026-10-03 19:30:51   Field update statistics:

                        Number of components in total: 	438752
                        Number of TST and special elements:	1732

                      Subcycling state:      			Automatically deactivated

                      ------------------------------------------------------------------------------
2026-10-03 19:30:51   Ports: 1 ... 4

                        Discrete element, reference impedance = 50 Ohm

                      ------------------------------------------------------------------------------
2026-10-03 19:30:58   
                      --------------------------------------------------------------------------------
2026-10-03 19:30:58   Steady state energy criterion met, solver finished successfully.

                      ------------------------------------------------------------------------------
2026-10-03 19:30:58   Frequency domain results normalized to default signal.


                      ------------------------------------------------------------------------------
2026-10-03 19:30:58   
                        ----------------------------------------------------------------------------
                                            Peak memory used (GB)         Free physical memory (GB) 
                                                                          At begin     Minimum      
                        ----------------------------------------------------------------------------
                        CAD preparation     0.017                         19.631       19.631       
                        Matrices calc.      0.118                         19.629       19.518       
                        Solver run total    0.085                         19.622       19.622       
                        ----------------------------------------------------------------------------

                      --------------------------------------------------------------------------------
                      Solver Statistics:

                        Hardware:
                           Computer name:                 	JDM 

                           Number of CPU threads:               8
                           Hardware info:                  	Hardware Accelerator Device not activated

                        Number of mesh cells:             	70400
                        Excitation duration:              	2.36969917e+001 ns 
                        Calculation time for excitation:  	0 	s
                        Number of calculated pulse widths:	1.13977 
                        Steady state accuracy limit:      	-40	dB 
                        Simulated number of time steps:   	16732 
                        Maximum number of time steps:     	293584 
                        Time step width:
                           without subcycles:             	1.614319608e-003 ns
                           used:                          	1.614319608e-003 ns

                        Reloading matrices:               	0 	s
                        Solver setup time:                	1 	s
                        Solver loop time:                 	5 	s
                        Solver post-processing time:      	0 	s
                                                          	------------
                        Total solver time:                	6 	s

                      ------------------------------------------------------------------------------
2026-10-03 19:30:58   ======================================================================
                       Solver cycle: 3
                      ======================================================================

                      Stimulation at discrete port 3 



                      ------------------------------------------------------------------------------
2026-10-03 19:30:58   Units settings: 

                        Dimensions: mm
                        Frequency:  GHz
                        Time:       ns

                      ------------------------------------------------------------------------------
2026-10-03 19:30:58   The dispersive material update will be performed using the "Standard" update schema

                      ------------------------------------------------------------------------------
2026-10-03 19:30:58   The following discrete edge ports are connected to metal material:
                      	1, 2, 3, 4

                      ------------------------------------------------------------------------------
2026-10-03 19:30:58   *** Warning ***

2026-10-03 19:30:58   28 mesh edges are represented in staircase mode and have been filled with PEC.
                      56 mesh edges are partially filled with PEC.
                       More...

                      ------------------------------------------------------------------------------
2026-10-03 19:30:59   Boundary conditions: 

                        YZsymmetry: none
                        XZsymmetry: none
                        XYsymmetry: none

                        Xmin: expanded open, 4 Layer, depth 34.3223 mm
                        Xmax: expanded open, 4 Layer, depth 34.3223 mm

                        Ymin: expanded open, 4 Layer, depth 34.3223 mm
                        Ymax: expanded open, 4 Layer, depth 34.3223 mm

                        Zmin: expanded open, 4 Layer, depth 38.623 mm
                        Zmax: expanded open, 4 Layer, depth 40.3479 mm

                        PML-Type: Convolution PML

                      ------------------------------------------------------------------------------
2026-10-03 19:30:59   Frequency settings: 

                        Fmin:         2
                        Fmax:         2.3
                        Nfsteps:      1001

                      ------------------------------------------------------------------------------
2026-10-03 19:30:59   Field update statistics:

                        Number of components in total: 	438752
                        Number of TST and special elements:	1732

                      Subcycling state:      			Automatically deactivated

                      ------------------------------------------------------------------------------
2026-10-03 19:30:59   Ports: 1 ... 4

                        Discrete element, reference impedance = 50 Ohm

                      ------------------------------------------------------------------------------
2026-10-03 19:31:05   
                      --------------------------------------------------------------------------------
2026-10-03 19:31:05   Steady state energy criterion met, solver finished successfully.

                      ------------------------------------------------------------------------------
2026-10-03 19:31:05   Frequency domain results normalized to default signal.


                      ------------------------------------------------------------------------------
2026-10-03 19:31:05   
                        ----------------------------------------------------------------------------
                                            Peak memory used (GB)         Free physical memory (GB) 
                                                                          At begin     Minimum      
                        ----------------------------------------------------------------------------
                        CAD preparation     0.017                         19.631       19.631       
                        Matrices calc.      0.118                         19.629       19.518       
                        Solver run total    0.085                         19.626       19.626       
                        ----------------------------------------------------------------------------

                      --------------------------------------------------------------------------------
                      Solver Statistics:

                        Hardware:
                           Computer name:                 	JDM 

                           Number of CPU threads:               8
                           Hardware info:                  	Hardware Accelerator Device not activated

                        Number of mesh cells:             	70400
                        Excitation duration:              	2.36969917e+001 ns 
                        Calculation time for excitation:  	0 	s
                        Number of calculated pulse widths:	1.13977 
                        Steady state accuracy limit:      	-40	dB 
                        Simulated number of time steps:   	16732 
                        Maximum number of time steps:     	293584 
                        Time step width:
                           without subcycles:             	1.614319608e-003 ns
                           used:                          	1.614319608e-003 ns

                        Reloading matrices:               	0 	s
                        Solver setup time:                	1 	s
                        Solver loop time:                 	5 	s
                        Solver post-processing time:      	0 	s
                                                          	------------
                        Total solver time:                	6 	s

                      ------------------------------------------------------------------------------
2026-10-03 19:31:06   ======================================================================
                       Solver cycle: 4
                      ======================================================================

                      Stimulation at discrete port 4 



                      ------------------------------------------------------------------------------
2026-10-03 19:31:06   Units settings: 

                        Dimensions: mm
                        Frequency:  GHz
                        Time:       ns

                      ------------------------------------------------------------------------------
2026-10-03 19:31:06   The dispersive material update will be performed using the "Standard" update schema

                      ------------------------------------------------------------------------------
2026-10-03 19:31:06   The following discrete edge ports are connected to metal material:
                      	1, 2, 3, 4

                      ------------------------------------------------------------------------------
2026-10-03 19:31:06   *** Warning ***

2026-10-03 19:31:06   28 mesh edges are represented in staircase mode and have been filled with PEC.
                      56 mesh edges are partially filled with PEC.
                       More...

                      ------------------------------------------------------------------------------
2026-10-03 19:31:06   Boundary conditions: 

                        YZsymmetry: none
                        XZsymmetry: none
                        XYsymmetry: none

                        Xmin: expanded open, 4 Layer, depth 34.3223 mm
                        Xmax: expanded open, 4 Layer, depth 34.3223 mm

                        Ymin: expanded open, 4 Layer, depth 34.3223 mm
                        Ymax: expanded open, 4 Layer, depth 34.3223 mm

                        Zmin: expanded open, 4 Layer, depth 38.623 mm
                        Zmax: expanded open, 4 Layer, depth 40.3479 mm

                        PML-Type: Convolution PML

                      ------------------------------------------------------------------------------
2026-10-03 19:31:06   Frequency settings: 

                        Fmin:         2
                        Fmax:         2.3
                        Nfsteps:      1001

                      ------------------------------------------------------------------------------
2026-10-03 19:31:06   Field update statistics:

                        Number of components in total: 	438752
                        Number of TST and special elements:	1732

                      Subcycling state:      			Automatically deactivated

                      ------------------------------------------------------------------------------
2026-10-03 19:31:06   Ports: 1 ... 4

                        Discrete element, reference impedance = 50 Ohm

                      ------------------------------------------------------------------------------
2026-10-03 19:31:13   
                      --------------------------------------------------------------------------------
2026-10-03 19:31:13   Steady state energy criterion met, solver finished successfully.

                      ------------------------------------------------------------------------------
2026-10-03 19:31:13   Frequency domain results normalized to default signal.


                      ------------------------------------------------------------------------------
2026-10-03 19:31:13   
                        ----------------------------------------------------------------------------
                                            Peak memory used (GB)         Free physical memory (GB) 
                                                                          At begin     Minimum      
                        ----------------------------------------------------------------------------
                        CAD preparation     0.017                         19.631       19.631       
                        Matrices calc.      0.118                         19.629       19.518       
                        Solver run total    0.085                         19.630       19.630       
                        ----------------------------------------------------------------------------

                      --------------------------------------------------------------------------------
                      Solver Statistics:

                        Hardware:
                           Computer name:                 	JDM 

                           Number of CPU threads:               8
                           Hardware info:                  	Hardware Accelerator Device not activated

                        Number of mesh cells:             	70400
                        Excitation duration:              	2.36969917e+001 ns 
                        Calculation time for excitation:  	0 	s
                        Number of calculated pulse widths:	1.13977 
                        Steady state accuracy limit:      	-40	dB 
                        Simulated number of time steps:   	16732 
                        Maximum number of time steps:     	293584 
                        Time step width:
                           without subcycles:             	1.614319608e-003 ns
                           used:                          	1.614319608e-003 ns

                        Reloading matrices:               	0 	s
                        Solver setup time:                	1 	s
                        Solver loop time:                 	5 	s
                        Solver post-processing time:      	0 	s
                                                          	------------
                        Total solver time:                	6 	s

                      ------------------------------------------------------------------------------
2026-10-03 19:31:13   
                        Total solver time (all cycles):      	44     	s
                        Solver initialization and clean-up:  	7      	s
                                                             	------------
                        Total simulation time:               	51     	s

                      ------------------------------------------------------------------------------
2026-10-03 19:31:13   Time Domain: S-ParameterSolver finished at: 2026-10-03 19:31:13 +0900



                      ------------------------------------------------------------------------------
2026-10-03 19:31:15   Creating parametric 1D results for Run ID 1

                      ------------------------------------------------------------------------------
