2026-10-03 21:55:17   The following farfield monitor(s) have been adjusted to model box [-16.3899,
                      16.3899, -16.3899, 16.3899, -1.91125, 5.59657]:
                        farfield (f=8), farfield (f=8.2), farfield (f=8.4).
                      For further information please check the page "Special Solver Parameters -
                      Solver" in the Online Help.

                      ------------------------------------------------------------------------------
2026-10-03 21:55:17   According to the selected features the <Time Domain Solver (HEX)> will be
                      started.

                      ------------------------------------------------------------------------------
2026-10-03 21:55:17   
                      Solver started at: 2026-10-03 21:55:17 +0900

                        Module:  Time Domain: S-Parameter (Win 64)
                        Version: 2026.4 Release from 2026-04-14 (change 1669599)

2026-10-03 21:55:17   

                      ------------------------------------------------------------------------------
2026-10-03 21:55:17   

                      ------------------------------------------------------------------------------
2026-10-03 21:55:17   ======================================================================
                      Solver uses float precision.
                      ======================================================================



                      ------------------------------------------------------------------------------
2026-10-03 21:55:17   ======================================================================
                       Solver cycle: 1
                      ======================================================================

                      Stimulation at discrete port 1 



                      ------------------------------------------------------------------------------
2026-10-03 21:55:18   Units settings: 

                        Dimensions: mm
                        Frequency:  GHz
                        Time:       ns

                      ------------------------------------------------------------------------------
2026-10-03 21:55:18   The dispersive material update [Automatic] will be performed using the "Standard" update schema

                      ------------------------------------------------------------------------------
2026-10-03 21:55:24   The following discrete edge ports are connected to metal material:
                      	1, 2, 3, 4

                      ------------------------------------------------------------------------------
2026-10-03 21:55:24   Mesh statistics:

                         Hexahedral mesh type: Perfect Boundary Approximation (PBA)
                            Version: default

                         Parallelization type: domain decomposition
                            Number of parallel working threads: 1
                            Number of calculation domains used: 1

                         Used point accuracy enhancement value: 75.00%.
                         Acceleration mode: CPU
                         PBA fill limit: 99.00% (inverse)

2026-10-03 21:55:25   Boundary conditions: 

                        YZsymmetry: none
                        XZsymmetry: none
                        XYsymmetry: none

                        Xmin: expanded open, 4 Layer, depth 10.4415 mm
                        Xmax: expanded open, 4 Layer, depth 10.4415 mm

                        Ymin: expanded open, 4 Layer, depth 10.4415 mm
                        Ymax: expanded open, 4 Layer, depth 10.4415 mm

                        Zmin: expanded open, 4 Layer, depth 9.05762 mm
                        Zmax: expanded open, 4 Layer, depth 10.0469 mm

                        PML-Type: Convolution PML

                      ------------------------------------------------------------------------------
2026-10-03 21:55:25   Frequency settings: 

                        Fmin:         7.9
                        Fmax:         8.5
                        Nfsteps:      1001

                      ------------------------------------------------------------------------------
2026-10-03 21:55:25   Field update statistics:

                        Number of components in total: 	219958
                        Number of TST and special elements:	408

                      Subcycling state:      			Automatically deactivated

                      ------------------------------------------------------------------------------
2026-10-03 21:55:25   Ports: 1 ... 4

                        Discrete element, reference impedance = 50 Ohm

                      ------------------------------------------------------------------------------
2026-10-03 21:55:32   
                      --------------------------------------------------------------------------------
2026-10-03 21:55:32   Steady state energy criterion met, solver finished successfully.

                      ------------------------------------------------------------------------------
2026-10-03 21:55:32   Frequency domain results normalized to default signal.


                      ------------------------------------------------------------------------------
2026-10-03 21:55:32   
                        ----------------------------------------------------------------------------
                                            Peak memory used (GB)         Free physical memory (GB) 
                                                                          At begin     Minimum      
                        ----------------------------------------------------------------------------
                        CAD preparation     0.017                         18.847       18.847       
                        Matrices calc.      0.061                         18.821       18.761       
                        Solver run total    0.074                         18.854       18.788       
                        ----------------------------------------------------------------------------

                      --------------------------------------------------------------------------------
                      Solver Statistics:

                        Hardware:
                           Computer name:                 	JDM 

                           Number of CPU threads:               8
                           Hardware info:                  	Hardware Accelerator Device not activated

                        Number of mesh cells:             	34848
                        Excitation duration:              	1.18484958e+001 ns 
                        Calculation time for excitation:  	0 	s
                        Number of calculated pulse widths:	1.00228 
                        Steady state accuracy limit:      	-40	dB 
                        Simulated number of time steps:   	21960 
                        Maximum number of time steps:     	438181 
                        Time step width:
                           without subcycles:             	5.408025491e-004 ns
                           used:                          	5.408025491e-004 ns

                        CAD preparation time:             	0      	s
                        Matrix calculation time:          	6 	s
                        Solver setup time:                	1 	s
                        Solver loop time:                 	5 	s
                        Solver post-processing time:      	0 	s
                                                          	------------
                        Total solver time:                	12 	s

                      ------------------------------------------------------------------------------
2026-10-03 21:55:32   ======================================================================
                       Solver cycle: 2
                      ======================================================================

                      Stimulation at discrete port 2 



                      ------------------------------------------------------------------------------
2026-10-03 21:55:32   Units settings: 

                        Dimensions: mm
                        Frequency:  GHz
                        Time:       ns

                      ------------------------------------------------------------------------------
2026-10-03 21:55:32   The dispersive material update will be performed using the "Standard" update schema

                      ------------------------------------------------------------------------------
2026-10-03 21:55:32   The following discrete edge ports are connected to metal material:
                      	1, 2, 3, 4

                      ------------------------------------------------------------------------------
2026-10-03 21:55:33   Boundary conditions: 

                        YZsymmetry: none
                        XZsymmetry: none
                        XYsymmetry: none

                        Xmin: expanded open, 4 Layer, depth 10.4415 mm
                        Xmax: expanded open, 4 Layer, depth 10.4415 mm

                        Ymin: expanded open, 4 Layer, depth 10.4415 mm
                        Ymax: expanded open, 4 Layer, depth 10.4415 mm

                        Zmin: expanded open, 4 Layer, depth 9.05762 mm
                        Zmax: expanded open, 4 Layer, depth 10.0469 mm

                        PML-Type: Convolution PML

                      ------------------------------------------------------------------------------
2026-10-03 21:55:33   Frequency settings: 

                        Fmin:         7.9
                        Fmax:         8.5
                        Nfsteps:      1001

                      ------------------------------------------------------------------------------
2026-10-03 21:55:33   Field update statistics:

                        Number of components in total: 	219958
                        Number of TST and special elements:	408

                      Subcycling state:      			Automatically deactivated

                      ------------------------------------------------------------------------------
2026-10-03 21:55:33   Ports: 1 ... 4

                        Discrete element, reference impedance = 50 Ohm

                      ------------------------------------------------------------------------------
2026-10-03 21:55:40   
                      --------------------------------------------------------------------------------
2026-10-03 21:55:40   Steady state energy criterion met, solver finished successfully.

                      ------------------------------------------------------------------------------
2026-10-03 21:55:40   Frequency domain results normalized to default signal.


                      ------------------------------------------------------------------------------
2026-10-03 21:55:40   
                        ----------------------------------------------------------------------------
                                            Peak memory used (GB)         Free physical memory (GB) 
                                                                          At begin     Minimum      
                        ----------------------------------------------------------------------------
                        CAD preparation     0.017                         18.847       18.847       
                        Matrices calc.      0.061                         18.821       18.761       
                        Solver run total    0.077                         18.811       18.811       
                        ----------------------------------------------------------------------------

                      --------------------------------------------------------------------------------
                      Solver Statistics:

                        Hardware:
                           Computer name:                 	JDM 

                           Number of CPU threads:               8
                           Hardware info:                  	Hardware Accelerator Device not activated

                        Number of mesh cells:             	34848
                        Excitation duration:              	1.18484958e+001 ns 
                        Calculation time for excitation:  	0 	s
                        Number of calculated pulse widths:	1.00228 
                        Steady state accuracy limit:      	-40	dB 
                        Simulated number of time steps:   	21960 
                        Maximum number of time steps:     	438181 
                        Time step width:
                           without subcycles:             	5.408025491e-004 ns
                           used:                          	5.408025491e-004 ns

                        Reloading matrices:               	0 	s
                        Solver setup time:                	1 	s
                        Solver loop time:                 	5 	s
                        Solver post-processing time:      	0 	s
                                                          	------------
                        Total solver time:                	6 	s

                      ------------------------------------------------------------------------------
2026-10-03 21:55:40   ======================================================================
                       Solver cycle: 3
                      ======================================================================

                      Stimulation at discrete port 3 



                      ------------------------------------------------------------------------------
2026-10-03 21:55:40   Units settings: 

                        Dimensions: mm
                        Frequency:  GHz
                        Time:       ns

                      ------------------------------------------------------------------------------
2026-10-03 21:55:40   The dispersive material update will be performed using the "Standard" update schema

                      ------------------------------------------------------------------------------
2026-10-03 21:55:40   The following discrete edge ports are connected to metal material:
                      	1, 2, 3, 4

                      ------------------------------------------------------------------------------
2026-10-03 21:55:40   Boundary conditions: 

                        YZsymmetry: none
                        XZsymmetry: none
                        XYsymmetry: none

                        Xmin: expanded open, 4 Layer, depth 10.4415 mm
                        Xmax: expanded open, 4 Layer, depth 10.4415 mm

                        Ymin: expanded open, 4 Layer, depth 10.4415 mm
                        Ymax: expanded open, 4 Layer, depth 10.4415 mm

                        Zmin: expanded open, 4 Layer, depth 9.05762 mm
                        Zmax: expanded open, 4 Layer, depth 10.0469 mm

                        PML-Type: Convolution PML

                      ------------------------------------------------------------------------------
2026-10-03 21:55:40   Frequency settings: 

                        Fmin:         7.9
                        Fmax:         8.5
                        Nfsteps:      1001

                      ------------------------------------------------------------------------------
2026-10-03 21:55:40   Field update statistics:

                        Number of components in total: 	219958
                        Number of TST and special elements:	408

                      Subcycling state:      			Automatically deactivated

                      ------------------------------------------------------------------------------
2026-10-03 21:55:40   Ports: 1 ... 4

                        Discrete element, reference impedance = 50 Ohm

                      ------------------------------------------------------------------------------
2026-10-03 21:55:47   
                      --------------------------------------------------------------------------------
2026-10-03 21:55:47   Steady state energy criterion met, solver finished successfully.

                      ------------------------------------------------------------------------------
2026-10-03 21:55:47   Frequency domain results normalized to default signal.


                      ------------------------------------------------------------------------------
2026-10-03 21:55:47   
                        ----------------------------------------------------------------------------
                                            Peak memory used (GB)         Free physical memory (GB) 
                                                                          At begin     Minimum      
                        ----------------------------------------------------------------------------
                        CAD preparation     0.017                         18.847       18.847       
                        Matrices calc.      0.061                         18.821       18.761       
                        Solver run total    0.077                         18.837       18.837       
                        ----------------------------------------------------------------------------

                      --------------------------------------------------------------------------------
                      Solver Statistics:

                        Hardware:
                           Computer name:                 	JDM 

                           Number of CPU threads:               8
                           Hardware info:                  	Hardware Accelerator Device not activated

                        Number of mesh cells:             	34848
                        Excitation duration:              	1.18484958e+001 ns 
                        Calculation time for excitation:  	0 	s
                        Number of calculated pulse widths:	1.00228 
                        Steady state accuracy limit:      	-40	dB 
                        Simulated number of time steps:   	21960 
                        Maximum number of time steps:     	438181 
                        Time step width:
                           without subcycles:             	5.408025491e-004 ns
                           used:                          	5.408025491e-004 ns

                        Reloading matrices:               	0 	s
                        Solver setup time:                	1 	s
                        Solver loop time:                 	5 	s
                        Solver post-processing time:      	0 	s
                                                          	------------
                        Total solver time:                	6 	s

                      ------------------------------------------------------------------------------
2026-10-03 21:55:47   ======================================================================
                       Solver cycle: 4
                      ======================================================================

                      Stimulation at discrete port 4 



                      ------------------------------------------------------------------------------
2026-10-03 21:55:47   Units settings: 

                        Dimensions: mm
                        Frequency:  GHz
                        Time:       ns

                      ------------------------------------------------------------------------------
2026-10-03 21:55:47   The dispersive material update will be performed using the "Standard" update schema

                      ------------------------------------------------------------------------------
2026-10-03 21:55:47   The following discrete edge ports are connected to metal material:
                      	1, 2, 3, 4

                      ------------------------------------------------------------------------------
2026-10-03 21:55:48   Boundary conditions: 

                        YZsymmetry: none
                        XZsymmetry: none
                        XYsymmetry: none

                        Xmin: expanded open, 4 Layer, depth 10.4415 mm
                        Xmax: expanded open, 4 Layer, depth 10.4415 mm

                        Ymin: expanded open, 4 Layer, depth 10.4415 mm
                        Ymax: expanded open, 4 Layer, depth 10.4415 mm

                        Zmin: expanded open, 4 Layer, depth 9.05762 mm
                        Zmax: expanded open, 4 Layer, depth 10.0469 mm

                        PML-Type: Convolution PML

                      ------------------------------------------------------------------------------
2026-10-03 21:55:48   Frequency settings: 

                        Fmin:         7.9
                        Fmax:         8.5
                        Nfsteps:      1001

                      ------------------------------------------------------------------------------
2026-10-03 21:55:48   Field update statistics:

                        Number of components in total: 	219958
                        Number of TST and special elements:	408

                      Subcycling state:      			Automatically deactivated

                      ------------------------------------------------------------------------------
2026-10-03 21:55:48   Ports: 1 ... 4

                        Discrete element, reference impedance = 50 Ohm

                      ------------------------------------------------------------------------------
2026-10-03 21:55:55   
                      --------------------------------------------------------------------------------
2026-10-03 21:55:55   Steady state energy criterion met, solver finished successfully.

                      ------------------------------------------------------------------------------
2026-10-03 21:55:55   Frequency domain results normalized to default signal.


                      ------------------------------------------------------------------------------
2026-10-03 21:55:55   
                        ----------------------------------------------------------------------------
                                            Peak memory used (GB)         Free physical memory (GB) 
                                                                          At begin     Minimum      
                        ----------------------------------------------------------------------------
                        CAD preparation     0.017                         18.847       18.847       
                        Matrices calc.      0.061                         18.821       18.761       
                        Solver run total    0.077                         18.837       18.837       
                        ----------------------------------------------------------------------------

                      --------------------------------------------------------------------------------
                      Solver Statistics:

                        Hardware:
                           Computer name:                 	JDM 

                           Number of CPU threads:               8
                           Hardware info:                  	Hardware Accelerator Device not activated

                        Number of mesh cells:             	34848
                        Excitation duration:              	1.18484958e+001 ns 
                        Calculation time for excitation:  	0 	s
                        Number of calculated pulse widths:	1.00228 
                        Steady state accuracy limit:      	-40	dB 
                        Simulated number of time steps:   	21960 
                        Maximum number of time steps:     	438181 
                        Time step width:
                           without subcycles:             	5.408025491e-004 ns
                           used:                          	5.408025491e-004 ns

                        Reloading matrices:               	0 	s
                        Solver setup time:                	1 	s
                        Solver loop time:                 	5 	s
                        Solver post-processing time:      	0 	s
                                                          	------------
                        Total solver time:                	6 	s

                      ------------------------------------------------------------------------------
2026-10-03 21:55:55   
                        Total solver time (all cycles):      	30     	s
                        Solver initialization and clean-up:  	7      	s
                                                             	------------
                        Total simulation time:               	37     	s

                      ------------------------------------------------------------------------------
2026-10-03 21:55:55   Time Domain: S-ParameterSolver finished at: 2026-10-03 21:55:55 +0900



                      ------------------------------------------------------------------------------
2026-10-03 21:55:57   Creating parametric 1D results for Run ID 1

                      ------------------------------------------------------------------------------
