2026-10-03 22:16:00   The following farfield monitor(s) have been adjusted to model box [-12.9152,
                      12.9152, -12.9152, 12.9152, -1.57594, 8.50207]:
                        farfield (f=10.3), farfield (f=10.4), farfield (f=10.5).
                      For further information please check the page "Special Solver Parameters -
                      Solver" in the Online Help.

                      ------------------------------------------------------------------------------
2026-10-03 22:16:00   According to the selected features the <Time Domain Solver (HEX)> will be
                      started.

                      ------------------------------------------------------------------------------
2026-10-03 22:16:01   
                      Solver started at: 2026-10-03 22:16:01 +0900

                        Module:  Time Domain: S-Parameter (Win 64)
                        Version: 2026.4 Release from 2026-04-14 (change 1669599)

2026-10-03 22:16:01   

                      ------------------------------------------------------------------------------
2026-10-03 22:16:01   

                      ------------------------------------------------------------------------------
2026-10-03 22:16:01   ======================================================================
                      Solver uses float precision.
                      ======================================================================



                      ------------------------------------------------------------------------------
2026-10-03 22:16:01   ======================================================================
                       Solver cycle: 1
                      ======================================================================

                      Stimulation at discrete port 1 



                      ------------------------------------------------------------------------------
2026-10-03 22:16:01   Units settings: 

                        Dimensions: mm
                        Frequency:  GHz
                        Time:       ns

                      ------------------------------------------------------------------------------
2026-10-03 22:16:01   The dispersive material update [Automatic] will be performed using the "Standard" update schema

                      ------------------------------------------------------------------------------
2026-10-03 22:16:08   The following discrete edge ports are connected to metal material:
                      	1, 2, 3, 4

                      ------------------------------------------------------------------------------
2026-10-03 22:16:08   Mesh statistics:

                         Hexahedral mesh type: Perfect Boundary Approximation (PBA)
                            Version: default

                         Parallelization type: domain decomposition
                            Number of parallel working threads: 1
                            Number of calculation domains used: 1

                         Used point accuracy enhancement value: 75.00%.
                         Acceleration mode: CPU
                         PBA fill limit: 99.00% (inverse)

2026-10-03 22:16:09   Boundary conditions: 

                        YZsymmetry: none
                        XZsymmetry: none
                        XYsymmetry: none

                        Xmin: expanded open, 4 Layer, depth 8.02388 mm
                        Xmax: expanded open, 4 Layer, depth 8.02388 mm

                        Ymin: expanded open, 4 Layer, depth 8.02388 mm
                        Ymax: expanded open, 4 Layer, depth 8.02388 mm

                        Zmin: expanded open, 4 Layer, depth 9.13945 mm
                        Zmax: expanded open, 4 Layer, depth 7.63513 mm

                        PML-Type: Convolution PML

                      ------------------------------------------------------------------------------
2026-10-03 22:16:09   Frequency settings: 

                        Fmin:         10.2
                        Fmax:         10.6
                        Nfsteps:      1001

                      ------------------------------------------------------------------------------
2026-10-03 22:16:09   Field update statistics:

                        Number of components in total: 	243868
                        Number of TST and special elements:	704

                      Subcycling state:      			Automatically deactivated

                      ------------------------------------------------------------------------------
2026-10-03 22:16:09   Ports: 1 ... 4

                        Discrete element, reference impedance = 50 Ohm

                      ------------------------------------------------------------------------------
2026-10-03 22:16:21   
                      --------------------------------------------------------------------------------
2026-10-03 22:16:21   Steady state energy criterion met, solver finished successfully.

                      ------------------------------------------------------------------------------
2026-10-03 22:16:21   Frequency domain results normalized to default signal.


                      ------------------------------------------------------------------------------
2026-10-03 22:16:21   
                        ----------------------------------------------------------------------------
                                            Peak memory used (GB)         Free physical memory (GB) 
                                                                          At begin     Minimum      
                        ----------------------------------------------------------------------------
                        CAD preparation     0.017                         17.970       17.970       
                        Matrices calc.      0.071                         17.957       17.909       
                        Solver run total    0.076                         17.985       17.915       
                        ----------------------------------------------------------------------------

                      --------------------------------------------------------------------------------
                      Solver Statistics:

                        Hardware:
                           Computer name:                 	JDM 

                           Number of CPU threads:               8
                           Hardware info:                  	Hardware Accelerator Device not activated

                        Number of mesh cells:             	38720
                        Excitation duration:              	1.77727437e+001 ns 
                        Calculation time for excitation:  	11 	s
                        Number of calculated pulse widths:	1.00114 
                        Steady state accuracy limit:      	-40	dB 
                        Simulated number of time steps:   	41884 
                        Maximum number of time steps:     	836703 
                        Time step width:
                           without subcycles:             	4.248275265e-004 ns
                           used:                          	4.248275265e-004 ns

                        CAD preparation time:             	0      	s
                        Matrix calculation time:          	7 	s
                        Solver setup time:                	1 	s
                        Solver loop time:                 	10 	s
                        Solver post-processing time:      	0 	s
                                                          	------------
                        Total solver time:                	18 	s

                      ------------------------------------------------------------------------------
2026-10-03 22:16:22   ======================================================================
                       Solver cycle: 2
                      ======================================================================

                      Stimulation at discrete port 2 



                      ------------------------------------------------------------------------------
2026-10-03 22:16:22   Units settings: 

                        Dimensions: mm
                        Frequency:  GHz
                        Time:       ns

                      ------------------------------------------------------------------------------
2026-10-03 22:16:22   The dispersive material update will be performed using the "Standard" update schema

                      ------------------------------------------------------------------------------
2026-10-03 22:16:22   The following discrete edge ports are connected to metal material:
                      	1, 2, 3, 4

                      ------------------------------------------------------------------------------
2026-10-03 22:16:22   Boundary conditions: 

                        YZsymmetry: none
                        XZsymmetry: none
                        XYsymmetry: none

                        Xmin: expanded open, 4 Layer, depth 8.02388 mm
                        Xmax: expanded open, 4 Layer, depth 8.02388 mm

                        Ymin: expanded open, 4 Layer, depth 8.02388 mm
                        Ymax: expanded open, 4 Layer, depth 8.02388 mm

                        Zmin: expanded open, 4 Layer, depth 9.13945 mm
                        Zmax: expanded open, 4 Layer, depth 7.63513 mm

                        PML-Type: Convolution PML

                      ------------------------------------------------------------------------------
2026-10-03 22:16:22   Frequency settings: 

                        Fmin:         10.2
                        Fmax:         10.6
                        Nfsteps:      1001

                      ------------------------------------------------------------------------------
2026-10-03 22:16:22   Field update statistics:

                        Number of components in total: 	243868
                        Number of TST and special elements:	704

                      Subcycling state:      			Automatically deactivated

                      ------------------------------------------------------------------------------
2026-10-03 22:16:22   Ports: 1 ... 4

                        Discrete element, reference impedance = 50 Ohm

                      ------------------------------------------------------------------------------
2026-10-03 22:16:34   
                      --------------------------------------------------------------------------------
2026-10-03 22:16:34   Steady state energy criterion met, solver finished successfully.

                      ------------------------------------------------------------------------------
2026-10-03 22:16:34   Frequency domain results normalized to default signal.


                      ------------------------------------------------------------------------------
2026-10-03 22:16:34   
                        ----------------------------------------------------------------------------
                                            Peak memory used (GB)         Free physical memory (GB) 
                                                                          At begin     Minimum      
                        ----------------------------------------------------------------------------
                        CAD preparation     0.017                         17.970       17.970       
                        Matrices calc.      0.071                         17.957       17.909       
                        Solver run total    0.078                         17.978       17.971       
                        ----------------------------------------------------------------------------

                      --------------------------------------------------------------------------------
                      Solver Statistics:

                        Hardware:
                           Computer name:                 	JDM 

                           Number of CPU threads:               8
                           Hardware info:                  	Hardware Accelerator Device not activated

                        Number of mesh cells:             	38720
                        Excitation duration:              	1.77727437e+001 ns 
                        Calculation time for excitation:  	10 	s
                        Number of calculated pulse widths:	1.00114 
                        Steady state accuracy limit:      	-40	dB 
                        Simulated number of time steps:   	41884 
                        Maximum number of time steps:     	836703 
                        Time step width:
                           without subcycles:             	4.248275265e-004 ns
                           used:                          	4.248275265e-004 ns

                        Reloading matrices:               	0 	s
                        Solver setup time:                	0 	s
                        Solver loop time:                 	10 	s
                        Solver post-processing time:      	0 	s
                                                          	------------
                        Total solver time:                	10 	s

                      ------------------------------------------------------------------------------
2026-10-03 22:16:34   ======================================================================
                       Solver cycle: 3
                      ======================================================================

                      Stimulation at discrete port 3 



                      ------------------------------------------------------------------------------
2026-10-03 22:16:34   Units settings: 

                        Dimensions: mm
                        Frequency:  GHz
                        Time:       ns

                      ------------------------------------------------------------------------------
2026-10-03 22:16:34   The dispersive material update will be performed using the "Standard" update schema

                      ------------------------------------------------------------------------------
2026-10-03 22:16:35   The following discrete edge ports are connected to metal material:
                      	1, 2, 3, 4

                      ------------------------------------------------------------------------------
2026-10-03 22:16:35   Boundary conditions: 

                        YZsymmetry: none
                        XZsymmetry: none
                        XYsymmetry: none

                        Xmin: expanded open, 4 Layer, depth 8.02388 mm
                        Xmax: expanded open, 4 Layer, depth 8.02388 mm

                        Ymin: expanded open, 4 Layer, depth 8.02388 mm
                        Ymax: expanded open, 4 Layer, depth 8.02388 mm

                        Zmin: expanded open, 4 Layer, depth 9.13945 mm
                        Zmax: expanded open, 4 Layer, depth 7.63513 mm

                        PML-Type: Convolution PML

                      ------------------------------------------------------------------------------
2026-10-03 22:16:35   Frequency settings: 

                        Fmin:         10.2
                        Fmax:         10.6
                        Nfsteps:      1001

                      ------------------------------------------------------------------------------
2026-10-03 22:16:35   Field update statistics:

                        Number of components in total: 	243868
                        Number of TST and special elements:	704

                      Subcycling state:      			Automatically deactivated

                      ------------------------------------------------------------------------------
2026-10-03 22:16:35   Ports: 1 ... 4

                        Discrete element, reference impedance = 50 Ohm

                      ------------------------------------------------------------------------------
2026-10-03 22:16:47   
                      --------------------------------------------------------------------------------
2026-10-03 22:16:47   Steady state energy criterion met, solver finished successfully.

                      ------------------------------------------------------------------------------
2026-10-03 22:16:47   Frequency domain results normalized to default signal.


                      ------------------------------------------------------------------------------
2026-10-03 22:16:47   
                        ----------------------------------------------------------------------------
                                            Peak memory used (GB)         Free physical memory (GB) 
                                                                          At begin     Minimum      
                        ----------------------------------------------------------------------------
                        CAD preparation     0.017                         17.970       17.970       
                        Matrices calc.      0.071                         17.957       17.909       
                        Solver run total    0.079                         17.958       17.954       
                        ----------------------------------------------------------------------------

                      --------------------------------------------------------------------------------
                      Solver Statistics:

                        Hardware:
                           Computer name:                 	JDM 

                           Number of CPU threads:               8
                           Hardware info:                  	Hardware Accelerator Device not activated

                        Number of mesh cells:             	38720
                        Excitation duration:              	1.77727437e+001 ns 
                        Calculation time for excitation:  	10 	s
                        Number of calculated pulse widths:	1.00114 
                        Steady state accuracy limit:      	-40	dB 
                        Simulated number of time steps:   	41884 
                        Maximum number of time steps:     	836703 
                        Time step width:
                           without subcycles:             	4.248275265e-004 ns
                           used:                          	4.248275265e-004 ns

                        Reloading matrices:               	0 	s
                        Solver setup time:                	1 	s
                        Solver loop time:                 	10 	s
                        Solver post-processing time:      	0 	s
                                                          	------------
                        Total solver time:                	11 	s

                      ------------------------------------------------------------------------------
2026-10-03 22:16:47   ======================================================================
                       Solver cycle: 4
                      ======================================================================

                      Stimulation at discrete port 4 



                      ------------------------------------------------------------------------------
2026-10-03 22:16:47   Units settings: 

                        Dimensions: mm
                        Frequency:  GHz
                        Time:       ns

                      ------------------------------------------------------------------------------
2026-10-03 22:16:47   The dispersive material update will be performed using the "Standard" update schema

                      ------------------------------------------------------------------------------
2026-10-03 22:16:48   The following discrete edge ports are connected to metal material:
                      	1, 2, 3, 4

                      ------------------------------------------------------------------------------
2026-10-03 22:16:48   Boundary conditions: 

                        YZsymmetry: none
                        XZsymmetry: none
                        XYsymmetry: none

                        Xmin: expanded open, 4 Layer, depth 8.02388 mm
                        Xmax: expanded open, 4 Layer, depth 8.02388 mm

                        Ymin: expanded open, 4 Layer, depth 8.02388 mm
                        Ymax: expanded open, 4 Layer, depth 8.02388 mm

                        Zmin: expanded open, 4 Layer, depth 9.13945 mm
                        Zmax: expanded open, 4 Layer, depth 7.63513 mm

                        PML-Type: Convolution PML

                      ------------------------------------------------------------------------------
2026-10-03 22:16:48   Frequency settings: 

                        Fmin:         10.2
                        Fmax:         10.6
                        Nfsteps:      1001

                      ------------------------------------------------------------------------------
2026-10-03 22:16:48   Field update statistics:

                        Number of components in total: 	243868
                        Number of TST and special elements:	704

                      Subcycling state:      			Automatically deactivated

                      ------------------------------------------------------------------------------
2026-10-03 22:16:48   Ports: 1 ... 4

                        Discrete element, reference impedance = 50 Ohm

                      ------------------------------------------------------------------------------
2026-10-03 22:17:00   
                      --------------------------------------------------------------------------------
2026-10-03 22:17:00   Steady state energy criterion met, solver finished successfully.

                      ------------------------------------------------------------------------------
2026-10-03 22:17:00   Frequency domain results normalized to default signal.


                      ------------------------------------------------------------------------------
2026-10-03 22:17:00   
                        ----------------------------------------------------------------------------
                                            Peak memory used (GB)         Free physical memory (GB) 
                                                                          At begin     Minimum      
                        ----------------------------------------------------------------------------
                        CAD preparation     0.017                         17.970       17.970       
                        Matrices calc.      0.071                         17.957       17.909       
                        Solver run total    0.079                         17.955       17.944       
                        ----------------------------------------------------------------------------

                      --------------------------------------------------------------------------------
                      Solver Statistics:

                        Hardware:
                           Computer name:                 	JDM 

                           Number of CPU threads:               8
                           Hardware info:                  	Hardware Accelerator Device not activated

                        Number of mesh cells:             	38720
                        Excitation duration:              	1.77727437e+001 ns 
                        Calculation time for excitation:  	11 	s
                        Number of calculated pulse widths:	1.00114 
                        Steady state accuracy limit:      	-40	dB 
                        Simulated number of time steps:   	41884 
                        Maximum number of time steps:     	836703 
                        Time step width:
                           without subcycles:             	4.248275265e-004 ns
                           used:                          	4.248275265e-004 ns

                        Reloading matrices:               	0 	s
                        Solver setup time:                	0 	s
                        Solver loop time:                 	10 	s
                        Solver post-processing time:      	0 	s
                                                          	------------
                        Total solver time:                	10 	s

                      ------------------------------------------------------------------------------
2026-10-03 22:17:00   
                        Total solver time (all cycles):      	49     	s
                        Solver initialization and clean-up:  	10     	s
                                                             	------------
                        Total simulation time:               	59     	s

                      ------------------------------------------------------------------------------
2026-10-03 22:17:00   Time Domain: S-ParameterSolver finished at: 2026-10-03 22:17:00 +0900



                      ------------------------------------------------------------------------------
2026-10-03 22:17:02   Creating parametric 1D results for Run ID 1

                      ------------------------------------------------------------------------------
