>>>>>>>>>>>>>>>>>>>>>>>>>>>>>>>>
Sat Sat Oct  3 22:08:53 2026
started: parallelization control
>>>>>>>>>>>>>>>>>>>>>>>>>>>>>>>>

=================================================================================
 - hardware info
   + cpu name                    : AMD Ryzen 7 5700X 8-Core Processor
   + sockets                     : 1
   + cores per socket            : 8
   + hyperthreading              : on
   + ht-units                    : 2
   + max cpuid level             : 16
   + max cpuid ext. level        : 35
   + numa nodes                  : 1
   + Numa Memory Info
     numa node     installed     available    (MByte)
       0                 0         18812
   + internal cpu info           : CPUID: selected engine is 'Leaf 0xB detection'
apic ids           : 0, 1, 2, 3, 4, 5, 6, 7, 8, 9, 10, 11, 12, 13, 14, 15
apic ids (fallback): 0, 1, 2, 3, 4, 5, 6, 7, 8, 9, 10, 11, 12, 13, 14, 15
from cpu registers: 0, 1, 2, 3, 4, 5, 6, 7, 8, 9, 10, 11, 12, 13, 14, 15
fallback: 0, 1, 2, 3, 4, 5, 6, 7, 8, 9, 10, 11, 12, 13, 14, 15
combined: 0, 1, 2, 3, 4, 5, 6, 7, 8, 9, 10, 11, 12, 13, 14, 15
max id per cpu: 16
SMT mask: 1
Core mask: e
Package mask: fffffff0
set results:
  - packages: 1
  - cores: 8
  - smts: 2
generate core map, new implementation
0, 1, 2, 3, 4, 5, 6, 7, 8, 9, 10, 11, 12, 13, 14, 15
packages: 1
cores   : 8
ht units: 2
 - sockets ids in use            : 0
 - pinning rule in use   : PINNING_RULE_MCALC_SKIP_ALL
 - desired group         : 0
 - num cores available   : 16
 - active core list from affinity: 
   + num accessible procs          : 16
   + num logical procs             : 16
   + affinity (main thread)        : 1111111111111111
   + socket ids                    : 0
   + potential log. cores          : 0,2,4,6,8,10,12,14
   + affinity                      : 1010101010101010
   + core list                  (2): 0,2,4,6,8,10,12,14
   + get list of cores again allowing for HT
   + potential log. cores          : 0,1,2,3,4,5,6,7,8,9,10,11,12,13,14,15
   + affinity                      : 1010101010101010
   + core list                  (2): 0,1,2,3,4,5,6,7,8,9,10,11,12,13,14,15
   + set/export affinity           : 0,1,2,3,4,5,6,7,8,9,10,11,12,13,14,15
 - active cores          : 0,2,4,6,8,10,12,14
 - hyperthreading        : on
 - allowed core ids      : 0,2,4,6,8,10,12,14
 - allowed core ids (aff): 10101010 10101010 
 - used mask (string)    : 10101010 10101010 
=================================================================================

===========================================================================================================================================================
Version: 2026.4 Release from 2026-04-14 (change 1669599) [Release]
Workflow: QQ-Facets
Operation: [acis, fpba, bg]
Architecture: Windows, ID: AMD64
System Windows-64bit
Using processor group 0/1
Matrix calculation information:
# of Nodes: 0
Concurrency: 0
Start ID: 0
Node ID: 0
HEX Mesh information:
Hex mesh: world: [hxr 0.0.0_41.41.24 [sm(41|41|24)] { (-0.0188685 | -0.0188685 | -0.0103685) -> (0.0188685 | 0.0188685 | 0.0123685) } np (no TSTs): 40344] 
===========================================================================================================================================================

>>>>>>>>>>>>>>>>>>>>>>>>>>>>>
Sat Sat Oct  3 22:08:53 2026
started: processing CAD model
>>>>>>>>>>>>>>>>>>>>>>>>>>>>>

========================================================================
Processing CAD model (for field results)
	[Improved internal geometry representation]
	[Accuracy improvement for long shapes in inhomogeneous mesh regions]
Version: 2026.4 Release from 2026-04-14 (change 1669599)
PBA version: default, 2.20260309 (diag 2)
Model compatibility: 2026.20260414
Sub-Workflow: Facets-QQ-GEX
Workflow updated: -
Sat Sat Oct  3 22:08:53 2026
========================================================================

========================================================================
The maximum supported number of mesh cells without MPI is: 2,147,483,647
========================================================================

===========================================
Finished CAD processing (for field results)
===========================================

<<<<<<<<<<<<<<<<<<<<<<<<<<<<<<<<<<<<<<<<<<<<
Sat Sat Oct  3 22:08:53 2026
Resource usage for processing CAD model:
	Runtime                 00:00:00.00397 s
	Peak Memory Usage                25 MB
	--------------------------------------
<<<<<<<<<<<<<<<<<<<<<<<<<<<<<<<<<<<<<<<<<<<<

>>>>>>>>>>>>>>>>>>>>>>>>>>>>>
Sat Sat Oct  3 22:08:53 2026
started: processing CAD model
>>>>>>>>>>>>>>>>>>>>>>>>>>>>>

========================================================================
Processing CAD model
	[Improved internal geometry representation]
	[Accuracy improvement for long shapes in inhomogeneous mesh regions]
Version: 2026.4 Release from 2026-04-14 (change 1669599)
PBA version: default, 2.20260309 (diag 2)
Model compatibility: 2026.20260414
Sub-Workflow: Facets-QQ-GEX
Workflow updated: -
Sat Sat Oct  3 22:08:53 2026
========================================================================

----------------------------------------------
Used point accuracy enhancement value: 75.00%.
----------------------------------------------

=============================================================================
Mesh statistics:
-----------------------------------------------------------------------------
Minimum edge length (x): 0.4 @ mesh line 13 (x)
Maximum edge length (x): 2.23 @ mesh line 39 (x)
Minimum face area (x): 0.1 @ mesh lines 13 | 13 (y | z)
Maximum face area (x): 5.17 @ mesh lines 39 | 0 (y | z)
Minimum edge length (y): 0.4 @ mesh line 13 (y)
Maximum edge length (y): 2.23 @ mesh line 39 (y)
Minimum face area (y): 0.1 @ mesh lines 13 | 13 (z | x)
Maximum face area (y): 5.17 @ mesh lines 0 | 39 (z | x)
Minimum edge length (z): 0.25 @ mesh line 13 (z)
Maximum edge length (z): 2.32 @ mesh line 0 (z)
Minimum face area (z): 0.16 @ mesh lines 13 | 13 (x | y)
Maximum face area (z): 4.97 @ mesh lines 39 | 39 (x | y)
Maximum mesh face aspect ratio (x): 8.92 : 1.0  @ mesh lines 39 | 13 (y | z)
Maximum mesh face aspect ratio (y): 8.92 : 1.0  @ mesh lines 13 | 39 (z | x)
Maximum mesh face aspect ratio (z): 5.57 : 1.0  @ mesh lines 39 | 13 (x | y)
=============================================================================

=============================================================================
Available resources to store TST cells: 2147443303 (5322831.90% of mesh size)
=============================================================================

========================================================================
The maximum supported number of mesh cells without MPI is: 2,147,483,647
========================================================================

------------------------------------------------------------------------------------------------
Geometry processing log
	PEC background is represented by CAD geometry: false
	Background shape: added
	Multithread portion: 100.00
	Number of CAD shapes: 6
	Number of lumps: 0
------------------------------------------------------------------------------------------------
===============================================================================
-------------------------------------------------------------------------------
 
===============================================================================
== CST Matrix Calculation Priority Log ==
===============================================================================
Priorities are sorted in ascending order beginning with the lowest priority
Priority scheme based on: material properties [mcalc defaults]
All shapes have a 2D or 3D geometric representation
 
Group | Shape-ID | Shape-name                  | Material | Material-attributes
    1 |        1 | RECONSTRUCTION:ground_floor | PEC      |                pec.
    1 |        2 | RECONSTRUCTION:patch        | PEC      |                pec.
    1 |        3 | RECONSTRUCTION:probe1       | PEC      |                pec.
    1 |        4 | RECONSTRUCTION:probe2       | PEC      |                pec.
    1 |        5 | RECONSTRUCTION:probe3       | PEC      |                pec.
    1 |        6 | RECONSTRUCTION:probe4       | PEC      |                pec.
===============================================================================
 
-------------------------------------------------------------------------------
 
===============================================================================

************************************************************************************************
General settings
	PBA version: default, 2.20260309 (diag 2), potentials: not required
	Model compatibility: 2026.20260414
	Software version: 2026.4 Release from 2026-04-14 (change 1669599)
	TST specials: -
------------------------------------------------------------------------------------------------
Geometry processor: default
	Geo accuracy: 75.000000
	Watertightness check: true
	Self intersection check: false
	Inheritance (all): false
	Normal dominance (all): false
	Normal dominance (ports): false
	Flanges hollow: true
	One shape per flange: false
	Multi threading: true
		max # of threads used: 16
		requested max # of threads: 16
		representation: indexed
		method: multi thread
		retry: no
------------------------------------------------------------------------------------------------
CAD processing settings are set to default
------------------------------------------------------------------------------------------------
Connectivity settings
	Workflow selection: 0
	Workflow version: 20180101
	Gap detection: true
	Gap detection version: 2
	TST version: default, 2.20260309 (diag 2), potentials: not required
	QQ workflow: true
	CoCo workflow: true
	Legacy topology: false
	Connectivity check: false
------------------------------------------------------------------------------------------------
------------------------------------------------------------------------------------------------
CAD Processing Version Info
	ACIS version installed:	35.0.0
	ACIS version used:	35.0.0
------------------------------------------------------------------------------------------------
Success method:	multi-thread-22
************************************************************************************************

-------------------------------------------------------------------------------
TST aware field source monitor processing forced by environment variable: false
No TST aware field source monitors to be processed
-------------------------------------------------------------------------------

=======================
Finished CAD processing
=======================

<<<<<<<<<<<<<<<<<<<<<<<<<<<<<<<<<<<<<<<<<<<<
Sat Sat Oct  3 22:08:54 2026
Resource usage for processing CAD model:
	Runtime                 00:00:00.00409 s
	Peak Memory Usage                25 MB
	--------------------------------------
<<<<<<<<<<<<<<<<<<<<<<<<<<<<<<<<<<<<<<<<<<<<

------------------------------------------------------------
Parallelization Info
------------------------------------------------------------
Hyperthreading active: true
Hyperthreading used: false
Number of concurrent threads: 1
Number of concurrent threads using GPU: 0
Number of node domains: 1
Domains-to-threads scaling: 2
Average FI domain size: 1e+04
Nice mode: true
Delayed matrix calculation start: false
Load balancing: Version 20090403
Number of mesh fill domains: 4
Memory downscale: 1
Shared memory representation: none
CPU load: 12.50%
Emptiness: 0.00%
Hex mesh complexity: 0.03680
Geometric complexity: 0.04080
lower size limit of domain (1D): 60
------------------------------------------------------------
Node order
0
------------------------------------------------------------

-------------------------------------------------------------------
Matrix calculation job submit section 0
Currently running jobs: 0
Waiting jobs: 1
Concurrency for section: 1/1
Memory physically installed: 34.3012 GB
Memory hidden from installed: 0 GB
Memory currently available: 19.6856 GB
Memory already used: 14.6156 GB
Memory reserved: 0 GB - Scale: 0.6
Running 1 number of jobs in parallel
Matrix calculation @ 1xN-Node 0000
	Mesh coverage: 3680000.00 %
	Estimated peak memory usage per node: 82 MB , tightness: 0.42 %
	GPU acceleration: off
	Processor group: 0
Node distribution on 1 processor group: 1
-------------------------------------------------------------------

===========================================
Data rearrangement statistics:
Disk IO directories:	00:00:00.0000
Disk IO node domain files:	00:00:00.0005
Disk IO FI domain files:	00:00:00.0000
Disk IO meta information:	00:00:00.0000
Sequential merge (TST):	00:00:00.0005
===========================================

1xN000:  ==============================================================================================
         [Boundaries] - MCalc
         open-add-space, open-add-space, open-add-space, open-add-space, open-add-space, open-add-space
         ==============================================================================================

1xN000:  ========================================
         [Mesh] Matrix calculation - NO ACIS mode
         [Mesh] 1xN MPI or parallelization mode
         ========================================

1xN000:  =============================
         [Mesh] Expansion: 0 0 0 0 0 0
         =============================

1xN000:  =================================================================================
          - hardware info
            + cpu name                    : AMD Ryzen 7 5700X 8-Core Processor
            + sockets                     : 1
            + cores per socket            : 8
            + hyperthreading              : on
            + ht-units                    : 2
            + max cpuid level             : 16
            + max cpuid ext. level        : 35
            + numa nodes                  : 1
            + Numa Memory Info
              numa node     installed     available    (MByte)
                0                 0         18809
            + internal cpu info           : CPUID: selected engine is 'Leaf 0xB detection'
         apic ids           : 0, 1, 2, 3, 4, 5, 6, 7, 8, 9, 10, 11, 12, 13, 14, 15
         apic ids (fallback): 0, 1, 2, 3, 4, 5, 6, 7, 8, 9, 10, 11, 12, 13, 14, 15
         from cpu registers: 0, 1, 2, 3, 4, 5, 6, 7, 8, 9, 10, 11, 12, 13, 14, 15
         fallback: 0, 1, 2, 3, 4, 5, 6, 7, 8, 9, 10, 11, 12, 13, 14, 15
         combined: 0, 1, 2, 3, 4, 5, 6, 7, 8, 9, 10, 11, 12, 13, 14, 15
         max id per cpu: 16
         SMT mask: 1
         Core mask: e
         Package mask: fffffff0
         set results:
           - packages: 1
           - cores: 8
           - smts: 2
         generate core map, new implementation
         0, 1, 2, 3, 4, 5, 6, 7, 8, 9, 10, 11, 12, 13, 14, 15
         packages: 1
         cores   : 8
         ht units: 2
          - sockets ids in use            : 0
          - pinning rule in use   : PINNING_RULE_MCALC_SKIP_ALL
          - desired group         : 0
          - num cores available   : 16
          - active core list from affinity:
            + num accessible procs          : 16
            + num logical procs             : 16
            + affinity (main thread)        : 1111111111111111
            + socket ids                    : 0
            + potential log. cores          : 0,1,2,3,4,5,6,7,8,9,10,11,12,13,14,15
            + affinity                      : 1111111111111111
            + core list                  (2): 0,1,2,3,4,5,6,7,8,9,10,11,12,13,14,15
            + use the list now
            + set/export affinity           : 0,1,2,3,4,5,6,7,8,9,10,11,12,13,14,15
          - active cores          : 0,1,2,3,4,5,6,7,8,9,10,11,12,13,14,15
          - hyperthreading        : on
          - skip pinning: + allowed number of sockets = available number of sockets
                          + hyperthreading allowed by solver
         =================================================================================

1xN000:  ================================================================================================================================================================
         Version: 2026.4 Release from 2026-04-14 (change 1669599) [Release]
         Workflow: PBA matrix coefficients
         Operation: [fpba, meshfill, bg, port-path, tst, tst-nextgen, coeff, surface-imp]
         Architecture: Windows, ID: AMD64
         System Windows-64bit
         Using processor group 0/1
         Matrix calculation information:
         # of Nodes: 1
         Concurrency: 1
         Start ID: 0
         Node ID: 0
         HEX Mesh information:
         Hex mesh: world: [hxr 0.0.0_41.41.24 [sm(41|41|24)] { (-0.0188685 | -0.0188685 | -0.0103685) -> (0.0188685 | 0.0188685 | 0.0123685) } np (no TSTs): 40344]
         Hex mesh: mcalc-node: [hxr 0.0.0_41.41.24 [sm(41|41|24)] { (-0.0188685 | -0.0188685 | -0.0103685) -> (0.0188685 | 0.0188685 | 0.0123685) } np (no TSTs): 40344]
         ================================================================================================================================================================

1xN000:  -----------------------------------------------------
         Memory status on node "1xN000" for matrix calculation
         	Estimated memory consumption: 0.082408 GB
         	Physical memory installed: 34.3012 GB
         	Available physical memory: 19.7376 GB
         	Available relative memory: 57.5419 %
         -----------------------------------------------------

1xN000:  >>>>>>>>>>>>>>>>>>>>>>>>>>>>>>>>>>>>>>>>>>>>>>>>>
         Sat Sat Oct  3 22:08:54 2026
         started: calculating matrix coefficients per node
         >>>>>>>>>>>>>>>>>>>>>>>>>>>>>>>>>>>>>>>>>>>>>>>>>

1xN000:  ============================================================
         Matrix computation (PBA)
         	[Perfect Boundary Approximation (PBA), version: default]
         	[Matrixcalc GPU acceleration: off (by user)]
         Version: 2026.4 Release from 2026-04-14 (change 1669599)
         PBA version: default, 2.20260309 (diag 2)
         Model compatibility: 2026.20260414
         Sub-Workflow: FARM-1xN-TST2-Node
         Workflow updated: -
         Sat Sat Oct  3 22:08:54 2026
         ============================================================

1xN000:  ----------------------------------------------
         Used point accuracy enhancement value: 75.00%.
         ----------------------------------------------

1xN000:  -------------------------------------------------
         Geometry representation: compact
         Shared memory: none
         FARM allocation scheme: PA
         Parallelization: on, used

1xN000:  Gap-Detection activated for FARM-topology. Gaps are resolved, even partially.: gap tolerance value is 0.001000 and mesh geometry scale is 0.001000
1xN000:
1xN000:



1xN000:  ----------------------
         Acceleration mode: CPU
         ----------------------

1xN000:  ---------------------------------------------------------------------------
         Shape RECONSTRUCTION:probe1 overlaps with shape RECONSTRUCTION:patch.
         The overlap was resolved correctly taking into account the selected scheme.
         ---------------------------------------------------------------------------

1xN000:  ---------------------------------------------------------------------------
         Shape RECONSTRUCTION:probe2 overlaps with shape RECONSTRUCTION:patch.
         The overlap was resolved correctly taking into account the selected scheme.
         ---------------------------------------------------------------------------

1xN000:  ---------------------------------------------------------------------------
         Shape RECONSTRUCTION:probe3 overlaps with shape RECONSTRUCTION:patch.
         The overlap was resolved correctly taking into account the selected scheme.
         ---------------------------------------------------------------------------

1xN000:  ---------------------------------------------------------------------------
         Shape RECONSTRUCTION:probe4 overlaps with shape RECONSTRUCTION:patch.
         The overlap was resolved correctly taking into account the selected scheme.
         ---------------------------------------------------------------------------

1xN000:  Port homogenization method: M2H point index deviation
1xN000:  ccccccccccccccccccccccccccccccccccccccccccccccccccccccccccccccccccccc
         FARM/Meshfill cache is set to 8 (local FI domains: 4, dynamic: false)
         ccccccccccccccccccccccccccccccccccccccccccccccccccccccccccccccccccccc

1xN000:  =============================================================
         Hex cell analyzer settings:
         	max number of E fields per mesh edge: 2
         	max number of H fields per mesh face: 4
         	supporting dual grid: false
         	performance improvement: ROI limit: true
         	performance improvement: ROI threshold: 2
         	performance improvement: single topology extraction: true
         	performance improvement: pre-categorize cell volume: true
         	periodic align: 0
         	periodic cells: true
         	homogenization version: pid
         =============================================================

1xN000:  ===============
         TST specials: -
         ===============

1xN000:  ===============================================================================================================================================
         TST cell analysis in range (0 | 0 | 0) -> (41 | 41 | 24) [total range (0 | 0 | 0) -> (41 | 41 | 24)]  [mpi range (0 | 0 | 0) -> (41 | 41 | 24)]
         ===============================================================================================================================================

1xN000:  -------------------------------------
         No TST Regions @ node 1xN000
         	total # 6476
         	cells # 6476 (PBA # 0, SB # 6476)
         	faces # 19428
         	edges # 19428
         -------------------------------------

1xN000:  -------------------
         TST Statistics:
         E Split (0 | 0 | 0)
         E Adapt (0 | 0 | 0)
         B Split (0 | 0 | 0)
         B Adapt (0 | 0 | 0)
         -------------------

1xN000:  -------------------------------------------------------------
         TST Version 2.20260309, tst tiny faces fix: on, TST1 BWC: off
         -------------------------------------------------------------

1xN000:  MMMMMMMMMMMMMMMMMMMMMMMMMMMMMMMMMMMMMMMMMMMMMMMMMMMMMMMMMMMMMMMMMMMMMMMMMMM
         M2H setup as requested by solver
         # of M2H matrices: 4
         	M2H matrix: rep: e, alloc: n, dim: 3, sub: 1
         	M2H matrix: rep: e, alloc: d, dim: 3, sub: 1
         	M2H matrix: rep: f, alloc: n, dim: 3, sub: 1
         	M2H matrix: rep: f, alloc: d, dim: 3, sub: 1
         ---------------------------------------------------------------------------
         # of created matrices: 18
         	4Kappa (face, dual):             is not required
         	M2H (edge, dual):                is computed
         	M2H (edge, normal):              is computed
         	M2H (face, dual) [sub-1]:        is computed
         	M2H (face, dual) [sub-4]:        is not required
         	M2H (face, normal):              is computed
         	M2H (point, dual):               is not required
         	M2H (point, normal):             is not required
         	M2H (volume, dual):              is not required
         	M2H (volume, normal):            is not required
         	PiP (point, normal):             is computed
         	S2H (edge, dual):                is computed
         	S2H (edge, normal):              is computed
         	Sensitivity (face, dual):        is not required
         	Sensitivity (face, normal):      is not required
         	Shape-at-point (point, normal):  is computed
         	Space-Dependency (face, dual):   is not required
         	Space-Dependency (face, normal): is not required
         ---------------------------------------------------------------------------
         M2H calculation flags
         	Adjacency observer:       false
         	Coefficient deviation:    true
         	Shape-wise storage:       false
         	Store PEC entries:        false
         	Store SDM satellites:     false
         	TST conformal, dual-face: false
         	TST conformal, edge:      true
         ---------------------------------------------------------------------------
         MMMMMMMMMMMMMMMMMMMMMMMMMMMMMMMMMMMMMMMMMMMMMMMMMMMMMMMMMMMMMMMMMMMMMMMMMMM

1xN000:  MMMMMMMMMMMMMMMMMMMMMMMMMMMMMMMMMMMMMMMMMMMMMMMMMMMMMMMMMMMMMMMMMMMMMMMMMMMMMMMMMMMMMMMMMMMMMMMMMM
         M2H Periodic boundary handling:
         	matrix coefficients are scaled at periodic boundaries: false
         	periodicity at boundaries: x low: no, x high: no, y low: no, y high: no, z low: no, z high: no
         MMMMMMMMMMMMMMMMMMMMMMMMMMMMMMMMMMMMMMMMMMMMMMMMMMMMMMMMMMMMMMMMMMMMMMMMMMMMMMMMMMMMMMMMMMMMMMMMMM

1xN000:  MMMMMMMMMMMMMMMMMMMMMMMMMMMMMMMMMMMMMMMMMMMMMMMMMMMMMMMMMMMMMMMMMMMMMMMMMMM
         ---------------------------------------------------------------------------
         statistical values for rho:
         	not available
         ---------------------------------------------------------------------------
         MMMMMMMMMMMMMMMMMMMMMMMMMMMMMMMMMMMMMMMMMMMMMMMMMMMMMMMMMMMMMMMMMMMMMMMMMMM

1xN000:  ------------------------------------------------------------------------------
         PBA fill limit is applied in inverse mode.
         PBA fill limit is applied on faces filled with at least 99.00% metal material.
         --------------------------------------------------------------
         detailed accuracy settings:
         --------------------------------------------------------------
         augmented fill limit:       true
         augmented fill limit value: 99.00
         automatic fill limit:       true
         early fill limit:           true
         inverse fill limit:         true
         model complexity:           0.00
         legacy 2015:                false
         fixed point accuracy:       false
         minimum point accuracy:     0
         mesh step inheritance:      false
         accuracy mode:
         ------------------------------------------------------------------------------

1xN000:  discrete edge port "1" is connected to metal material.
1xN000:  discrete edge port "2" is connected to metal material.
1xN000:  discrete edge port "3" is connected to metal material.
1xN000:  discrete edge port "4" is connected to metal material.
1xN000:  ------------------------------------------------------------------
         The following discrete edge ports are connected to metal material:
         	1, 2, 3, 4
         ------------------------------------------------------------------

1xN000:  -------------------------------------------------------------------------------
         TST aware field source monitor processing forced by environment variable: false
         No TST aware field source monitors to be processed
         -------------------------------------------------------------------------------

1xN000:  =================================
         Finished matrix computation (PBA)
         =================================

1xN000:  <<<<<<<<<<<<<<<<<<<<<<<<<<<<<<<<<<<<<<<<<<<<<<<<<<<<<<<<<<<<<<<<<<<<<
         Sat Sat Oct  3 22:08:57 2026
         Resource usage for calculating matrix coefficients per node:
         	Runtime                                          00:00:03.00170 s
         	Peak Memory Estimation                                    82 MB
         	Peak Memory Usage                                         50 MB
         	---------------------------------------------------------------
         	---------------------------------------------------------------
         	---------------------------------------------------------------
         	---------------------------------------------------------------
         <<<<<<<<<<<<<<<<<<<<<<<<<<<<<<<<<<<<<<<<<<<<<<<<<<<<<<<<<<<<<<<<<<<<<



<<<<<<<<<<<<<<<<<<<<<<<<<<<<<<<<<<<<<<<<<<<<<<<<<
Sat Sat Oct  3 22:08:58 2026
Resource usage for parallelization control:
	Runtime                      00:00:05.00507 s
	-------------------------------------------
<<<<<<<<<<<<<<<<<<<<<<<<<<<<<<<<<<<<<<<<<<<<<<<<<

------------------------------------------------------------------------------------------------------------------------------
PBAMeshFeedback - InfoMap: 0[ms] - SBCell navigation: Using legacy edges - CornerCorrectionLinesAndWires: 0[ms] - Write: 0[ms]
ConnectivityAXG - Load: 1[ms] - Setup: 0[ms] - Convert: 4[ms] ( Groups: 3 - Shapes: 10 - Threads: 8 ) - Write: 1[ms]
ConnectivityAXG - Load: 1[ms] - Setup: 0[ms] - Convert: 4[ms] ( Groups: 3 - Shapes: 10 - Threads: 8 ) - Write: 1[ms]
------------------------------------------------------------------------------------------------------------------------------

--------------------------------
# of staircase filled cells: 0
# of staircase filled areas: 0
# of staircase filled edges: 0
# of faces above fill limit: 0
# of edges with FPBA topology: 0
--------------------------------

--------------------------------
# of staircase filled cells: 0
# of staircase filled areas: 0
# of staircase filled edges: 0
# of faces above fill limit: 0
# of edges with FPBA topology: 0
--------------------------------

--------------------------------
# of staircase filled cells: 0
# of staircase filled areas: 0
# of staircase filled edges: 0
# of faces above fill limit: 0
# of edges with FPBA topology: 0
--------------------------------

--------------------------------
# of staircase filled cells: 0
# of staircase filled areas: 0
# of staircase filled edges: 0
# of faces above fill limit: 0
# of edges with FPBA topology: 0
--------------------------------

