ParaControl_AMD64-1xN @ JDM:  =============================================================================================================
                              Log
                              -------------------------------------------------------------------------------------------------------------
                              {97340} >2026-10-03 20:23:51.00213< Event :  MCalc::ParallelAgentBaseData::ParallelAgentBaseData
                              {97340} >2026-10-03 20:23:51.00227< Event :  MCalcAgent::MCalcAgent
                              {97340} >2026-10-03 20:23:51.00227< Event :   
                              {97340} >2026-10-03 20:23:51.00227< Event :  constructor
                              {97340} >2026-10-03 20:23:52.00370< Event :  MCalc::ParallelAgentBaseData::checkJobQueue
                              {97340} >2026-10-03 20:23:52.00370< Event :  MCalc::ParallelAgentBaseData::checkJobQueue
                              {97340} >2026-10-03 20:23:52.00370< Event :  job queue ok: 
                              {97340} >2026-10-03 20:23:52.00370< Event :  true
                              {97340} >2026-10-03 20:23:52.00395< Event :  MCalc::ParallelAgentBaseData::checkJobQueue
                              {97340} >2026-10-03 20:23:52.00395< Event :  MCalc::ParallelAgentBaseData::checkJobQueue
                              {97340} >2026-10-03 20:23:52.00395< Event :  job queue ok: 
                              {97340} >2026-10-03 20:23:52.00395< Event :  true
                              {97340} >2026-10-03 20:23:52.00395< Event :  MCalc::ParallelAgentBaseData::checkJobQueue
                              {97340} >2026-10-03 20:23:52.00395< Event :  MCalc::ParallelAgentBaseData::checkJobQueue
                              {97340} >2026-10-03 20:23:52.00395< Event :  job queue ok: 
                              {97340} >2026-10-03 20:23:52.00395< Event :  true
                              {97340} >2026-10-03 20:23:52.00395< Event :  MCalc::ParallelAgentBaseData::checkJobQueue
                              {97340} >2026-10-03 20:23:52.00395< Event :  MCalc::ParallelAgentBaseData::checkJobQueue
                              {97340} >2026-10-03 20:23:52.00395< Event :  job queue ok: 
                              {97340} >2026-10-03 20:23:52.00395< Event :  true
                              {97340} >2026-10-03 20:23:52.00395< Event :  MCalc::ParallelAgentBaseData::checkJobQueue
                              {97340} >2026-10-03 20:23:52.00395< Event :  MCalc::ParallelAgentBaseData::checkJobQueue
                              {97340} >2026-10-03 20:23:52.00395< Event :  job queue ok: 
                              {97340} >2026-10-03 20:23:52.00395< Event :  true
                              {97340} >2026-10-03 20:23:52.00395< Event :  MCalc::ParallelAgentBaseData::checkJobQueue
                              {97340} >2026-10-03 20:23:52.00395< Event :  MCalc::ParallelAgentBaseData::checkJobQueue
                              {97340} >2026-10-03 20:23:52.00395< Event :  job queue ok: 
                              {97340} >2026-10-03 20:23:52.00395< Event :  true
                              {97340} >2026-10-03 20:23:52.00429< Event :  MCalc::ParallelAgentBaseData::SubmitMatrixcalculationJobs
                              {97340} >2026-10-03 20:23:52.00429< Event :  MCalc::ParallelAgentBaseData::SubmitMatrixcalculationJobs
                              {97340} >2026-10-03 20:23:52.00429< Event :  job submit section: 
                              {97340} >2026-10-03 20:23:52.00429< Event :  0
                              {97340} >2026-10-03 20:23:52.00429< Event :  MCalc::ParallelAgentBaseData::sumReservedMemoryForRunningJobs
                              {97340} >2026-10-03 20:23:52.00429< Event :  MCalc::ParallelAgentBaseData::sumReservedMemoryForRunningJobs
                              {97340} >2026-10-03 20:23:52.00429< Event :  MCalc::ParallelAgentBaseData::SubmitMatrixcalculationJobs
                              {97340} >2026-10-03 20:23:52.00429< Event :  job creation concurrency, # of waiting jibs: 
                              {97340} >2026-10-03 20:23:52.00429< Event :  2
                              {97340} >2026-10-03 20:23:52.00429< Event :  MCalc::ParallelAgentBaseData::SubmitMatrixcalculationJobs
                              {97340} >2026-10-03 20:23:52.00429< Event :  job creation concurrency, max if no job is running: 
                              {97340} >2026-10-03 20:23:52.00429< Event :  2
                              {97340} >2026-10-03 20:23:52.00429< Event :  MCalc::ParallelAgentBaseData::SubmitMatrixcalculationJobs
                              {97340} >2026-10-03 20:23:52.00429< Event :  job creation concurrency, used considering running jobs: 
                              {97340} >2026-10-03 20:23:52.00429< Event :  2
                              {97340} >2026-10-03 20:23:52.00429< Event :  MCalc::ParallelAgentBaseData::CreateJob
                              {97340} >2026-10-03 20:23:52.00429< Event :  MCalc::ParallelAgentBaseData::checkJobQueue
                              {97340} >2026-10-03 20:23:52.00429< Event :  MCalc::ParallelAgentBaseData::checkJobQueue
                              {97340} >2026-10-03 20:23:52.00429< Event :  job queue ok: 
                              {97340} >2026-10-03 20:23:52.00429< Event :  true
                              {97340} >2026-10-03 20:23:52.00430< Event :  MCalc::ParallelAgentBaseData::CreateJob
                              {97340} >2026-10-03 20:23:52.00430< Event :  MCalc::ParallelAgentBaseData::checkJobQueue
                              {97340} >2026-10-03 20:23:52.00430< Event :  MCalc::ParallelAgentBaseData::checkJobQueue
                              {97340} >2026-10-03 20:23:52.00430< Event :  job queue ok: 
                              {97340} >2026-10-03 20:23:52.00430< Event :  true
                              {97340} >2026-10-03 20:23:52.00430< Event :  MCalc::ParallelAgentBaseData::SubmitMatrixcalculationJobs
                              {97340} >2026-10-03 20:23:52.00430< Event :  job creation info: 
                              {97340} >2026-10-03 20:23:52.00430< Event :  Matrix calculation job submit section 0
                                                                           Currently running jobs: 0
                                                                           Waiting jobs: 2
                                                                           Concurrency for section: 2/2
                                                                           Memory physically installed: 34.3012 GB
                                                                           Memory hidden from installed: 0 GB
                                                                           Memory currently available: 16.5485 GB
                                                                           Memory already used: 17.7527 GB
                                                                           Memory reserved: 0 GB - Scale: 0.6
                                                                           Running 2 number of jobs in parallel
                                                                           Matrix calculation @ 1xN-Node 0001
                                                                           	Mesh coverage: 2875000.00 %
                                                                           	Estimated peak memory usage per node: 83 MB , tightness: 0.50 %
                                                                           	GPU acceleration: off
                                                                           	Processor group: 0
                                                                           Matrix calculation @ 1xN-Node 0000
                                                                           	Mesh coverage: 2530000.00 %
                                                                           	Estimated peak memory usage per node: 82 MB , tightness: 0.50 %
                                                                           	GPU acceleration: off
                                                                           	Processor group: 0
                                                                           Node distribution on 1 processor group: 2
                              {97340} >2026-10-03 20:23:52.00503< Event :  MCalc::ParallelAgentBaseData::CatchWorkerStringMessage
                              {97340} >2026-10-03 20:23:52.00503< Event :  MCalc::ParallelAgentBaseData::AnsweringMachine
                              {97340} >2026-10-03 20:23:52.00504< Event :  MCalc::ParallelAgentBaseData::CatchWorkerStringMessage
                              {97340} >2026-10-03 20:23:52.00504< Event :  MCalc::ParallelAgentBaseData::AnsweringMachine
                              {97340} >2026-10-03 20:23:52.00515< Event :  MCalc::ParallelAgentBaseData::CatchWorkerStringMessage
                              {97340} >2026-10-03 20:23:52.00515< Event :  MCalc::ParallelAgentBaseData::AnsweringMachine
                              {97340} >2026-10-03 20:23:52.00515< Event :  MCalc::ParallelAgentBaseData::CatchWorkerStringMessage
                              {97340} >2026-10-03 20:23:52.00515< Event :  MCalc::ParallelAgentBaseData::AnsweringMachine
                              {97340} >2026-10-03 20:23:52.00524< Event :  MCalc::ParallelAgentBaseData::SendProgressToFrontend
                              {97340} >2026-10-03 20:23:52.00524< Event :  MCalc::ParallelAgentBaseData::AnsweringMachine
                              {97340} >2026-10-03 20:23:52.00527< Event :  MCalc::ParallelAgentBaseData::SendProgressToFrontend
                              {97340} >2026-10-03 20:23:52.00527< Event :  MCalc::ParallelAgentBaseData::AnsweringMachine
                              {97340} >2026-10-03 20:23:52.00543< Event :  MCalc::ParallelAgentBaseData::CatchWorkerStringMessage
                              {97340} >2026-10-03 20:23:52.00543< Event :  MCalc::ParallelAgentBaseData::AnsweringMachine
                              {97340} >2026-10-03 20:23:52.00546< Event :  MCalc::ParallelAgentBaseData::CatchWorkerStringMessage
                              {97340} >2026-10-03 20:23:52.00546< Event :  MCalc::ParallelAgentBaseData::AnsweringMachine
                              {97340} >2026-10-03 20:23:52.00556< Event :  MCalc::ParallelAgentBaseData::CatchWorkerStringMessage
                              {97340} >2026-10-03 20:23:52.00556< Event :  MCalc::ParallelAgentBaseData::AnsweringMachine
                              {97340} >2026-10-03 20:23:52.00558< Event :  MCalc::ParallelAgentBaseData::CatchWorkerStringMessage
                              {97340} >2026-10-03 20:23:52.00558< Event :  MCalc::ParallelAgentBaseData::AnsweringMachine
                              {97340} >2026-10-03 20:23:52.00695< Event :  MCalc::ParallelAgentBaseData::SendProgressToFrontend
                              {97340} >2026-10-03 20:23:52.00695< Event :  MCalc::ParallelAgentBaseData::AnsweringMachine
                              {97340} >2026-10-03 20:23:52.00702< Event :  MCalc::ParallelAgentBaseData::SendProgressToFrontend
                              {97340} >2026-10-03 20:23:52.00702< Event :  MCalc::ParallelAgentBaseData::AnsweringMachine
                              {97340} >2026-10-03 20:23:52.00822< Event :  MCalc::ParallelAgentBaseData::SendProgressToFrontend
                              {97340} >2026-10-03 20:23:52.00822< Event :  MCalc::ParallelAgentBaseData::AnsweringMachine
                              {97340} >2026-10-03 20:23:52.00924< Event :  MCalc::ParallelAgentBaseData::SendProgressToFrontend
                              {97340} >2026-10-03 20:23:52.00924< Event :  MCalc::ParallelAgentBaseData::AnsweringMachine
                              {97340} >2026-10-03 20:23:53.00044< Event :  MCalc::ParallelAgentBaseData::SendProgressToFrontend
                              {97340} >2026-10-03 20:23:53.00044< Event :  MCalc::ParallelAgentBaseData::AnsweringMachine
                              {97340} >2026-10-03 20:23:53.00151< Event :  MCalc::ParallelAgentBaseData::SendProgressToFrontend
                              {97340} >2026-10-03 20:23:53.00151< Event :  MCalc::ParallelAgentBaseData::AnsweringMachine
                              {97340} >2026-10-03 20:23:53.00203< Event :  MCalc::ParallelAgentBaseData::SendProgressToFrontend
                              {97340} >2026-10-03 20:23:53.00203< Event :  MCalc::ParallelAgentBaseData::AnsweringMachine
                              {97340} >2026-10-03 20:23:53.00586< Event :  MCalc::ParallelAgentBaseData::SendProgressToFrontend
                              {97340} >2026-10-03 20:23:53.00586< Event :  MCalc::ParallelAgentBaseData::AnsweringMachine
                              {97340} >2026-10-03 20:23:53.00739< Event :  MCalc::ParallelAgentBaseData::SendProgressToFrontend
                              {97340} >2026-10-03 20:23:53.00739< Event :  MCalc::ParallelAgentBaseData::AnsweringMachine
                              {97340} >2026-10-03 20:23:53.00765< Event :  MCalc::ParallelAgentBaseData::SendProgressToFrontend
                              {97340} >2026-10-03 20:23:53.00765< Event :  MCalc::ParallelAgentBaseData::AnsweringMachine
                              {97340} >2026-10-03 20:23:54.00262< Event :  MCalc::ParallelAgentBaseData::SendProgressToFrontend
                              {97340} >2026-10-03 20:23:54.00262< Event :  MCalc::ParallelAgentBaseData::AnsweringMachine
                              {97340} >2026-10-03 20:23:54.00316< Event :  MCalc::ParallelAgentBaseData::SendProgressToFrontend
                              {97340} >2026-10-03 20:23:54.00316< Event :  MCalc::ParallelAgentBaseData::AnsweringMachine
                              {97340} >2026-10-03 20:23:54.00384< Event :  MCalc::ParallelAgentBaseData::SendProgressToFrontend
                              {97340} >2026-10-03 20:23:54.00384< Event :  MCalc::ParallelAgentBaseData::AnsweringMachine
                              {97340} >2026-10-03 20:23:54.00701< Event :  MCalc::ParallelAgentBaseData::SendProgressToFrontend
                              {97340} >2026-10-03 20:23:54.00701< Event :  MCalc::ParallelAgentBaseData::AnsweringMachine
                              {97340} >2026-10-03 20:23:54.00832< Event :  MCalc::ParallelAgentBaseData::SendProgressToFrontend
                              {97340} >2026-10-03 20:23:54.00832< Event :  MCalc::ParallelAgentBaseData::AnsweringMachine
                              {97340} >2026-10-03 20:23:54.00868< Event :  MCalc::ParallelAgentBaseData::SendProgressToFrontend
                              {97340} >2026-10-03 20:23:54.00868< Event :  MCalc::ParallelAgentBaseData::AnsweringMachine
                              {97340} >2026-10-03 20:23:54.00901< Event :  MCalc::ParallelAgentBaseData::SendProgressToFrontend
                              {97340} >2026-10-03 20:23:54.00901< Event :  MCalc::ParallelAgentBaseData::AnsweringMachine
                              {97340} >2026-10-03 20:23:54.00947< Event :  MCalc::ParallelAgentBaseData::SendProgressToFrontend
                              {97340} >2026-10-03 20:23:54.00947< Event :  MCalc::ParallelAgentBaseData::AnsweringMachine
                              {97340} >2026-10-03 20:23:54.00985< Event :  MCalc::ParallelAgentBaseData::SendProgressToFrontend
                              {97340} >2026-10-03 20:23:54.00985< Event :  MCalc::ParallelAgentBaseData::AnsweringMachine
                              {97340} >2026-10-03 20:23:54.00992< Event :  MCalc::ParallelAgentBaseData::CatchWorkerStringMessage
                              {97340} >2026-10-03 20:23:54.00992< Event :  MCalc::ParallelAgentBaseData::AnsweringMachine
                              {97340} >2026-10-03 20:23:54.00997< Event :  MCalc::ParallelAgentBaseData::CatchWorkerStringMessage
                              {97340} >2026-10-03 20:23:54.00997< Event :  MCalc::ParallelAgentBaseData::AnsweringMachine
                              {97340} >2026-10-03 20:23:55.00002< Event :  MCalc::ParallelAgentBaseData::CatchWorkerStringMessage
                              {97340} >2026-10-03 20:23:55.00002< Event :  MCalc::ParallelAgentBaseData::AnsweringMachine
                              {97340} >2026-10-03 20:23:55.00015< Event :  MCalc::ParallelAgentBaseData::SendProgressToFrontend
                              {97340} >2026-10-03 20:23:55.00015< Event :  MCalc::ParallelAgentBaseData::AnsweringMachine
                              {97340} >2026-10-03 20:23:55.00015< Event :  MCalc::ParallelAgentBaseData::CatchWorkerStringMessage
                              {97340} >2026-10-03 20:23:55.00015< Event :  MCalc::ParallelAgentBaseData::AnsweringMachine
                              {97340} >2026-10-03 20:23:55.00268< Event :  MCalc::ParallelAgentBaseData::SendProgressToFrontend
                              {97340} >2026-10-03 20:23:55.00268< Event :  MCalc::ParallelAgentBaseData::AnsweringMachine
                              {97340} >2026-10-03 20:23:55.00276< Event :  MCalc::ParallelAgentBaseData::CatchWorkerStringMessage
                              {97340} >2026-10-03 20:23:55.00276< Event :  MCalc::ParallelAgentBaseData::AnsweringMachine
                              {97340} >2026-10-03 20:23:55.00279< Event :  MCalc::ParallelAgentBaseData::CatchWorkerStringMessage
                              {97340} >2026-10-03 20:23:55.00279< Event :  MCalc::ParallelAgentBaseData::AnsweringMachine
                              {97340} >2026-10-03 20:23:55.00283< Event :  MCalc::ParallelAgentBaseData::CatchWorkerStringMessage
                              {97340} >2026-10-03 20:23:55.00283< Event :  MCalc::ParallelAgentBaseData::AnsweringMachine
                              {97340} >2026-10-03 20:23:55.00296< Event :  MCalc::ParallelAgentBaseData::SendProgressToFrontend
                              {97340} >2026-10-03 20:23:55.00296< Event :  MCalc::ParallelAgentBaseData::AnsweringMachine
                              {97340} >2026-10-03 20:23:55.00297< Event :  MCalc::ParallelAgentBaseData::CatchWorkerStringMessage
                              {97340} >2026-10-03 20:23:55.00297< Event :  MCalc::ParallelAgentBaseData::AnsweringMachine
                              {97340} >2026-10-03 20:23:57.00957< Event :  MCalc::ParallelAgentBaseData::SendProgressToFrontend
                              {97340} >2026-10-03 20:23:57.00957< Event :  MCalc::ParallelAgentBaseData::AnsweringMachine
                              {97340} >2026-10-03 20:23:58.00057< Event :  MCalc::ParallelAgentBaseData::SendProgressToFrontend
                              {97340} >2026-10-03 20:23:58.00057< Event :  MCalc::ParallelAgentBaseData::AnsweringMachine
                              {97340} >2026-10-03 20:23:58.00068< Event :  MCalc::ParallelAgentBaseData::SendProgressToFrontend
                              {97340} >2026-10-03 20:23:58.00068< Event :  MCalc::ParallelAgentBaseData::AnsweringMachine
                              {97340} >2026-10-03 20:23:58.00080< Event :  MCalc::ParallelAgentBaseData::SendProgressToFrontend
                              {97340} >2026-10-03 20:23:58.00080< Event :  MCalc::ParallelAgentBaseData::AnsweringMachine
                              {97340} >2026-10-03 20:23:58.00080< Event :  MCalc::ParallelAgentBaseData::SendProgressToFrontend
                              {97340} >2026-10-03 20:23:58.00080< Event :  MCalc::ParallelAgentBaseData::AnsweringMachine
                              {97340} >2026-10-03 20:23:58.00092< Event :  MCalc::ParallelAgentBaseData::SendProgressToFrontend
                              {97340} >2026-10-03 20:23:58.00092< Event :  MCalc::ParallelAgentBaseData::AnsweringMachine
                              {97340} >2026-10-03 20:23:58.00105< Event :  MCalc::ParallelAgentBaseData::SendProgressToFrontend
                              {97340} >2026-10-03 20:23:58.00105< Event :  MCalc::ParallelAgentBaseData::AnsweringMachine
                              {97340} >2026-10-03 20:23:58.00106< Event :  MCalc::ParallelAgentBaseData::SendProgressToFrontend
                              {97340} >2026-10-03 20:23:58.00106< Event :  MCalc::ParallelAgentBaseData::AnsweringMachine
                              {97340} >2026-10-03 20:23:58.00121< Event :  MCalc::ParallelAgentBaseData::SendProgressToFrontend
                              {97340} >2026-10-03 20:23:58.00121< Event :  MCalc::ParallelAgentBaseData::AnsweringMachine
                              {97340} >2026-10-03 20:23:58.00121< Event :  MCalc::ParallelAgentBaseData::SendProgressToFrontend
                              {97340} >2026-10-03 20:23:58.00121< Event :  MCalc::ParallelAgentBaseData::AnsweringMachine
                              {97340} >2026-10-03 20:23:58.00154< Event :  MCalc::ParallelAgentBaseData::SendProgressToFrontend
                              {97340} >2026-10-03 20:23:58.00154< Event :  MCalc::ParallelAgentBaseData::AnsweringMachine
                              {97340} >2026-10-03 20:23:58.00193< Event :  MCalc::ParallelAgentBaseData::SendProgressToFrontend
                              {97340} >2026-10-03 20:23:58.00193< Event :  MCalc::ParallelAgentBaseData::AnsweringMachine
                              {97340} >2026-10-03 20:23:58.00418< Event :  MCalc::ParallelAgentBaseData::SendProgressToFrontend
                              {97340} >2026-10-03 20:23:58.00418< Event :  MCalc::ParallelAgentBaseData::AnsweringMachine
                              {97340} >2026-10-03 20:23:58.00419< Event :  MCalc::ParallelAgentBaseData::SendProgressToFrontend
                              {97340} >2026-10-03 20:23:58.00419< Event :  MCalc::ParallelAgentBaseData::AnsweringMachine
                              {97340} >2026-10-03 20:23:58.00419< Event :  MCalc::ParallelAgentBaseData::SendProgressToFrontend
                              {97340} >2026-10-03 20:23:58.00419< Event :  MCalc::ParallelAgentBaseData::AnsweringMachine
                              {97340} >2026-10-03 20:23:58.00727< Event :  MCalc::ParallelAgentBaseData::SendProgressToFrontend
                              {97340} >2026-10-03 20:23:58.00727< Event :  MCalc::ParallelAgentBaseData::AnsweringMachine
                              {97340} >2026-10-03 20:23:58.00845< Event :  MCalc::ParallelAgentBaseData::SendProgressToFrontend
                              {97340} >2026-10-03 20:23:58.00845< Event :  MCalc::ParallelAgentBaseData::AnsweringMachine
                              {97340} >2026-10-03 20:23:58.00860< Event :  MCalc::ParallelAgentBaseData::SendProgressToFrontend
                              {97340} >2026-10-03 20:23:58.00860< Event :  MCalc::ParallelAgentBaseData::AnsweringMachine
                              {97340} >2026-10-03 20:23:58.00877< Event :  MCalc::ParallelAgentBaseData::SendProgressToFrontend
                              {97340} >2026-10-03 20:23:58.00877< Event :  MCalc::ParallelAgentBaseData::AnsweringMachine
                              {97340} >2026-10-03 20:23:58.00877< Event :  MCalc::ParallelAgentBaseData::SendProgressToFrontend
                              {97340} >2026-10-03 20:23:58.00877< Event :  MCalc::ParallelAgentBaseData::AnsweringMachine
                              {97340} >2026-10-03 20:23:58.00891< Event :  MCalc::ParallelAgentBaseData::SendProgressToFrontend
                              {97340} >2026-10-03 20:23:58.00891< Event :  MCalc::ParallelAgentBaseData::AnsweringMachine
                              {97340} >2026-10-03 20:23:58.00909< Event :  MCalc::ParallelAgentBaseData::SendProgressToFrontend
                              {97340} >2026-10-03 20:23:58.00909< Event :  MCalc::ParallelAgentBaseData::AnsweringMachine
                              {97340} >2026-10-03 20:23:58.00909< Event :  MCalc::ParallelAgentBaseData::SendProgressToFrontend
                              {97340} >2026-10-03 20:23:58.00909< Event :  MCalc::ParallelAgentBaseData::AnsweringMachine
                              {97340} >2026-10-03 20:23:58.00926< Event :  MCalc::ParallelAgentBaseData::SendProgressToFrontend
                              {97340} >2026-10-03 20:23:58.00926< Event :  MCalc::ParallelAgentBaseData::AnsweringMachine
                              {97340} >2026-10-03 20:23:58.00926< Event :  MCalc::ParallelAgentBaseData::SendProgressToFrontend
                              {97340} >2026-10-03 20:23:58.00926< Event :  MCalc::ParallelAgentBaseData::AnsweringMachine
                              {97340} >2026-10-03 20:23:58.00964< Event :  MCalc::ParallelAgentBaseData::SendProgressToFrontend
                              {97340} >2026-10-03 20:23:58.00964< Event :  MCalc::ParallelAgentBaseData::AnsweringMachine
                              {97340} >2026-10-03 20:23:59.00004< Event :  MCalc::ParallelAgentBaseData::SendProgressToFrontend
                              {97340} >2026-10-03 20:23:59.00004< Event :  MCalc::ParallelAgentBaseData::AnsweringMachine
                              {97340} >2026-10-03 20:23:59.00183< Event :  MCalc::ParallelAgentBaseData::SendProgressToFrontend
                              {97340} >2026-10-03 20:23:59.00183< Event :  MCalc::ParallelAgentBaseData::AnsweringMachine
                              {97340} >2026-10-03 20:23:59.00254< Event :  MCalc::ParallelAgentBaseData::SendProgressToFrontend
                              {97340} >2026-10-03 20:23:59.00254< Event :  MCalc::ParallelAgentBaseData::AnsweringMachine
                              {97340} >2026-10-03 20:23:59.00254< Event :  MCalc::ParallelAgentBaseData::SendProgressToFrontend
                              {97340} >2026-10-03 20:23:59.00254< Event :  MCalc::ParallelAgentBaseData::AnsweringMachine
                              {97340} >2026-10-03 20:23:59.00254< Event :  MCalc::ParallelAgentBaseData::SendProgressToFrontend
                              {97340} >2026-10-03 20:23:59.00254< Event :  MCalc::ParallelAgentBaseData::AnsweringMachine
                              {97340} >2026-10-03 20:23:59.00384< Event :  MCalc::ParallelAgentBaseData::SendProgressToFrontend
                              {97340} >2026-10-03 20:23:59.00384< Event :  MCalc::ParallelAgentBaseData::AnsweringMachine
                              {97340} >2026-10-03 20:23:59.00518< Event :  MCalc::ParallelAgentBaseData::SendProgressToFrontend
                              {97340} >2026-10-03 20:23:59.00518< Event :  MCalc::ParallelAgentBaseData::AnsweringMachine
                              {97340} >2026-10-03 20:23:59.00935< Event :  MCalc::ParallelAgentBaseData::SendProgressToFrontend
                              {97340} >2026-10-03 20:23:59.00935< Event :  MCalc::ParallelAgentBaseData::AnsweringMachine
                              {97340} >2026-10-03 20:23:59.00977< Event :  MCalc::ParallelAgentBaseData::SendProgressToFrontend
                              {97340} >2026-10-03 20:23:59.00977< Event :  MCalc::ParallelAgentBaseData::AnsweringMachine
                              {97340} >2026-10-03 20:24:00.00025< Event :  MCalc::ParallelAgentBaseData::SendProgressToFrontend
                              {97340} >2026-10-03 20:24:00.00025< Event :  MCalc::ParallelAgentBaseData::AnsweringMachine
                              {97340} >2026-10-03 20:24:00.00270< Event :  MCalc::ParallelAgentBaseData::SendProgressToFrontend
                              {97340} >2026-10-03 20:24:00.00270< Event :  MCalc::ParallelAgentBaseData::AnsweringMachine
                              {97340} >2026-10-03 20:24:01.00040< Event :  MCalc::ParallelAgentBaseData::SendProgressToFrontend
                              {97340} >2026-10-03 20:24:01.00040< Event :  MCalc::ParallelAgentBaseData::AnsweringMachine
                              {97340} >2026-10-03 20:24:01.00244< Event :  MCalc::ParallelAgentBaseData::SendProgressToFrontend
                              {97340} >2026-10-03 20:24:01.00244< Event :  MCalc::ParallelAgentBaseData::AnsweringMachine
                              {97340} >2026-10-03 20:24:01.00246< Event :  MCalc::ParallelAgentBaseData::SendProgressToFrontend
                              {97340} >2026-10-03 20:24:01.00246< Event :  MCalc::ParallelAgentBaseData::AnsweringMachine
                              {97340} >2026-10-03 20:24:01.00392< Event :  MCalc::ParallelAgentBaseData::CatchWorkerStringMessage
                              {97340} >2026-10-03 20:24:01.00392< Event :  MCalc::ParallelAgentBaseData::AnsweringMachine
                              {97340} >2026-10-03 20:24:01.00392< Event :  MCalc::ParallelAgentBaseData::AnsweringMachine
                              {97340} >2026-10-03 20:24:01.00394< Event :  MCalc::ParallelAgentBaseData::SubmitMatrixcalculationJobs
                              {97340} >2026-10-03 20:24:01.00394< Event :  MCalc::ParallelAgentBaseData::SubmitMatrixcalculationJobs
                              {97340} >2026-10-03 20:24:01.00394< Event :  job submit section: 
                              {97340} >2026-10-03 20:24:01.00394< Event :  1
                              {97340} >2026-10-03 20:24:01.00394< Event :  MCalc::ParallelAgentBaseData::sumReservedMemoryForRunningJobs
                              {97340} >2026-10-03 20:24:02.00825< Event :  MCalc::ParallelAgentBaseData::SendProgressToFrontend
                              {97340} >2026-10-03 20:24:02.00825< Event :  MCalc::ParallelAgentBaseData::AnsweringMachine
                              {97340} >2026-10-03 20:24:02.00830< Event :  MCalc::ParallelAgentBaseData::SendProgressToFrontend
                              {97340} >2026-10-03 20:24:02.00830< Event :  MCalc::ParallelAgentBaseData::AnsweringMachine
                              {97340} >2026-10-03 20:24:03.00338< Event :  MCalc::ParallelAgentBaseData::CatchWorkerStringMessage
                              {97340} >2026-10-03 20:24:03.00338< Event :  MCalc::ParallelAgentBaseData::AnsweringMachine
                              {97340} >2026-10-03 20:24:03.00339< Event :  MCalc::ParallelAgentBaseData::AnsweringMachine
                              {97340} >2026-10-03 20:24:03.00352< Event :  MCalc::ParallelAgentBaseData::SubmitMatrixcalculationJobs
                              {97340} >2026-10-03 20:24:03.00352< Event :  MCalc::ParallelAgentBaseData::SubmitMatrixcalculationJobs
                              {97340} >2026-10-03 20:24:03.00352< Event :  job submit section: 
                              {97340} >2026-10-03 20:24:03.00352< Event :  1
                              {97340} >2026-10-03 20:24:03.00352< Event :  MCalc::ParallelAgentBaseData::sumReservedMemoryForRunningJobs
                              {97340} >2026-10-03 20:24:09.00630< Event :  MCalc::ParallelAgentBaseData::SendFinishMessage
                              {97340} >2026-10-03 20:24:09.00630< Event :  MCalc::ParallelAgentBaseData::SendProgressToFrontend
                              {97340} >2026-10-03 20:24:09.00658< Event :  MCalc::ParallelAgentBaseData::CatchWorkerStringMessage
                              {97340} >2026-10-03 20:24:09.00708< Event :  MCalc::ParallelAgentBaseData::AnsweringMachine
                              {97340} >2026-10-03 20:24:09.00708< Event :  MCalcAgent::Finished
                              {97340} >2026-10-03 20:24:09.00708< Event :   
                              {97340} >2026-10-03 20:24:09.00708< Event :  entered finished state
                              =============================================================================================================
ParaControl_AMD64-1xN @ JDM:  ==============================================================================================================
                              Log
                              --------------------------------------------------------------------------------------------------------------
                              {143324} >2026-10-03 20:25:53.00424< Event :  MCalc::ParallelAgentBaseData::ParallelAgentBaseData
                              {143324} >2026-10-03 20:25:53.00437< Event :  MCalcAgent::MCalcAgent
                              {143324} >2026-10-03 20:25:53.00437< Event :   
                              {143324} >2026-10-03 20:25:53.00437< Event :  constructor
                              {143324} >2026-10-03 20:25:54.00667< Event :  MCalc::ParallelAgentBaseData::checkJobQueue
                              {143324} >2026-10-03 20:25:54.00667< Event :  MCalc::ParallelAgentBaseData::checkJobQueue
                              {143324} >2026-10-03 20:25:54.00667< Event :  job queue ok: 
                              {143324} >2026-10-03 20:25:54.00667< Event :  true
                              {143324} >2026-10-03 20:25:54.00691< Event :  MCalc::ParallelAgentBaseData::checkJobQueue
                              {143324} >2026-10-03 20:25:54.00691< Event :  MCalc::ParallelAgentBaseData::checkJobQueue
                              {143324} >2026-10-03 20:25:54.00691< Event :  job queue ok: 
                              {143324} >2026-10-03 20:25:54.00691< Event :  true
                              {143324} >2026-10-03 20:25:54.00692< Event :  MCalc::ParallelAgentBaseData::checkJobQueue
                              {143324} >2026-10-03 20:25:54.00692< Event :  MCalc::ParallelAgentBaseData::checkJobQueue
                              {143324} >2026-10-03 20:25:54.00692< Event :  job queue ok: 
                              {143324} >2026-10-03 20:25:54.00692< Event :  true
                              {143324} >2026-10-03 20:25:54.00692< Event :  MCalc::ParallelAgentBaseData::checkJobQueue
                              {143324} >2026-10-03 20:25:54.00692< Event :  MCalc::ParallelAgentBaseData::checkJobQueue
                              {143324} >2026-10-03 20:25:54.00692< Event :  job queue ok: 
                              {143324} >2026-10-03 20:25:54.00692< Event :  true
                              {143324} >2026-10-03 20:25:54.00692< Event :  MCalc::ParallelAgentBaseData::checkJobQueue
                              {143324} >2026-10-03 20:25:54.00692< Event :  MCalc::ParallelAgentBaseData::checkJobQueue
                              {143324} >2026-10-03 20:25:54.00692< Event :  job queue ok: 
                              {143324} >2026-10-03 20:25:54.00692< Event :  true
                              {143324} >2026-10-03 20:25:54.00692< Event :  MCalc::ParallelAgentBaseData::checkJobQueue
                              {143324} >2026-10-03 20:25:54.00692< Event :  MCalc::ParallelAgentBaseData::checkJobQueue
                              {143324} >2026-10-03 20:25:54.00692< Event :  job queue ok: 
                              {143324} >2026-10-03 20:25:54.00692< Event :  true
                              {143324} >2026-10-03 20:25:54.00727< Event :  MCalc::ParallelAgentBaseData::SubmitMatrixcalculationJobs
                              {143324} >2026-10-03 20:25:54.00727< Event :  MCalc::ParallelAgentBaseData::SubmitMatrixcalculationJobs
                              {143324} >2026-10-03 20:25:54.00727< Event :  job submit section: 
                              {143324} >2026-10-03 20:25:54.00727< Event :  0
                              {143324} >2026-10-03 20:25:54.00727< Event :  MCalc::ParallelAgentBaseData::sumReservedMemoryForRunningJobs
                              {143324} >2026-10-03 20:25:54.00727< Event :  MCalc::ParallelAgentBaseData::sumReservedMemoryForRunningJobs
                              {143324} >2026-10-03 20:25:54.00727< Event :  MCalc::ParallelAgentBaseData::SubmitMatrixcalculationJobs
                              {143324} >2026-10-03 20:25:54.00727< Event :  job creation concurrency, # of waiting jibs: 
                              {143324} >2026-10-03 20:25:54.00727< Event :  2
                              {143324} >2026-10-03 20:25:54.00727< Event :  MCalc::ParallelAgentBaseData::SubmitMatrixcalculationJobs
                              {143324} >2026-10-03 20:25:54.00727< Event :  job creation concurrency, max if no job is running: 
                              {143324} >2026-10-03 20:25:54.00727< Event :  2
                              {143324} >2026-10-03 20:25:54.00727< Event :  MCalc::ParallelAgentBaseData::SubmitMatrixcalculationJobs
                              {143324} >2026-10-03 20:25:54.00727< Event :  job creation concurrency, used considering running jobs: 
                              {143324} >2026-10-03 20:25:54.00727< Event :  2
                              {143324} >2026-10-03 20:25:54.00727< Event :  MCalc::ParallelAgentBaseData::CreateJob
                              {143324} >2026-10-03 20:25:54.00727< Event :  MCalc::ParallelAgentBaseData::checkJobQueue
                              {143324} >2026-10-03 20:25:54.00727< Event :  MCalc::ParallelAgentBaseData::checkJobQueue
                              {143324} >2026-10-03 20:25:54.00727< Event :  job queue ok: 
                              {143324} >2026-10-03 20:25:54.00727< Event :  true
                              {143324} >2026-10-03 20:25:54.00730< Event :  MCalc::ParallelAgentBaseData::CreateJob
                              {143324} >2026-10-03 20:25:54.00730< Event :  MCalc::ParallelAgentBaseData::checkJobQueue
                              {143324} >2026-10-03 20:25:54.00730< Event :  MCalc::ParallelAgentBaseData::checkJobQueue
                              {143324} >2026-10-03 20:25:54.00730< Event :  job queue ok: 
                              {143324} >2026-10-03 20:25:54.00730< Event :  true
                              {143324} >2026-10-03 20:25:54.00730< Event :  MCalc::ParallelAgentBaseData::SubmitMatrixcalculationJobs
                              {143324} >2026-10-03 20:25:54.00730< Event :  job creation info: 
                              {143324} >2026-10-03 20:25:54.00730< Event :  Matrix calculation job submit section 0
                                                                            Currently running jobs: 0
                                                                            Waiting jobs: 2
                                                                            Concurrency for section: 2/2
                                                                            Memory physically installed: 34.3012 GB
                                                                            Memory hidden from installed: 0 GB
                                                                            Memory currently available: 15.9244 GB
                                                                            Memory already used: 18.3768 GB
                                                                            Memory reserved: 0 GB - Scale: 0.6
                                                                            Running 2 number of jobs in parallel
                                                                            Matrix calculation @ 1xN-Node 0001
                                                                            	Mesh coverage: 2875000.00 %
                                                                            	Estimated peak memory usage per node: 83 MB , tightness: 0.52 %
                                                                            	GPU acceleration: off
                                                                            	Processor group: 0
                                                                            Matrix calculation @ 1xN-Node 0000
                                                                            	Mesh coverage: 2530000.00 %
                                                                            	Estimated peak memory usage per node: 82 MB , tightness: 0.52 %
                                                                            	GPU acceleration: off
                                                                            	Processor group: 0
                                                                            Node distribution on 1 processor group: 2
                              {143324} >2026-10-03 20:25:54.00802< Event :  MCalc::ParallelAgentBaseData::CatchWorkerStringMessage
                              {143324} >2026-10-03 20:25:54.00802< Event :  MCalc::ParallelAgentBaseData::AnsweringMachine
                              {143324} >2026-10-03 20:25:54.00807< Event :  MCalc::ParallelAgentBaseData::CatchWorkerStringMessage
                              {143324} >2026-10-03 20:25:54.00807< Event :  MCalc::ParallelAgentBaseData::AnsweringMachine
                              {143324} >2026-10-03 20:25:54.00814< Event :  MCalc::ParallelAgentBaseData::CatchWorkerStringMessage
                              {143324} >2026-10-03 20:25:54.00814< Event :  MCalc::ParallelAgentBaseData::AnsweringMachine
                              {143324} >2026-10-03 20:25:54.00818< Event :  MCalc::ParallelAgentBaseData::CatchWorkerStringMessage
                              {143324} >2026-10-03 20:25:54.00818< Event :  MCalc::ParallelAgentBaseData::AnsweringMachine
                              {143324} >2026-10-03 20:25:54.00819< Event :  MCalc::ParallelAgentBaseData::SendProgressToFrontend
                              {143324} >2026-10-03 20:25:54.00819< Event :  MCalc::ParallelAgentBaseData::AnsweringMachine
                              {143324} >2026-10-03 20:25:54.00824< Event :  MCalc::ParallelAgentBaseData::SendProgressToFrontend
                              {143324} >2026-10-03 20:25:54.00824< Event :  MCalc::ParallelAgentBaseData::AnsweringMachine
                              {143324} >2026-10-03 20:25:54.00838< Event :  MCalc::ParallelAgentBaseData::CatchWorkerStringMessage
                              {143324} >2026-10-03 20:25:54.00838< Event :  MCalc::ParallelAgentBaseData::AnsweringMachine
                              {143324} >2026-10-03 20:25:54.00845< Event :  MCalc::ParallelAgentBaseData::CatchWorkerStringMessage
                              {143324} >2026-10-03 20:25:54.00845< Event :  MCalc::ParallelAgentBaseData::AnsweringMachine
                              {143324} >2026-10-03 20:25:54.00857< Event :  MCalc::ParallelAgentBaseData::CatchWorkerStringMessage
                              {143324} >2026-10-03 20:25:54.00857< Event :  MCalc::ParallelAgentBaseData::AnsweringMachine
                              {143324} >2026-10-03 20:25:54.00857< Event :  MCalc::ParallelAgentBaseData::CatchWorkerStringMessage
                              {143324} >2026-10-03 20:25:54.00857< Event :  MCalc::ParallelAgentBaseData::AnsweringMachine
                              {143324} >2026-10-03 20:25:55.00061< Event :  MCalc::ParallelAgentBaseData::SendProgressToFrontend
                              {143324} >2026-10-03 20:25:55.00061< Event :  MCalc::ParallelAgentBaseData::AnsweringMachine
                              {143324} >2026-10-03 20:25:55.00155< Event :  MCalc::ParallelAgentBaseData::SendProgressToFrontend
                              {143324} >2026-10-03 20:25:55.00155< Event :  MCalc::ParallelAgentBaseData::AnsweringMachine
                              {143324} >2026-10-03 20:25:55.00241< Event :  MCalc::ParallelAgentBaseData::SendProgressToFrontend
                              {143324} >2026-10-03 20:25:55.00241< Event :  MCalc::ParallelAgentBaseData::AnsweringMachine
                              {143324} >2026-10-03 20:25:55.00453< Event :  MCalc::ParallelAgentBaseData::SendProgressToFrontend
                              {143324} >2026-10-03 20:25:55.00453< Event :  MCalc::ParallelAgentBaseData::AnsweringMachine
                              {143324} >2026-10-03 20:25:55.00691< Event :  MCalc::ParallelAgentBaseData::SendProgressToFrontend
                              {143324} >2026-10-03 20:25:55.00691< Event :  MCalc::ParallelAgentBaseData::AnsweringMachine
                              {143324} >2026-10-03 20:25:55.00876< Event :  MCalc::ParallelAgentBaseData::SendProgressToFrontend
                              {143324} >2026-10-03 20:25:55.00876< Event :  MCalc::ParallelAgentBaseData::AnsweringMachine
                              {143324} >2026-10-03 20:25:55.00976< Event :  MCalc::ParallelAgentBaseData::SendProgressToFrontend
                              {143324} >2026-10-03 20:25:55.00976< Event :  MCalc::ParallelAgentBaseData::AnsweringMachine
                              {143324} >2026-10-03 20:25:56.00007< Event :  MCalc::ParallelAgentBaseData::SendProgressToFrontend
                              {143324} >2026-10-03 20:25:56.00008< Event :  MCalc::ParallelAgentBaseData::AnsweringMachine
                              {143324} >2026-10-03 20:25:56.00354< Event :  MCalc::ParallelAgentBaseData::SendProgressToFrontend
                              {143324} >2026-10-03 20:25:56.00354< Event :  MCalc::ParallelAgentBaseData::AnsweringMachine
                              {143324} >2026-10-03 20:25:56.00764< Event :  MCalc::ParallelAgentBaseData::SendProgressToFrontend
                              {143324} >2026-10-03 20:25:56.00764< Event :  MCalc::ParallelAgentBaseData::AnsweringMachine
                              {143324} >2026-10-03 20:25:57.00366< Event :  MCalc::ParallelAgentBaseData::SendProgressToFrontend
                              {143324} >2026-10-03 20:25:57.00366< Event :  MCalc::ParallelAgentBaseData::AnsweringMachine
                              {143324} >2026-10-03 20:25:57.00372< Event :  MCalc::ParallelAgentBaseData::CatchWorkerStringMessage
                              {143324} >2026-10-03 20:25:57.00372< Event :  MCalc::ParallelAgentBaseData::AnsweringMachine
                              {143324} >2026-10-03 20:25:57.00380< Event :  MCalc::ParallelAgentBaseData::CatchWorkerStringMessage
                              {143324} >2026-10-03 20:25:57.00380< Event :  MCalc::ParallelAgentBaseData::AnsweringMachine
                              {143324} >2026-10-03 20:25:57.00385< Event :  MCalc::ParallelAgentBaseData::CatchWorkerStringMessage
                              {143324} >2026-10-03 20:25:57.00385< Event :  MCalc::ParallelAgentBaseData::AnsweringMachine
                              {143324} >2026-10-03 20:25:57.00385< Event :  MCalc::ParallelAgentBaseData::CatchWorkerStringMessage
                              {143324} >2026-10-03 20:25:57.00385< Event :  MCalc::ParallelAgentBaseData::AnsweringMachine
                              {143324} >2026-10-03 20:25:57.00398< Event :  MCalc::ParallelAgentBaseData::SendProgressToFrontend
                              {143324} >2026-10-03 20:25:57.00398< Event :  MCalc::ParallelAgentBaseData::AnsweringMachine
                              {143324} >2026-10-03 20:25:57.00399< Event :  MCalc::ParallelAgentBaseData::CatchWorkerStringMessage
                              {143324} >2026-10-03 20:25:57.00399< Event :  MCalc::ParallelAgentBaseData::AnsweringMachine
                              {143324} >2026-10-03 20:25:57.00766< Event :  MCalc::ParallelAgentBaseData::SendProgressToFrontend
                              {143324} >2026-10-03 20:25:57.00766< Event :  MCalc::ParallelAgentBaseData::AnsweringMachine
                              {143324} >2026-10-03 20:25:57.00774< Event :  MCalc::ParallelAgentBaseData::CatchWorkerStringMessage
                              {143324} >2026-10-03 20:25:57.00774< Event :  MCalc::ParallelAgentBaseData::AnsweringMachine
                              {143324} >2026-10-03 20:25:57.00778< Event :  MCalc::ParallelAgentBaseData::CatchWorkerStringMessage
                              {143324} >2026-10-03 20:25:57.00778< Event :  MCalc::ParallelAgentBaseData::AnsweringMachine
                              {143324} >2026-10-03 20:25:57.00784< Event :  MCalc::ParallelAgentBaseData::CatchWorkerStringMessage
                              {143324} >2026-10-03 20:25:57.00784< Event :  MCalc::ParallelAgentBaseData::AnsweringMachine
                              {143324} >2026-10-03 20:25:57.00784< Event :  MCalc::ParallelAgentBaseData::CatchWorkerStringMessage
                              {143324} >2026-10-03 20:25:57.00784< Event :  MCalc::ParallelAgentBaseData::AnsweringMachine
                              {143324} >2026-10-03 20:25:57.00798< Event :  MCalc::ParallelAgentBaseData::SendProgressToFrontend
                              {143324} >2026-10-03 20:25:57.00798< Event :  MCalc::ParallelAgentBaseData::AnsweringMachine
                              {143324} >2026-10-03 20:25:57.00799< Event :  MCalc::ParallelAgentBaseData::CatchWorkerStringMessage
                              {143324} >2026-10-03 20:25:57.00799< Event :  MCalc::ParallelAgentBaseData::AnsweringMachine
                              {143324} >2026-10-03 20:26:00.00327< Event :  MCalc::ParallelAgentBaseData::SendProgressToFrontend
                              {143324} >2026-10-03 20:26:00.00327< Event :  MCalc::ParallelAgentBaseData::AnsweringMachine
                              {143324} >2026-10-03 20:26:00.00420< Event :  MCalc::ParallelAgentBaseData::SendProgressToFrontend
                              {143324} >2026-10-03 20:26:00.00420< Event :  MCalc::ParallelAgentBaseData::AnsweringMachine
                              {143324} >2026-10-03 20:26:00.00431< Event :  MCalc::ParallelAgentBaseData::SendProgressToFrontend
                              {143324} >2026-10-03 20:26:00.00431< Event :  MCalc::ParallelAgentBaseData::AnsweringMachine
                              {143324} >2026-10-03 20:26:00.00447< Event :  MCalc::ParallelAgentBaseData::SendProgressToFrontend
                              {143324} >2026-10-03 20:26:00.00447< Event :  MCalc::ParallelAgentBaseData::AnsweringMachine
                              {143324} >2026-10-03 20:26:00.00447< Event :  MCalc::ParallelAgentBaseData::SendProgressToFrontend
                              {143324} >2026-10-03 20:26:00.00447< Event :  MCalc::ParallelAgentBaseData::AnsweringMachine
                              {143324} >2026-10-03 20:26:00.00461< Event :  MCalc::ParallelAgentBaseData::SendProgressToFrontend
                              {143324} >2026-10-03 20:26:00.00461< Event :  MCalc::ParallelAgentBaseData::AnsweringMachine
                              {143324} >2026-10-03 20:26:00.00476< Event :  MCalc::ParallelAgentBaseData::SendProgressToFrontend
                              {143324} >2026-10-03 20:26:00.00476< Event :  MCalc::ParallelAgentBaseData::AnsweringMachine
                              {143324} >2026-10-03 20:26:00.00476< Event :  MCalc::ParallelAgentBaseData::SendProgressToFrontend
                              {143324} >2026-10-03 20:26:00.00476< Event :  MCalc::ParallelAgentBaseData::AnsweringMachine
                              {143324} >2026-10-03 20:26:00.00491< Event :  MCalc::ParallelAgentBaseData::SendProgressToFrontend
                              {143324} >2026-10-03 20:26:00.00491< Event :  MCalc::ParallelAgentBaseData::AnsweringMachine
                              {143324} >2026-10-03 20:26:00.00491< Event :  MCalc::ParallelAgentBaseData::SendProgressToFrontend
                              {143324} >2026-10-03 20:26:00.00491< Event :  MCalc::ParallelAgentBaseData::AnsweringMachine
                              {143324} >2026-10-03 20:26:00.00525< Event :  MCalc::ParallelAgentBaseData::SendProgressToFrontend
                              {143324} >2026-10-03 20:26:00.00525< Event :  MCalc::ParallelAgentBaseData::AnsweringMachine
                              {143324} >2026-10-03 20:26:00.00575< Event :  MCalc::ParallelAgentBaseData::SendProgressToFrontend
                              {143324} >2026-10-03 20:26:00.00575< Event :  MCalc::ParallelAgentBaseData::AnsweringMachine
                              {143324} >2026-10-03 20:26:00.00788< Event :  MCalc::ParallelAgentBaseData::SendProgressToFrontend
                              {143324} >2026-10-03 20:26:00.00788< Event :  MCalc::ParallelAgentBaseData::AnsweringMachine
                              {143324} >2026-10-03 20:26:00.00788< Event :  MCalc::ParallelAgentBaseData::SendProgressToFrontend
                              {143324} >2026-10-03 20:26:00.00788< Event :  MCalc::ParallelAgentBaseData::AnsweringMachine
                              {143324} >2026-10-03 20:26:00.00788< Event :  MCalc::ParallelAgentBaseData::SendProgressToFrontend
                              {143324} >2026-10-03 20:26:00.00788< Event :  MCalc::ParallelAgentBaseData::AnsweringMachine
                              {143324} >2026-10-03 20:26:01.00102< Event :  MCalc::ParallelAgentBaseData::SendProgressToFrontend
                              {143324} >2026-10-03 20:26:01.00102< Event :  MCalc::ParallelAgentBaseData::AnsweringMachine
                              {143324} >2026-10-03 20:26:01.00222< Event :  MCalc::ParallelAgentBaseData::SendProgressToFrontend
                              {143324} >2026-10-03 20:26:01.00222< Event :  MCalc::ParallelAgentBaseData::AnsweringMachine
                              {143324} >2026-10-03 20:26:01.00321< Event :  MCalc::ParallelAgentBaseData::SendProgressToFrontend
                              {143324} >2026-10-03 20:26:01.00321< Event :  MCalc::ParallelAgentBaseData::AnsweringMachine
                              {143324} >2026-10-03 20:26:01.00334< Event :  MCalc::ParallelAgentBaseData::SendProgressToFrontend
                              {143324} >2026-10-03 20:26:01.00334< Event :  MCalc::ParallelAgentBaseData::AnsweringMachine
                              {143324} >2026-10-03 20:26:01.00352< Event :  MCalc::ParallelAgentBaseData::SendProgressToFrontend
                              {143324} >2026-10-03 20:26:01.00352< Event :  MCalc::ParallelAgentBaseData::AnsweringMachine
                              {143324} >2026-10-03 20:26:01.00353< Event :  MCalc::ParallelAgentBaseData::SendProgressToFrontend
                              {143324} >2026-10-03 20:26:01.00353< Event :  MCalc::ParallelAgentBaseData::AnsweringMachine
                              {143324} >2026-10-03 20:26:01.00363< Event :  MCalc::ParallelAgentBaseData::SendProgressToFrontend
                              {143324} >2026-10-03 20:26:01.00363< Event :  MCalc::ParallelAgentBaseData::AnsweringMachine
                              {143324} >2026-10-03 20:26:01.00382< Event :  MCalc::ParallelAgentBaseData::SendProgressToFrontend
                              {143324} >2026-10-03 20:26:01.00382< Event :  MCalc::ParallelAgentBaseData::AnsweringMachine
                              {143324} >2026-10-03 20:26:01.00382< Event :  MCalc::ParallelAgentBaseData::SendProgressToFrontend
                              {143324} >2026-10-03 20:26:01.00382< Event :  MCalc::ParallelAgentBaseData::AnsweringMachine
                              {143324} >2026-10-03 20:26:01.00394< Event :  MCalc::ParallelAgentBaseData::SendProgressToFrontend
                              {143324} >2026-10-03 20:26:01.00394< Event :  MCalc::ParallelAgentBaseData::AnsweringMachine
                              {143324} >2026-10-03 20:26:01.00394< Event :  MCalc::ParallelAgentBaseData::SendProgressToFrontend
                              {143324} >2026-10-03 20:26:01.00394< Event :  MCalc::ParallelAgentBaseData::AnsweringMachine
                              {143324} >2026-10-03 20:26:01.00422< Event :  MCalc::ParallelAgentBaseData::SendProgressToFrontend
                              {143324} >2026-10-03 20:26:01.00422< Event :  MCalc::ParallelAgentBaseData::AnsweringMachine
                              {143324} >2026-10-03 20:26:01.00424< Event :  MCalc::ParallelAgentBaseData::SendProgressToFrontend
                              {143324} >2026-10-03 20:26:01.00424< Event :  MCalc::ParallelAgentBaseData::AnsweringMachine
                              {143324} >2026-10-03 20:26:01.00466< Event :  MCalc::ParallelAgentBaseData::SendProgressToFrontend
                              {143324} >2026-10-03 20:26:01.00466< Event :  MCalc::ParallelAgentBaseData::AnsweringMachine
                              {143324} >2026-10-03 20:26:01.00684< Event :  MCalc::ParallelAgentBaseData::SendProgressToFrontend
                              {143324} >2026-10-03 20:26:01.00684< Event :  MCalc::ParallelAgentBaseData::AnsweringMachine
                              {143324} >2026-10-03 20:26:01.00684< Event :  MCalc::ParallelAgentBaseData::SendProgressToFrontend
                              {143324} >2026-10-03 20:26:01.00684< Event :  MCalc::ParallelAgentBaseData::AnsweringMachine
                              {143324} >2026-10-03 20:26:01.00684< Event :  MCalc::ParallelAgentBaseData::SendProgressToFrontend
                              {143324} >2026-10-03 20:26:01.00684< Event :  MCalc::ParallelAgentBaseData::AnsweringMachine
                              {143324} >2026-10-03 20:26:01.00733< Event :  MCalc::ParallelAgentBaseData::SendProgressToFrontend
                              {143324} >2026-10-03 20:26:01.00733< Event :  MCalc::ParallelAgentBaseData::AnsweringMachine
                              {143324} >2026-10-03 20:26:01.00860< Event :  MCalc::ParallelAgentBaseData::SendProgressToFrontend
                              {143324} >2026-10-03 20:26:01.00860< Event :  MCalc::ParallelAgentBaseData::AnsweringMachine
                              {143324} >2026-10-03 20:26:02.00111< Event :  MCalc::ParallelAgentBaseData::SendProgressToFrontend
                              {143324} >2026-10-03 20:26:02.00111< Event :  MCalc::ParallelAgentBaseData::AnsweringMachine
                              {143324} >2026-10-03 20:26:02.00327< Event :  MCalc::ParallelAgentBaseData::SendProgressToFrontend
                              {143324} >2026-10-03 20:26:02.00327< Event :  MCalc::ParallelAgentBaseData::AnsweringMachine
                              {143324} >2026-10-03 20:26:02.00533< Event :  MCalc::ParallelAgentBaseData::SendProgressToFrontend
                              {143324} >2026-10-03 20:26:02.00533< Event :  MCalc::ParallelAgentBaseData::AnsweringMachine
                              {143324} >2026-10-03 20:26:03.00037< Event :  MCalc::ParallelAgentBaseData::SendProgressToFrontend
                              {143324} >2026-10-03 20:26:03.00037< Event :  MCalc::ParallelAgentBaseData::AnsweringMachine
                              {143324} >2026-10-03 20:26:03.00542< Event :  MCalc::ParallelAgentBaseData::SendProgressToFrontend
                              {143324} >2026-10-03 20:26:03.00542< Event :  MCalc::ParallelAgentBaseData::AnsweringMachine
                              {143324} >2026-10-03 20:26:03.00544< Event :  MCalc::ParallelAgentBaseData::SendProgressToFrontend
                              {143324} >2026-10-03 20:26:03.00544< Event :  MCalc::ParallelAgentBaseData::AnsweringMachine
                              {143324} >2026-10-03 20:26:03.00705< Event :  MCalc::ParallelAgentBaseData::CatchWorkerStringMessage
                              {143324} >2026-10-03 20:26:03.00705< Event :  MCalc::ParallelAgentBaseData::AnsweringMachine
                              {143324} >2026-10-03 20:26:03.00705< Event :  MCalc::ParallelAgentBaseData::AnsweringMachine
                              {143324} >2026-10-03 20:26:03.00707< Event :  MCalc::ParallelAgentBaseData::SubmitMatrixcalculationJobs
                              {143324} >2026-10-03 20:26:03.00707< Event :  MCalc::ParallelAgentBaseData::SubmitMatrixcalculationJobs
                              {143324} >2026-10-03 20:26:03.00707< Event :  job submit section: 
                              {143324} >2026-10-03 20:26:03.00707< Event :  1
                              {143324} >2026-10-03 20:26:03.00707< Event :  MCalc::ParallelAgentBaseData::sumReservedMemoryForRunningJobs
                              {143324} >2026-10-03 20:26:04.00511< Event :  MCalc::ParallelAgentBaseData::SendProgressToFrontend
                              {143324} >2026-10-03 20:26:04.00511< Event :  MCalc::ParallelAgentBaseData::AnsweringMachine
                              {143324} >2026-10-03 20:26:04.00513< Event :  MCalc::ParallelAgentBaseData::SendProgressToFrontend
                              {143324} >2026-10-03 20:26:04.00513< Event :  MCalc::ParallelAgentBaseData::AnsweringMachine
                              {143324} >2026-10-03 20:26:04.00666< Event :  MCalc::ParallelAgentBaseData::CatchWorkerStringMessage
                              {143324} >2026-10-03 20:26:04.00666< Event :  MCalc::ParallelAgentBaseData::AnsweringMachine
                              {143324} >2026-10-03 20:26:04.00667< Event :  MCalc::ParallelAgentBaseData::AnsweringMachine
                              {143324} >2026-10-03 20:26:04.00669< Event :  MCalc::ParallelAgentBaseData::SubmitMatrixcalculationJobs
                              {143324} >2026-10-03 20:26:04.00669< Event :  MCalc::ParallelAgentBaseData::SubmitMatrixcalculationJobs
                              {143324} >2026-10-03 20:26:04.00669< Event :  job submit section: 
                              {143324} >2026-10-03 20:26:04.00669< Event :  1
                              {143324} >2026-10-03 20:26:04.00669< Event :  MCalc::ParallelAgentBaseData::sumReservedMemoryForRunningJobs
                              {143324} >2026-10-03 20:26:06.00468< Event :  MCalc::ParallelAgentBaseData::SendFinishMessage
                              {143324} >2026-10-03 20:26:06.00468< Event :  MCalc::ParallelAgentBaseData::SendProgressToFrontend
                              {143324} >2026-10-03 20:26:06.00482< Event :  MCalc::ParallelAgentBaseData::AnsweringMachine
                              {143324} >2026-10-03 20:26:06.00482< Event :  MCalcAgent::Finished
                              {143324} >2026-10-03 20:26:06.00482< Event :   
                              {143324} >2026-10-03 20:26:06.00482< Event :  entered finished state
                              ==============================================================================================================
