ParaControl_AMD64-1xN @ JDM:  =================================================================
                              Events - Cropping Matrices
                              -----------------------------------------------------------------
                              {97340} >2026-10-03 20:24:07.00637< Event :  Started SV-cropping
                              {97340} >2026-10-03 20:24:07.00756< Event :  Finished SV-cropping
                              =================================================================
ParaControl_AMD64-1xN @ JDM:  ===============================================================================================
                              16388.00 ms |          | SV-crop-all | Outside MCalcResultIdentification | 34.29 MB | 0.0000 MB
                              16488.00 ms |  --> 3rd | SV-crop-all |                        All meshes | 41.62 MB | 7.3277 MB
                              16500.00 ms | --> peak | SV-crop-all |                        All meshes | 41.63 MB | 0.0123 MB
                              16506.00 ms |  --> 2nd | SV-crop-all | Outside MCalcResultIdentification | 41.63 MB | 0.0000 MB
                              ===============================================================================================
ParaControl_AMD64-1xN @ JDM:  ==================================================================
                              Events - Cropping Matrices
                              ------------------------------------------------------------------
                              {143324} >2026-10-03 20:26:05.00972< Event :  Started SV-cropping
                              {143324} >2026-10-03 20:26:06.00001< Event :  Finished SV-cropping
                              ==================================================================
ParaControl_AMD64-1xN @ JDM:  ===============================================================================================
                              12523.00 ms |          | SV-crop-all | Outside MCalcResultIdentification | 37.18 MB | 0.0000 MB
                              12546.00 ms |  --> 3rd | SV-crop-all |                        All meshes | 43.57 MB | 6.3939 MB
                              12548.00 ms | --> peak | SV-crop-all |                        All meshes | 43.59 MB | 0.0123 MB
                              12551.00 ms |  --> 2nd | SV-crop-all | Outside MCalcResultIdentification | 43.59 MB | 0.0000 MB
                              ===============================================================================================
