2026-10-03 19:45:37   Defined reference frequency for open boundary condition (2.15 GHz) is larger
                      than the lowest relevant system frequency (monitor at 2 GHz).
                      Please check the Settings for PML Boundary (Simulation > Settings > Boundary
                      Conditions > Open Boundary) to ensure accurate monitor results for the lowest
                      frequency of interest. More...

                      ------------------------------------------------------------------------------
2026-10-03 19:45:37   The following farfield monitor(s) have been adjusted to model box [-36.1084,
                      36.1084, -36.1084, 36.1084, -36.2806, 60.4975]:
                        farfield (f=2), farfield (f=2.06), farfield (f=2.12), farfield (f=2.2),
                      farfield (f=2.25), farfield (f=2.3).
                      For further information please check the page "Special Solver Parameters -
                      Solver" in the Online Help.

                      ------------------------------------------------------------------------------
2026-10-03 19:45:37   According to the selected features the <Time Domain Solver (HEX)> will be
                      started.

                      ------------------------------------------------------------------------------
2026-10-03 19:45:37   
                      Solver started at: 2026-10-03 19:45:37 +0900

                        Module:  Time Domain: S-Parameter (Win 64)
                        Version: 2026.4 Release from 2026-04-14 (change 1669599)

2026-10-03 19:45:37   

                      ------------------------------------------------------------------------------
2026-10-03 19:45:37   

                      ------------------------------------------------------------------------------
2026-10-03 19:45:37   ======================================================================
                      Solver uses float precision.
                      ======================================================================



                      ------------------------------------------------------------------------------
2026-10-03 19:45:37   ======================================================================
                       Solver cycle: 1
                      ======================================================================

                      Stimulation at discrete port 1 



                      ------------------------------------------------------------------------------
2026-10-03 19:45:37   Units settings: 

                        Dimensions: mm
                        Frequency:  GHz
                        Time:       ns

                      ------------------------------------------------------------------------------
2026-10-03 19:45:37   The dispersive material update [Automatic] will be performed using the "Standard" update schema

                      ------------------------------------------------------------------------------
2026-10-03 19:45:47   The following discrete edge ports are connected to metal material:
                      	1, 2, 3, 4

                      ------------------------------------------------------------------------------
2026-10-03 19:45:47   *** Warning ***

2026-10-03 19:45:47   8 mesh edges are represented in staircase mode and have been filled with PEC.
                      16 mesh edges are partially filled with PEC.
                       More...

                      ------------------------------------------------------------------------------
2026-10-03 19:45:47   Mesh statistics:

                         Hexahedral mesh type: Perfect Boundary Approximation (PBA)
                            Version: default

                         Parallelization type: domain decomposition
                            Number of parallel working threads: 2
                            Number of calculation domains used: 2

                         Used point accuracy enhancement value: 72.00%.
                         Acceleration mode: CPU
                         PBA fill limit: 99.00% (inverse)

2026-10-03 19:45:47   Boundary conditions: 

                        YZsymmetry: none
                        XZsymmetry: none
                        XYsymmetry: none

                        Xmin: expanded open, 4 Layer, depth 38.4266 mm
                        Xmax: expanded open, 4 Layer, depth 38.4266 mm

                        Ymin: expanded open, 4 Layer, depth 38.4266 mm
                        Ymax: expanded open, 4 Layer, depth 38.4266 mm

                        Zmin: expanded open, 4 Layer, depth 36.7945 mm
                        Zmax: expanded open, 4 Layer, depth 41.2544 mm

                        PML-Type: Convolution PML

                      ------------------------------------------------------------------------------
2026-10-03 19:45:47   Frequency settings: 

                        Fmin:         2
                        Fmax:         2.3
                        Nfsteps:      1001

                      ------------------------------------------------------------------------------
2026-10-03 19:45:47   Field update statistics:

                        Number of components in total: 	439240
                        Number of TST and special elements:	760

                      Subcycling state:      			Automatically deactivated

                      ------------------------------------------------------------------------------
2026-10-03 19:45:48   Ports: 1 ... 4

                        Discrete element, reference impedance = 50 Ohm

                      ------------------------------------------------------------------------------
2026-10-03 19:45:56   
                      --------------------------------------------------------------------------------
2026-10-03 19:45:56   Steady state energy criterion met, solver finished successfully.

                      ------------------------------------------------------------------------------
2026-10-03 19:45:56   Frequency domain results normalized to default signal.


                      ------------------------------------------------------------------------------
2026-10-03 19:45:56   
                        ----------------------------------------------------------------------------
                                            Peak memory used (GB)         Free physical memory (GB) 
                                                                          At begin     Minimum      
                        ----------------------------------------------------------------------------
                        CAD preparation     0.017                         17.624       17.624       
                        Matrices calc.      0.129                         17.622       17.495       
                        Solver run total    0.083                         17.635       17.510       
                        ----------------------------------------------------------------------------

                      --------------------------------------------------------------------------------
                      Solver Statistics:

                        Hardware:
                           Computer name:                 	JDM 

                           Number of CPU threads:               8
                           Hardware info:                  	Hardware Accelerator Device not activated

                        Number of mesh cells:             	70560
                        Excitation duration:              	2.36969917e+001 ns 
                        Calculation time for excitation:  	0 	s
                        Number of calculated pulse widths:	1.00015 
                        Steady state accuracy limit:      	-40	dB 
                        Simulated number of time steps:   	23944 
                        Maximum number of time steps:     	478787 
                        Time step width:
                           without subcycles:             	9.898758411e-004 ns
                           used:                          	9.898758411e-004 ns

                        CAD preparation time:             	0      	s
                        Matrix calculation time:          	9 	s
                        Solver setup time:                	1 	s
                        Solver loop time:                 	7 	s
                        Solver post-processing time:      	0 	s
                                                          	------------
                        Total solver time:                	17 	s

                      ------------------------------------------------------------------------------
2026-10-03 19:45:56   ======================================================================
                       Solver cycle: 2
                      ======================================================================

                      Stimulation at discrete port 2 



                      ------------------------------------------------------------------------------
2026-10-03 19:45:56   Units settings: 

                        Dimensions: mm
                        Frequency:  GHz
                        Time:       ns

                      ------------------------------------------------------------------------------
2026-10-03 19:45:56   The dispersive material update will be performed using the "Standard" update schema

                      ------------------------------------------------------------------------------
2026-10-03 19:45:57   The following discrete edge ports are connected to metal material:
                      	1, 2, 3, 4

                      ------------------------------------------------------------------------------
2026-10-03 19:45:57   *** Warning ***

2026-10-03 19:45:57   8 mesh edges are represented in staircase mode and have been filled with PEC.
                      16 mesh edges are partially filled with PEC.
                       More...

                      ------------------------------------------------------------------------------
2026-10-03 19:45:57   Boundary conditions: 

                        YZsymmetry: none
                        XZsymmetry: none
                        XYsymmetry: none

                        Xmin: expanded open, 4 Layer, depth 38.4266 mm
                        Xmax: expanded open, 4 Layer, depth 38.4266 mm

                        Ymin: expanded open, 4 Layer, depth 38.4266 mm
                        Ymax: expanded open, 4 Layer, depth 38.4266 mm

                        Zmin: expanded open, 4 Layer, depth 36.7945 mm
                        Zmax: expanded open, 4 Layer, depth 41.2544 mm

                        PML-Type: Convolution PML

                      ------------------------------------------------------------------------------
2026-10-03 19:45:57   Frequency settings: 

                        Fmin:         2
                        Fmax:         2.3
                        Nfsteps:      1001

                      ------------------------------------------------------------------------------
2026-10-03 19:45:57   Field update statistics:

                        Number of components in total: 	439240
                        Number of TST and special elements:	760

                      Subcycling state:      			Automatically deactivated

                      ------------------------------------------------------------------------------
2026-10-03 19:45:57   Ports: 1 ... 4

                        Discrete element, reference impedance = 50 Ohm

                      ------------------------------------------------------------------------------
2026-10-03 19:46:06   
                      --------------------------------------------------------------------------------
2026-10-03 19:46:06   Steady state energy criterion met, solver finished successfully.

                      ------------------------------------------------------------------------------
2026-10-03 19:46:06   Frequency domain results normalized to default signal.


                      ------------------------------------------------------------------------------
2026-10-03 19:46:06   
                        ----------------------------------------------------------------------------
                                            Peak memory used (GB)         Free physical memory (GB) 
                                                                          At begin     Minimum      
                        ----------------------------------------------------------------------------
                        CAD preparation     0.017                         17.624       17.624       
                        Matrices calc.      0.129                         17.622       17.495       
                        Solver run total    0.086                         17.603       17.603       
                        ----------------------------------------------------------------------------

                      --------------------------------------------------------------------------------
                      Solver Statistics:

                        Hardware:
                           Computer name:                 	JDM 

                           Number of CPU threads:               8
                           Hardware info:                  	Hardware Accelerator Device not activated

                        Number of mesh cells:             	70560
                        Excitation duration:              	2.36969917e+001 ns 
                        Calculation time for excitation:  	0 	s
                        Number of calculated pulse widths:	1.00015 
                        Steady state accuracy limit:      	-40	dB 
                        Simulated number of time steps:   	23944 
                        Maximum number of time steps:     	478787 
                        Time step width:
                           without subcycles:             	9.898758411e-004 ns
                           used:                          	9.898758411e-004 ns

                        Reloading matrices:               	0 	s
                        Solver setup time:                	0 	s
                        Solver loop time:                 	7 	s
                        Solver post-processing time:      	0 	s
                                                          	------------
                        Total solver time:                	7 	s

                      ------------------------------------------------------------------------------
2026-10-03 19:46:06   ======================================================================
                       Solver cycle: 3
                      ======================================================================

                      Stimulation at discrete port 3 



                      ------------------------------------------------------------------------------
2026-10-03 19:46:06   Units settings: 

                        Dimensions: mm
                        Frequency:  GHz
                        Time:       ns

                      ------------------------------------------------------------------------------
2026-10-03 19:46:06   The dispersive material update will be performed using the "Standard" update schema

                      ------------------------------------------------------------------------------
2026-10-03 19:46:06   The following discrete edge ports are connected to metal material:
                      	1, 2, 3, 4

                      ------------------------------------------------------------------------------
2026-10-03 19:46:06   *** Warning ***

2026-10-03 19:46:06   8 mesh edges are represented in staircase mode and have been filled with PEC.
                      16 mesh edges are partially filled with PEC.
                       More...

                      ------------------------------------------------------------------------------
2026-10-03 19:46:06   Boundary conditions: 

                        YZsymmetry: none
                        XZsymmetry: none
                        XYsymmetry: none

                        Xmin: expanded open, 4 Layer, depth 38.4266 mm
                        Xmax: expanded open, 4 Layer, depth 38.4266 mm

                        Ymin: expanded open, 4 Layer, depth 38.4266 mm
                        Ymax: expanded open, 4 Layer, depth 38.4266 mm

                        Zmin: expanded open, 4 Layer, depth 36.7945 mm
                        Zmax: expanded open, 4 Layer, depth 41.2544 mm

                        PML-Type: Convolution PML

                      ------------------------------------------------------------------------------
2026-10-03 19:46:06   Frequency settings: 

                        Fmin:         2
                        Fmax:         2.3
                        Nfsteps:      1001

                      ------------------------------------------------------------------------------
2026-10-03 19:46:06   Field update statistics:

                        Number of components in total: 	439240
                        Number of TST and special elements:	760

                      Subcycling state:      			Automatically deactivated

                      ------------------------------------------------------------------------------
2026-10-03 19:46:06   Ports: 1 ... 4

                        Discrete element, reference impedance = 50 Ohm

                      ------------------------------------------------------------------------------
2026-10-03 19:46:15   
                      --------------------------------------------------------------------------------
2026-10-03 19:46:15   Steady state energy criterion met, solver finished successfully.

                      ------------------------------------------------------------------------------
2026-10-03 19:46:15   Frequency domain results normalized to default signal.


                      ------------------------------------------------------------------------------
2026-10-03 19:46:15   
                        ----------------------------------------------------------------------------
                                            Peak memory used (GB)         Free physical memory (GB) 
                                                                          At begin     Minimum      
                        ----------------------------------------------------------------------------
                        CAD preparation     0.017                         17.624       17.624       
                        Matrices calc.      0.129                         17.622       17.495       
                        Solver run total    0.086                         17.607       17.607       
                        ----------------------------------------------------------------------------

                      --------------------------------------------------------------------------------
                      Solver Statistics:

                        Hardware:
                           Computer name:                 	JDM 

                           Number of CPU threads:               8
                           Hardware info:                  	Hardware Accelerator Device not activated

                        Number of mesh cells:             	70560
                        Excitation duration:              	2.36969917e+001 ns 
                        Calculation time for excitation:  	0 	s
                        Number of calculated pulse widths:	1.00015 
                        Steady state accuracy limit:      	-40	dB 
                        Simulated number of time steps:   	23944 
                        Maximum number of time steps:     	478787 
                        Time step width:
                           without subcycles:             	9.898758411e-004 ns
                           used:                          	9.898758411e-004 ns

                        Reloading matrices:               	0 	s
                        Solver setup time:                	0 	s
                        Solver loop time:                 	7 	s
                        Solver post-processing time:      	0 	s
                                                          	------------
                        Total solver time:                	7 	s

                      ------------------------------------------------------------------------------
2026-10-03 19:46:15   ======================================================================
                       Solver cycle: 4
                      ======================================================================

                      Stimulation at discrete port 4 



                      ------------------------------------------------------------------------------
2026-10-03 19:46:15   Units settings: 

                        Dimensions: mm
                        Frequency:  GHz
                        Time:       ns

                      ------------------------------------------------------------------------------
2026-10-03 19:46:15   The dispersive material update will be performed using the "Standard" update schema

                      ------------------------------------------------------------------------------
2026-10-03 19:46:15   The following discrete edge ports are connected to metal material:
                      	1, 2, 3, 4

                      ------------------------------------------------------------------------------
2026-10-03 19:46:15   *** Warning ***

2026-10-03 19:46:15   8 mesh edges are represented in staircase mode and have been filled with PEC.
                      16 mesh edges are partially filled with PEC.
                       More...

                      ------------------------------------------------------------------------------
2026-10-03 19:46:16   Boundary conditions: 

                        YZsymmetry: none
                        XZsymmetry: none
                        XYsymmetry: none

                        Xmin: expanded open, 4 Layer, depth 38.4266 mm
                        Xmax: expanded open, 4 Layer, depth 38.4266 mm

                        Ymin: expanded open, 4 Layer, depth 38.4266 mm
                        Ymax: expanded open, 4 Layer, depth 38.4266 mm

                        Zmin: expanded open, 4 Layer, depth 36.7945 mm
                        Zmax: expanded open, 4 Layer, depth 41.2544 mm

                        PML-Type: Convolution PML

                      ------------------------------------------------------------------------------
2026-10-03 19:46:16   Frequency settings: 

                        Fmin:         2
                        Fmax:         2.3
                        Nfsteps:      1001

                      ------------------------------------------------------------------------------
2026-10-03 19:46:16   Field update statistics:

                        Number of components in total: 	439240
                        Number of TST and special elements:	760

                      Subcycling state:      			Automatically deactivated

                      ------------------------------------------------------------------------------
2026-10-03 19:46:16   Ports: 1 ... 4

                        Discrete element, reference impedance = 50 Ohm

                      ------------------------------------------------------------------------------
2026-10-03 19:46:25   
                      --------------------------------------------------------------------------------
2026-10-03 19:46:25   Steady state energy criterion met, solver finished successfully.

                      ------------------------------------------------------------------------------
2026-10-03 19:46:25   Frequency domain results normalized to default signal.


                      ------------------------------------------------------------------------------
2026-10-03 19:46:25   
                        ----------------------------------------------------------------------------
                                            Peak memory used (GB)         Free physical memory (GB) 
                                                                          At begin     Minimum      
                        ----------------------------------------------------------------------------
                        CAD preparation     0.017                         17.624       17.624       
                        Matrices calc.      0.129                         17.622       17.495       
                        Solver run total    0.086                         17.607       17.604       
                        ----------------------------------------------------------------------------

                      --------------------------------------------------------------------------------
                      Solver Statistics:

                        Hardware:
                           Computer name:                 	JDM 

                           Number of CPU threads:               8
                           Hardware info:                  	Hardware Accelerator Device not activated

                        Number of mesh cells:             	70560
                        Excitation duration:              	2.36969917e+001 ns 
                        Calculation time for excitation:  	0 	s
                        Number of calculated pulse widths:	1.00015 
                        Steady state accuracy limit:      	-40	dB 
                        Simulated number of time steps:   	23944 
                        Maximum number of time steps:     	478787 
                        Time step width:
                           without subcycles:             	9.898758411e-004 ns
                           used:                          	9.898758411e-004 ns

                        Reloading matrices:               	0 	s
                        Solver setup time:                	1 	s
                        Solver loop time:                 	7 	s
                        Solver post-processing time:      	0 	s
                                                          	------------
                        Total solver time:                	8 	s

                      ------------------------------------------------------------------------------
2026-10-03 19:46:25   
                        Total solver time (all cycles):      	39     	s
                        Solver initialization and clean-up:  	8      	s
                                                             	------------
                        Total simulation time:               	47     	s

                      ------------------------------------------------------------------------------
2026-10-03 19:46:25   Time Domain: S-ParameterSolver finished at: 2026-10-03 19:46:25 +0900



                      ------------------------------------------------------------------------------
2026-10-03 19:46:27   Creating parametric 1D results for Run ID 1

                      ------------------------------------------------------------------------------
