2026-10-03 19:39:08   Defined reference frequency for open boundary condition (2.15 GHz) is larger
                      than the lowest relevant system frequency (monitor at 2 GHz).
                      Please check the Settings for PML Boundary (Simulation > Settings > Boundary
                      Conditions > Open Boundary) to ensure accurate monitor results for the lowest
                      frequency of interest. More...

                      ------------------------------------------------------------------------------
2026-10-03 19:39:08   The following farfield monitor(s) have been adjusted to model box [-36.0495,
                      36.0495, -36.0495, 36.0495, -36.5473, 76.7622]:
                        farfield (f=2), farfield (f=2.06), farfield (f=2.12), farfield (f=2.2),
                      farfield (f=2.25), farfield (f=2.3).
                      For further information please check the page "Special Solver Parameters -
                      Solver" in the Online Help.

                      ------------------------------------------------------------------------------
2026-10-03 19:39:08   According to the selected features the <Time Domain Solver (HEX)> will be
                      started.

                      ------------------------------------------------------------------------------
2026-10-03 19:39:09   
                      Solver started at: 2026-10-03 19:39:09 +0900

                        Module:  Time Domain: S-Parameter (Win 64)
                        Version: 2026.4 Release from 2026-04-14 (change 1669599)

2026-10-03 19:39:09   

                      ------------------------------------------------------------------------------
2026-10-03 19:39:09   

                      ------------------------------------------------------------------------------
2026-10-03 19:39:09   ======================================================================
                      Solver uses float precision.
                      ======================================================================



                      ------------------------------------------------------------------------------
2026-10-03 19:39:09   ======================================================================
                       Solver cycle: 1
                      ======================================================================

                      Stimulation at discrete port 1 



                      ------------------------------------------------------------------------------
2026-10-03 19:39:09   Units settings: 

                        Dimensions: mm
                        Frequency:  GHz
                        Time:       ns

                      ------------------------------------------------------------------------------
2026-10-03 19:39:09   The dispersive material update [Automatic] will be performed using the "Standard" update schema

                      ------------------------------------------------------------------------------
2026-10-03 19:39:17   The following discrete edge ports are connected to metal material:
                      	1, 2, 3, 4

                      ------------------------------------------------------------------------------
2026-10-03 19:39:17   *** Warning ***

2026-10-03 19:39:17   8 mesh edges are represented in staircase mode and have been filled with PEC.
                      16 mesh edges are partially filled with PEC.
                       More...

                      ------------------------------------------------------------------------------
2026-10-03 19:39:18   Mesh statistics:

                         Hexahedral mesh type: Perfect Boundary Approximation (PBA)
                            Version: default

                         Parallelization type: domain decomposition
                            Number of parallel working threads: 2
                            Number of calculation domains used: 2

                         Used point accuracy enhancement value: 74.00%.
                         Acceleration mode: CPU
                         PBA fill limit: 99.00% (inverse)

2026-10-03 19:39:18   Boundary conditions: 

                        YZsymmetry: none
                        XZsymmetry: none
                        XYsymmetry: none

                        Xmin: expanded open, 4 Layer, depth 36.5149 mm
                        Xmax: expanded open, 4 Layer, depth 36.5149 mm

                        Ymin: expanded open, 4 Layer, depth 36.5149 mm
                        Ymax: expanded open, 4 Layer, depth 36.5149 mm

                        Zmin: expanded open, 4 Layer, depth 34.1721 mm
                        Zmax: expanded open, 4 Layer, depth 36.0958 mm

                        PML-Type: Convolution PML

                      ------------------------------------------------------------------------------
2026-10-03 19:39:18   Frequency settings: 

                        Fmin:         2
                        Fmax:         2.3
                        Nfsteps:      1001

                      ------------------------------------------------------------------------------
2026-10-03 19:39:18   Field update statistics:

                        Number of components in total: 	369369
                        Number of TST and special elements:	736

                      Subcycling state:      			Automatically deactivated

                      ------------------------------------------------------------------------------
2026-10-03 19:39:18   Ports: 1 ... 4

                        Discrete element, reference impedance = 50 Ohm

                      ------------------------------------------------------------------------------
2026-10-03 19:39:24   
                      --------------------------------------------------------------------------------
2026-10-03 19:39:24   Steady state energy criterion met, solver finished successfully.

                      ------------------------------------------------------------------------------
2026-10-03 19:39:24   Frequency domain results normalized to default signal.


                      ------------------------------------------------------------------------------
2026-10-03 19:39:24   
                        ----------------------------------------------------------------------------
                                            Peak memory used (GB)         Free physical memory (GB) 
                                                                          At begin     Minimum      
                        ----------------------------------------------------------------------------
                        CAD preparation     0.017                         18.399       18.399       
                        Matrices calc.      0.114                         18.390       18.266       
                        Solver run total    0.079                         18.414       18.271       
                        ----------------------------------------------------------------------------

                      --------------------------------------------------------------------------------
                      Solver Statistics:

                        Hardware:
                           Computer name:                 	JDM 

                           Number of CPU threads:               8
                           Hardware info:                  	Hardware Accelerator Device not activated

                        Number of mesh cells:             	59200
                        Excitation duration:              	2.36969917e+001 ns 
                        Calculation time for excitation:  	4 	s
                        Number of calculated pulse widths:	1.00154 
                        Steady state accuracy limit:      	-40	dB 
                        Simulated number of time steps:   	14924 
                        Maximum number of time steps:     	298000 
                        Time step width:
                           without subcycles:             	1.590400417e-003 ns
                           used:                          	1.590400417e-003 ns

                        CAD preparation time:             	0      	s
                        Matrix calculation time:          	8 	s
                        Solver setup time:                	1 	s
                        Solver loop time:                 	4 	s
                        Solver post-processing time:      	0 	s
                                                          	------------
                        Total solver time:                	13 	s

                      ------------------------------------------------------------------------------
2026-10-03 19:39:24   ======================================================================
                       Solver cycle: 2
                      ======================================================================

                      Stimulation at discrete port 2 



                      ------------------------------------------------------------------------------
2026-10-03 19:39:24   Units settings: 

                        Dimensions: mm
                        Frequency:  GHz
                        Time:       ns

                      ------------------------------------------------------------------------------
2026-10-03 19:39:24   The dispersive material update will be performed using the "Standard" update schema

                      ------------------------------------------------------------------------------
2026-10-03 19:39:24   The following discrete edge ports are connected to metal material:
                      	1, 2, 3, 4

                      ------------------------------------------------------------------------------
2026-10-03 19:39:24   *** Warning ***

2026-10-03 19:39:24   8 mesh edges are represented in staircase mode and have been filled with PEC.
                      16 mesh edges are partially filled with PEC.
                       More...

                      ------------------------------------------------------------------------------
2026-10-03 19:39:24   Boundary conditions: 

                        YZsymmetry: none
                        XZsymmetry: none
                        XYsymmetry: none

                        Xmin: expanded open, 4 Layer, depth 36.5149 mm
                        Xmax: expanded open, 4 Layer, depth 36.5149 mm

                        Ymin: expanded open, 4 Layer, depth 36.5149 mm
                        Ymax: expanded open, 4 Layer, depth 36.5149 mm

                        Zmin: expanded open, 4 Layer, depth 34.1721 mm
                        Zmax: expanded open, 4 Layer, depth 36.0958 mm

                        PML-Type: Convolution PML

                      ------------------------------------------------------------------------------
2026-10-03 19:39:24   Frequency settings: 

                        Fmin:         2
                        Fmax:         2.3
                        Nfsteps:      1001

                      ------------------------------------------------------------------------------
2026-10-03 19:39:25   Field update statistics:

                        Number of components in total: 	369369
                        Number of TST and special elements:	736

                      Subcycling state:      			Automatically deactivated

                      ------------------------------------------------------------------------------
2026-10-03 19:39:25   Ports: 1 ... 4

                        Discrete element, reference impedance = 50 Ohm

                      ------------------------------------------------------------------------------
2026-10-03 19:39:30   
                      --------------------------------------------------------------------------------
2026-10-03 19:39:30   Steady state energy criterion met, solver finished successfully.

                      ------------------------------------------------------------------------------
2026-10-03 19:39:30   Frequency domain results normalized to default signal.


                      ------------------------------------------------------------------------------
2026-10-03 19:39:30   
                        ----------------------------------------------------------------------------
                                            Peak memory used (GB)         Free physical memory (GB) 
                                                                          At begin     Minimum      
                        ----------------------------------------------------------------------------
                        CAD preparation     0.017                         18.399       18.399       
                        Matrices calc.      0.114                         18.390       18.266       
                        Solver run total    0.082                         18.360       18.360       
                        ----------------------------------------------------------------------------

                      --------------------------------------------------------------------------------
                      Solver Statistics:

                        Hardware:
                           Computer name:                 	JDM 

                           Number of CPU threads:               8
                           Hardware info:                  	Hardware Accelerator Device not activated

                        Number of mesh cells:             	59200
                        Excitation duration:              	2.36969917e+001 ns 
                        Calculation time for excitation:  	5 	s
                        Number of calculated pulse widths:	1.00154 
                        Steady state accuracy limit:      	-40	dB 
                        Simulated number of time steps:   	14924 
                        Maximum number of time steps:     	298000 
                        Time step width:
                           without subcycles:             	1.590400417e-003 ns
                           used:                          	1.590400417e-003 ns

                        Reloading matrices:               	0 	s
                        Solver setup time:                	1 	s
                        Solver loop time:                 	4 	s
                        Solver post-processing time:      	0 	s
                                                          	------------
                        Total solver time:                	5 	s

                      ------------------------------------------------------------------------------
2026-10-03 19:39:30   ======================================================================
                       Solver cycle: 3
                      ======================================================================

                      Stimulation at discrete port 3 



                      ------------------------------------------------------------------------------
2026-10-03 19:39:30   Units settings: 

                        Dimensions: mm
                        Frequency:  GHz
                        Time:       ns

                      ------------------------------------------------------------------------------
2026-10-03 19:39:30   The dispersive material update will be performed using the "Standard" update schema

                      ------------------------------------------------------------------------------
2026-10-03 19:39:30   The following discrete edge ports are connected to metal material:
                      	1, 2, 3, 4

                      ------------------------------------------------------------------------------
2026-10-03 19:39:30   *** Warning ***

2026-10-03 19:39:30   8 mesh edges are represented in staircase mode and have been filled with PEC.
                      16 mesh edges are partially filled with PEC.
                       More...

                      ------------------------------------------------------------------------------
2026-10-03 19:39:31   Boundary conditions: 

                        YZsymmetry: none
                        XZsymmetry: none
                        XYsymmetry: none

                        Xmin: expanded open, 4 Layer, depth 36.5149 mm
                        Xmax: expanded open, 4 Layer, depth 36.5149 mm

                        Ymin: expanded open, 4 Layer, depth 36.5149 mm
                        Ymax: expanded open, 4 Layer, depth 36.5149 mm

                        Zmin: expanded open, 4 Layer, depth 34.1721 mm
                        Zmax: expanded open, 4 Layer, depth 36.0958 mm

                        PML-Type: Convolution PML

                      ------------------------------------------------------------------------------
2026-10-03 19:39:31   Frequency settings: 

                        Fmin:         2
                        Fmax:         2.3
                        Nfsteps:      1001

                      ------------------------------------------------------------------------------
2026-10-03 19:39:31   Field update statistics:

                        Number of components in total: 	369369
                        Number of TST and special elements:	736

                      Subcycling state:      			Automatically deactivated

                      ------------------------------------------------------------------------------
2026-10-03 19:39:31   Ports: 1 ... 4

                        Discrete element, reference impedance = 50 Ohm

                      ------------------------------------------------------------------------------
2026-10-03 19:39:36   
                      --------------------------------------------------------------------------------
2026-10-03 19:39:36   Steady state energy criterion met, solver finished successfully.

                      ------------------------------------------------------------------------------
2026-10-03 19:39:36   Frequency domain results normalized to default signal.


                      ------------------------------------------------------------------------------
2026-10-03 19:39:36   
                        ----------------------------------------------------------------------------
                                            Peak memory used (GB)         Free physical memory (GB) 
                                                                          At begin     Minimum      
                        ----------------------------------------------------------------------------
                        CAD preparation     0.017                         18.399       18.399       
                        Matrices calc.      0.114                         18.390       18.266       
                        Solver run total    0.082                         18.379       18.379       
                        ----------------------------------------------------------------------------

                      --------------------------------------------------------------------------------
                      Solver Statistics:

                        Hardware:
                           Computer name:                 	JDM 

                           Number of CPU threads:               8
                           Hardware info:                  	Hardware Accelerator Device not activated

                        Number of mesh cells:             	59200
                        Excitation duration:              	2.36969917e+001 ns 
                        Calculation time for excitation:  	5 	s
                        Number of calculated pulse widths:	1.00154 
                        Steady state accuracy limit:      	-40	dB 
                        Simulated number of time steps:   	14924 
                        Maximum number of time steps:     	298000 
                        Time step width:
                           without subcycles:             	1.590400417e-003 ns
                           used:                          	1.590400417e-003 ns

                        Reloading matrices:               	0 	s
                        Solver setup time:                	0 	s
                        Solver loop time:                 	4 	s
                        Solver post-processing time:      	0 	s
                                                          	------------
                        Total solver time:                	4 	s

                      ------------------------------------------------------------------------------
2026-10-03 19:39:36   ======================================================================
                       Solver cycle: 4
                      ======================================================================

                      Stimulation at discrete port 4 



                      ------------------------------------------------------------------------------
2026-10-03 19:39:36   Units settings: 

                        Dimensions: mm
                        Frequency:  GHz
                        Time:       ns

                      ------------------------------------------------------------------------------
2026-10-03 19:39:36   The dispersive material update will be performed using the "Standard" update schema

                      ------------------------------------------------------------------------------
2026-10-03 19:39:36   The following discrete edge ports are connected to metal material:
                      	1, 2, 3, 4

                      ------------------------------------------------------------------------------
2026-10-03 19:39:36   *** Warning ***

2026-10-03 19:39:36   8 mesh edges are represented in staircase mode and have been filled with PEC.
                      16 mesh edges are partially filled with PEC.
                       More...

                      ------------------------------------------------------------------------------
2026-10-03 19:39:37   Boundary conditions: 

                        YZsymmetry: none
                        XZsymmetry: none
                        XYsymmetry: none

                        Xmin: expanded open, 4 Layer, depth 36.5149 mm
                        Xmax: expanded open, 4 Layer, depth 36.5149 mm

                        Ymin: expanded open, 4 Layer, depth 36.5149 mm
                        Ymax: expanded open, 4 Layer, depth 36.5149 mm

                        Zmin: expanded open, 4 Layer, depth 34.1721 mm
                        Zmax: expanded open, 4 Layer, depth 36.0958 mm

                        PML-Type: Convolution PML

                      ------------------------------------------------------------------------------
2026-10-03 19:39:37   Frequency settings: 

                        Fmin:         2
                        Fmax:         2.3
                        Nfsteps:      1001

                      ------------------------------------------------------------------------------
2026-10-03 19:39:37   Field update statistics:

                        Number of components in total: 	369369
                        Number of TST and special elements:	736

                      Subcycling state:      			Automatically deactivated

                      ------------------------------------------------------------------------------
2026-10-03 19:39:37   Ports: 1 ... 4

                        Discrete element, reference impedance = 50 Ohm

                      ------------------------------------------------------------------------------
2026-10-03 19:39:42   
                      --------------------------------------------------------------------------------
2026-10-03 19:39:42   Steady state energy criterion met, solver finished successfully.

                      ------------------------------------------------------------------------------
2026-10-03 19:39:42   Frequency domain results normalized to default signal.


                      ------------------------------------------------------------------------------
2026-10-03 19:39:42   
                        ----------------------------------------------------------------------------
                                            Peak memory used (GB)         Free physical memory (GB) 
                                                                          At begin     Minimum      
                        ----------------------------------------------------------------------------
                        CAD preparation     0.017                         18.399       18.399       
                        Matrices calc.      0.114                         18.390       18.266       
                        Solver run total    0.093                         18.382       18.370       
                        ----------------------------------------------------------------------------

                      --------------------------------------------------------------------------------
                      Solver Statistics:

                        Hardware:
                           Computer name:                 	JDM 

                           Number of CPU threads:               8
                           Hardware info:                  	Hardware Accelerator Device not activated

                        Number of mesh cells:             	59200
                        Excitation duration:              	2.36969917e+001 ns 
                        Calculation time for excitation:  	5 	s
                        Number of calculated pulse widths:	1.00154 
                        Steady state accuracy limit:      	-40	dB 
                        Simulated number of time steps:   	14924 
                        Maximum number of time steps:     	298000 
                        Time step width:
                           without subcycles:             	1.590400417e-003 ns
                           used:                          	1.590400417e-003 ns

                        Reloading matrices:               	0 	s
                        Solver setup time:                	0 	s
                        Solver loop time:                 	4 	s
                        Solver post-processing time:      	0 	s
                                                          	------------
                        Total solver time:                	4 	s

                      ------------------------------------------------------------------------------
2026-10-03 19:39:42   
                        Total solver time (all cycles):      	26     	s
                        Solver initialization and clean-up:  	7      	s
                                                             	------------
                        Total simulation time:               	33     	s

                      ------------------------------------------------------------------------------
2026-10-03 19:39:42   Time Domain: S-ParameterSolver finished at: 2026-10-03 19:39:42 +0900



                      ------------------------------------------------------------------------------
2026-10-03 19:39:44   Creating parametric 1D results for Run ID 1

                      ------------------------------------------------------------------------------
