2026-10-03 19:29:08   Defined reference frequency for open boundary condition (2.15 GHz) is larger
                      than the lowest relevant system frequency (monitor at 2.06 GHz).
                      Please check the Settings for PML Boundary (Simulation > Settings > Boundary
                      Conditions > Open Boundary) to ensure accurate monitor results for the lowest
                      frequency of interest. More...

                      ------------------------------------------------------------------------------
2026-10-03 19:29:08   The following farfield monitor(s) have been adjusted to model box [-35.9274,
                      35.9274, -35.9274, 35.9274, -38.0004, 168.332]:
                        farfield (f=2.06), farfield (f=2.25).
                      For further information please check the page "Special Solver Parameters -
                      Solver" in the Online Help.

                      ------------------------------------------------------------------------------
2026-10-03 19:29:08   According to the selected features the <Time Domain Solver (HEX)> will be
                      started.

                      ------------------------------------------------------------------------------
2026-10-03 19:29:09   
                      Solver started at: 2026-10-03 19:29:09 +0900

                        Module:  Time Domain: S-Parameter (Win 64)
                        Version: 2026.4 Release from 2026-04-14 (change 1669599)

2026-10-03 19:29:09   

                      ------------------------------------------------------------------------------
2026-10-03 19:29:09   

                      ------------------------------------------------------------------------------
2026-10-03 19:29:09   ======================================================================
                      Solver uses float precision.
                      ======================================================================



                      ------------------------------------------------------------------------------
2026-10-03 19:29:09   ======================================================================
                       Solver cycle: 1
                      ======================================================================

                      Stimulation at discrete port 1 



                      ------------------------------------------------------------------------------
2026-10-03 19:29:09   Units settings: 

                        Dimensions: mm
                        Frequency:  GHz
                        Time:       ns

                      ------------------------------------------------------------------------------
2026-10-03 19:29:09   The dispersive material update [Automatic] will be performed using the "Standard" update schema

                      ------------------------------------------------------------------------------
2026-10-03 19:29:22   The following discrete edge ports are connected to metal material:
                      	1, 2, 3, 4

                      ------------------------------------------------------------------------------
2026-10-03 19:29:22   *** Warning ***

2026-10-03 19:29:22   96 mesh edges are represented in staircase mode and have been filled with PEC.
                      192 mesh edges are partially filled with PEC.
                       More...

                      ------------------------------------------------------------------------------
2026-10-03 19:29:22   Mesh statistics:

                         Hexahedral mesh type: Perfect Boundary Approximation (PBA)
                            Version: default

                         Parallelization type: domain decomposition
                            Number of parallel working threads: 2
                            Number of calculation domains used: 2

                         Used point accuracy enhancement value: 72.00%.
                         Acceleration mode: CPU
                         PBA fill limit: 99.00% (inverse)

2026-10-03 19:29:23   Boundary conditions: 

                        YZsymmetry: none
                        XZsymmetry: none
                        XYsymmetry: none

                        Xmin: expanded open, 4 Layer, depth 34.3445 mm
                        Xmax: expanded open, 4 Layer, depth 34.3445 mm

                        Ymin: expanded open, 4 Layer, depth 34.3445 mm
                        Ymax: expanded open, 4 Layer, depth 34.3445 mm

                        Zmin: expanded open, 4 Layer, depth 38.623 mm
                        Zmax: expanded open, 4 Layer, depth 40.3479 mm

                        PML-Type: Convolution PML

                      ------------------------------------------------------------------------------
2026-10-03 19:29:23   Frequency settings: 

                        Fmin:         2
                        Fmax:         2.3
                        Nfsteps:      1001

                      ------------------------------------------------------------------------------
2026-10-03 19:29:23   Field update statistics:

                        Number of components in total: 	438164
                        Number of TST and special elements:	560

                      Subcycling state:      			Automatically deactivated

                      ------------------------------------------------------------------------------
2026-10-03 19:29:23   Ports: 1 ... 4

                        Discrete element, reference impedance = 50 Ohm

                      ------------------------------------------------------------------------------
2026-10-03 19:29:34   
                      --------------------------------------------------------------------------------
2026-10-03 19:29:34   Steady state energy criterion met, solver finished successfully.

                      ------------------------------------------------------------------------------
2026-10-03 19:29:34   Frequency domain results normalized to default signal.


                      ------------------------------------------------------------------------------
2026-10-03 19:29:34   
                        ----------------------------------------------------------------------------
                                            Peak memory used (GB)         Free physical memory (GB) 
                                                                          At begin     Minimum      
                        ----------------------------------------------------------------------------
                        CAD preparation     0.017                         20.007       20.007       
                        Matrices calc.      0.119                         19.993       19.882       
                        Solver run total    0.081                         20.030       19.276       
                        ----------------------------------------------------------------------------

                      --------------------------------------------------------------------------------
                      Solver Statistics:

                        Hardware:
                           Computer name:                 	JDM 

                           Number of CPU threads:               8
                           Hardware info:                  	Hardware Accelerator Device not activated

                        Number of mesh cells:             	70400
                        Excitation duration:              	2.36969917e+001 ns 
                        Calculation time for excitation:  	11 	s
                        Number of calculated pulse widths:	1.00135 
                        Steady state accuracy limit:      	-40	dB 
                        Simulated number of time steps:   	17160 
                        Maximum number of time steps:     	342718 
                        Time step width:
                           without subcycles:             	1.382883968e-003 ns
                           used:                          	1.382883968e-003 ns

                        CAD preparation time:             	1      	s
                        Matrix calculation time:          	12 	s
                        Solver setup time:                	1 	s
                        Solver loop time:                 	10 	s
                        Solver post-processing time:      	0 	s
                                                          	------------
                        Total solver time:                	24 	s

                      ------------------------------------------------------------------------------
2026-10-03 19:29:34   ======================================================================
                       Solver cycle: 2
                      ======================================================================

                      Stimulation at discrete port 2 



                      ------------------------------------------------------------------------------
2026-10-03 19:29:34   Units settings: 

                        Dimensions: mm
                        Frequency:  GHz
                        Time:       ns

                      ------------------------------------------------------------------------------
2026-10-03 19:29:34   The dispersive material update will be performed using the "Standard" update schema

                      ------------------------------------------------------------------------------
2026-10-03 19:29:35   The following discrete edge ports are connected to metal material:
                      	1, 2, 3, 4

                      ------------------------------------------------------------------------------
2026-10-03 19:29:35   *** Warning ***

2026-10-03 19:29:35   96 mesh edges are represented in staircase mode and have been filled with PEC.
                      192 mesh edges are partially filled with PEC.
                       More...

                      ------------------------------------------------------------------------------
2026-10-03 19:29:35   Boundary conditions: 

                        YZsymmetry: none
                        XZsymmetry: none
                        XYsymmetry: none

                        Xmin: expanded open, 4 Layer, depth 34.3445 mm
                        Xmax: expanded open, 4 Layer, depth 34.3445 mm

                        Ymin: expanded open, 4 Layer, depth 34.3445 mm
                        Ymax: expanded open, 4 Layer, depth 34.3445 mm

                        Zmin: expanded open, 4 Layer, depth 38.623 mm
                        Zmax: expanded open, 4 Layer, depth 40.3479 mm

                        PML-Type: Convolution PML

                      ------------------------------------------------------------------------------
2026-10-03 19:29:35   Frequency settings: 

                        Fmin:         2
                        Fmax:         2.3
                        Nfsteps:      1001

                      ------------------------------------------------------------------------------
2026-10-03 19:29:35   Field update statistics:

                        Number of components in total: 	438164
                        Number of TST and special elements:	560

                      Subcycling state:      			Automatically deactivated

                      ------------------------------------------------------------------------------
2026-10-03 19:29:35   Ports: 1 ... 4

                        Discrete element, reference impedance = 50 Ohm

                      ------------------------------------------------------------------------------
2026-10-03 19:29:42   
                      --------------------------------------------------------------------------------
2026-10-03 19:29:42   Steady state energy criterion met, solver finished successfully.

                      ------------------------------------------------------------------------------
2026-10-03 19:29:42   Frequency domain results normalized to default signal.


                      ------------------------------------------------------------------------------
2026-10-03 19:29:42   
                        ----------------------------------------------------------------------------
                                            Peak memory used (GB)         Free physical memory (GB) 
                                                                          At begin     Minimum      
                        ----------------------------------------------------------------------------
                        CAD preparation     0.017                         20.007       20.007       
                        Matrices calc.      0.119                         19.993       19.882       
                        Solver run total    0.082                         19.694       19.694       
                        ----------------------------------------------------------------------------

                      --------------------------------------------------------------------------------
                      Solver Statistics:

                        Hardware:
                           Computer name:                 	JDM 

                           Number of CPU threads:               8
                           Hardware info:                  	Hardware Accelerator Device not activated

                        Number of mesh cells:             	70400
                        Excitation duration:              	2.36969917e+001 ns 
                        Calculation time for excitation:  	5 	s
                        Number of calculated pulse widths:	1.00135 
                        Steady state accuracy limit:      	-40	dB 
                        Simulated number of time steps:   	17160 
                        Maximum number of time steps:     	342718 
                        Time step width:
                           without subcycles:             	1.382883968e-003 ns
                           used:                          	1.382883968e-003 ns

                        Reloading matrices:               	0 	s
                        Solver setup time:                	1 	s
                        Solver loop time:                 	5 	s
                        Solver post-processing time:      	0 	s
                                                          	------------
                        Total solver time:                	6 	s

                      ------------------------------------------------------------------------------
2026-10-03 19:29:42   ======================================================================
                       Solver cycle: 3
                      ======================================================================

                      Stimulation at discrete port 3 



                      ------------------------------------------------------------------------------
2026-10-03 19:29:42   Units settings: 

                        Dimensions: mm
                        Frequency:  GHz
                        Time:       ns

                      ------------------------------------------------------------------------------
2026-10-03 19:29:42   The dispersive material update will be performed using the "Standard" update schema

                      ------------------------------------------------------------------------------
2026-10-03 19:29:42   The following discrete edge ports are connected to metal material:
                      	1, 2, 3, 4

                      ------------------------------------------------------------------------------
2026-10-03 19:29:42   *** Warning ***

2026-10-03 19:29:42   96 mesh edges are represented in staircase mode and have been filled with PEC.
                      192 mesh edges are partially filled with PEC.
                       More...

                      ------------------------------------------------------------------------------
2026-10-03 19:29:42   Boundary conditions: 

                        YZsymmetry: none
                        XZsymmetry: none
                        XYsymmetry: none

                        Xmin: expanded open, 4 Layer, depth 34.3445 mm
                        Xmax: expanded open, 4 Layer, depth 34.3445 mm

                        Ymin: expanded open, 4 Layer, depth 34.3445 mm
                        Ymax: expanded open, 4 Layer, depth 34.3445 mm

                        Zmin: expanded open, 4 Layer, depth 38.623 mm
                        Zmax: expanded open, 4 Layer, depth 40.3479 mm

                        PML-Type: Convolution PML

                      ------------------------------------------------------------------------------
2026-10-03 19:29:42   Frequency settings: 

                        Fmin:         2
                        Fmax:         2.3
                        Nfsteps:      1001

                      ------------------------------------------------------------------------------
2026-10-03 19:29:42   Field update statistics:

                        Number of components in total: 	438164
                        Number of TST and special elements:	560

                      Subcycling state:      			Automatically deactivated

                      ------------------------------------------------------------------------------
2026-10-03 19:29:43   Ports: 1 ... 4

                        Discrete element, reference impedance = 50 Ohm

                      ------------------------------------------------------------------------------
2026-10-03 19:29:49   
                      --------------------------------------------------------------------------------
2026-10-03 19:29:49   Steady state energy criterion met, solver finished successfully.

                      ------------------------------------------------------------------------------
2026-10-03 19:29:49   Frequency domain results normalized to default signal.


                      ------------------------------------------------------------------------------
2026-10-03 19:29:49   
                        ----------------------------------------------------------------------------
                                            Peak memory used (GB)         Free physical memory (GB) 
                                                                          At begin     Minimum      
                        ----------------------------------------------------------------------------
                        CAD preparation     0.017                         20.007       20.007       
                        Matrices calc.      0.119                         19.993       19.882       
                        Solver run total    0.083                         19.759       19.759       
                        ----------------------------------------------------------------------------

                      --------------------------------------------------------------------------------
                      Solver Statistics:

                        Hardware:
                           Computer name:                 	JDM 

                           Number of CPU threads:               8
                           Hardware info:                  	Hardware Accelerator Device not activated

                        Number of mesh cells:             	70400
                        Excitation duration:              	2.36969917e+001 ns 
                        Calculation time for excitation:  	6 	s
                        Number of calculated pulse widths:	1.00135 
                        Steady state accuracy limit:      	-40	dB 
                        Simulated number of time steps:   	17160 
                        Maximum number of time steps:     	342718 
                        Time step width:
                           without subcycles:             	1.382883968e-003 ns
                           used:                          	1.382883968e-003 ns

                        Reloading matrices:               	0 	s
                        Solver setup time:                	1 	s
                        Solver loop time:                 	5 	s
                        Solver post-processing time:      	0 	s
                                                          	------------
                        Total solver time:                	6 	s

                      ------------------------------------------------------------------------------
2026-10-03 19:29:49   ======================================================================
                       Solver cycle: 4
                      ======================================================================

                      Stimulation at discrete port 4 



                      ------------------------------------------------------------------------------
2026-10-03 19:29:49   Units settings: 

                        Dimensions: mm
                        Frequency:  GHz
                        Time:       ns

                      ------------------------------------------------------------------------------
2026-10-03 19:29:49   The dispersive material update will be performed using the "Standard" update schema

                      ------------------------------------------------------------------------------
2026-10-03 19:29:50   The following discrete edge ports are connected to metal material:
                      	1, 2, 3, 4

                      ------------------------------------------------------------------------------
2026-10-03 19:29:50   *** Warning ***

2026-10-03 19:29:50   96 mesh edges are represented in staircase mode and have been filled with PEC.
                      192 mesh edges are partially filled with PEC.
                       More...

                      ------------------------------------------------------------------------------
2026-10-03 19:29:50   Boundary conditions: 

                        YZsymmetry: none
                        XZsymmetry: none
                        XYsymmetry: none

                        Xmin: expanded open, 4 Layer, depth 34.3445 mm
                        Xmax: expanded open, 4 Layer, depth 34.3445 mm

                        Ymin: expanded open, 4 Layer, depth 34.3445 mm
                        Ymax: expanded open, 4 Layer, depth 34.3445 mm

                        Zmin: expanded open, 4 Layer, depth 38.623 mm
                        Zmax: expanded open, 4 Layer, depth 40.3479 mm

                        PML-Type: Convolution PML

                      ------------------------------------------------------------------------------
2026-10-03 19:29:50   Frequency settings: 

                        Fmin:         2
                        Fmax:         2.3
                        Nfsteps:      1001

                      ------------------------------------------------------------------------------
2026-10-03 19:29:50   Field update statistics:

                        Number of components in total: 	438164
                        Number of TST and special elements:	560

                      Subcycling state:      			Automatically deactivated

                      ------------------------------------------------------------------------------
2026-10-03 19:29:50   Ports: 1 ... 4

                        Discrete element, reference impedance = 50 Ohm

                      ------------------------------------------------------------------------------
2026-10-03 19:29:57   
                      --------------------------------------------------------------------------------
2026-10-03 19:29:57   Steady state energy criterion met, solver finished successfully.

                      ------------------------------------------------------------------------------
2026-10-03 19:29:57   Frequency domain results normalized to default signal.


                      ------------------------------------------------------------------------------
2026-10-03 19:29:57   
                        ----------------------------------------------------------------------------
                                            Peak memory used (GB)         Free physical memory (GB) 
                                                                          At begin     Minimum      
                        ----------------------------------------------------------------------------
                        CAD preparation     0.017                         20.007       20.007       
                        Matrices calc.      0.119                         19.993       19.882       
                        Solver run total    0.083                         19.750       19.750       
                        ----------------------------------------------------------------------------

                      --------------------------------------------------------------------------------
                      Solver Statistics:

                        Hardware:
                           Computer name:                 	JDM 

                           Number of CPU threads:               8
                           Hardware info:                  	Hardware Accelerator Device not activated

                        Number of mesh cells:             	70400
                        Excitation duration:              	2.36969917e+001 ns 
                        Calculation time for excitation:  	5 	s
                        Number of calculated pulse widths:	1.00135 
                        Steady state accuracy limit:      	-40	dB 
                        Simulated number of time steps:   	17160 
                        Maximum number of time steps:     	342718 
                        Time step width:
                           without subcycles:             	1.382883968e-003 ns
                           used:                          	1.382883968e-003 ns

                        Reloading matrices:               	0 	s
                        Solver setup time:                	1 	s
                        Solver loop time:                 	5 	s
                        Solver post-processing time:      	0 	s
                                                          	------------
                        Total solver time:                	6 	s

                      ------------------------------------------------------------------------------
2026-10-03 19:29:57   
                        Total solver time (all cycles):      	42     	s
                        Solver initialization and clean-up:  	6      	s
                                                             	------------
                        Total simulation time:               	48     	s

                      ------------------------------------------------------------------------------
2026-10-03 19:29:57   Time Domain: S-ParameterSolver finished at: 2026-10-03 19:29:57 +0900



                      ------------------------------------------------------------------------------
2026-10-03 19:29:59   Creating parametric 1D results for Run ID 1

                      ------------------------------------------------------------------------------
