2026-10-03 22:17:45   The following farfield monitor(s) have been adjusted to model box [-18.0476,
                      18.0476, -18.0476, 18.0476, -1.56233, 4.36655]:
                        farfield (f=10.3), farfield (f=10.4), farfield (f=10.5).
                      For further information please check the page "Special Solver Parameters -
                      Solver" in the Online Help.

                      ------------------------------------------------------------------------------
2026-10-03 22:17:45   According to the selected features the <Time Domain Solver (HEX)> will be
                      started.

                      ------------------------------------------------------------------------------
2026-10-03 22:17:45   
                      Solver started at: 2026-10-03 22:17:45 +0900

                        Module:  Time Domain: S-Parameter (Win 64)
                        Version: 2026.4 Release from 2026-04-14 (change 1669599)

2026-10-03 22:17:45   

                      ------------------------------------------------------------------------------
2026-10-03 22:17:45   

                      ------------------------------------------------------------------------------
2026-10-03 22:17:45   ======================================================================
                      Solver uses float precision.
                      ======================================================================



                      ------------------------------------------------------------------------------
2026-10-03 22:17:45   ======================================================================
                       Solver cycle: 1
                      ======================================================================

                      Stimulation at discrete port 1 



                      ------------------------------------------------------------------------------
2026-10-03 22:17:45   Units settings: 

                        Dimensions: mm
                        Frequency:  GHz
                        Time:       ns

                      ------------------------------------------------------------------------------
2026-10-03 22:17:45   The dispersive material update [Automatic] will be performed using the "Standard" update schema

                      ------------------------------------------------------------------------------
2026-10-03 22:17:52   The following discrete edge ports are connected to metal material:
                      	1, 2, 3, 4

                      ------------------------------------------------------------------------------
2026-10-03 22:17:52   Mesh statistics:

                         Hexahedral mesh type: Perfect Boundary Approximation (PBA)
                            Version: default

                         Parallelization type: domain decomposition
                            Number of parallel working threads: 1
                            Number of calculation domains used: 1

                         Used point accuracy enhancement value: 75.00%.
                         Acceleration mode: CPU
                         PBA fill limit: 99.00% (inverse)

2026-10-03 22:17:52   Boundary conditions: 

                        YZsymmetry: none
                        XZsymmetry: none
                        XYsymmetry: none

                        Xmin: expanded open, 4 Layer, depth 7.43168 mm
                        Xmax: expanded open, 4 Layer, depth 7.43168 mm

                        Ymin: expanded open, 4 Layer, depth 7.43168 mm
                        Ymax: expanded open, 4 Layer, depth 7.43168 mm

                        Zmin: expanded open, 4 Layer, depth 8.43501 mm
                        Zmax: expanded open, 4 Layer, depth 7.09608 mm

                        PML-Type: Convolution PML

                      ------------------------------------------------------------------------------
2026-10-03 22:17:52   Frequency settings: 

                        Fmin:         10.2
                        Fmax:         10.6
                        Nfsteps:      1001

                      ------------------------------------------------------------------------------
2026-10-03 22:17:52   Field update statistics:

                        Number of components in total: 	208233
                        Number of TST and special elements:	720

                      Subcycling state:      			Automatically deactivated

                      ------------------------------------------------------------------------------
2026-10-03 22:17:52   Ports: 1 ... 4

                        Discrete element, reference impedance = 50 Ohm

                      ------------------------------------------------------------------------------
2026-10-03 22:18:02   
                      --------------------------------------------------------------------------------
2026-10-03 22:18:02   Steady state energy criterion met, solver finished successfully.

                      ------------------------------------------------------------------------------
2026-10-03 22:18:02   Frequency domain results normalized to default signal.


                      ------------------------------------------------------------------------------
2026-10-03 22:18:02   
                        ----------------------------------------------------------------------------
                                            Peak memory used (GB)         Free physical memory (GB) 
                                                                          At begin     Minimum      
                        ----------------------------------------------------------------------------
                        CAD preparation     0.017                         17.688       17.688       
                        Matrices calc.      0.059                         17.660       17.614       
                        Solver run total    0.074                         17.698       17.642       
                        ----------------------------------------------------------------------------

                      --------------------------------------------------------------------------------
                      Solver Statistics:

                        Hardware:
                           Computer name:                 	JDM 

                           Number of CPU threads:               8
                           Hardware info:                  	Hardware Accelerator Device not activated

                        Number of mesh cells:             	32912
                        Excitation duration:              	1.77727437e+001 ns 
                        Calculation time for excitation:  	8 	s
                        Number of calculated pulse widths:	1.00158 
                        Steady state accuracy limit:      	-40	dB 
                        Simulated number of time steps:   	34140 
                        Maximum number of time steps:     	681706 
                        Time step width:
                           without subcycles:             	5.214195580e-004 ns
                           used:                          	5.214195580e-004 ns

                        CAD preparation time:             	0      	s
                        Matrix calculation time:          	6 	s
                        Solver setup time:                	1 	s
                        Solver loop time:                 	8 	s
                        Solver post-processing time:      	0 	s
                                                          	------------
                        Total solver time:                	15 	s

                      ------------------------------------------------------------------------------
2026-10-03 22:18:03   ======================================================================
                       Solver cycle: 2
                      ======================================================================

                      Stimulation at discrete port 2 



                      ------------------------------------------------------------------------------
2026-10-03 22:18:03   Units settings: 

                        Dimensions: mm
                        Frequency:  GHz
                        Time:       ns

                      ------------------------------------------------------------------------------
2026-10-03 22:18:03   The dispersive material update will be performed using the "Standard" update schema

                      ------------------------------------------------------------------------------
2026-10-03 22:18:03   The following discrete edge ports are connected to metal material:
                      	1, 2, 3, 4

                      ------------------------------------------------------------------------------
2026-10-03 22:18:03   Boundary conditions: 

                        YZsymmetry: none
                        XZsymmetry: none
                        XYsymmetry: none

                        Xmin: expanded open, 4 Layer, depth 7.43168 mm
                        Xmax: expanded open, 4 Layer, depth 7.43168 mm

                        Ymin: expanded open, 4 Layer, depth 7.43168 mm
                        Ymax: expanded open, 4 Layer, depth 7.43168 mm

                        Zmin: expanded open, 4 Layer, depth 8.43501 mm
                        Zmax: expanded open, 4 Layer, depth 7.09608 mm

                        PML-Type: Convolution PML

                      ------------------------------------------------------------------------------
2026-10-03 22:18:03   Frequency settings: 

                        Fmin:         10.2
                        Fmax:         10.6
                        Nfsteps:      1001

                      ------------------------------------------------------------------------------
2026-10-03 22:18:03   Field update statistics:

                        Number of components in total: 	208233
                        Number of TST and special elements:	720

                      Subcycling state:      			Automatically deactivated

                      ------------------------------------------------------------------------------
2026-10-03 22:18:03   Ports: 1 ... 4

                        Discrete element, reference impedance = 50 Ohm

                      ------------------------------------------------------------------------------
2026-10-03 22:18:13   
                      --------------------------------------------------------------------------------
2026-10-03 22:18:13   Steady state energy criterion met, solver finished successfully.

                      ------------------------------------------------------------------------------
2026-10-03 22:18:13   Frequency domain results normalized to default signal.


                      ------------------------------------------------------------------------------
2026-10-03 22:18:13   
                        ----------------------------------------------------------------------------
                                            Peak memory used (GB)         Free physical memory (GB) 
                                                                          At begin     Minimum      
                        ----------------------------------------------------------------------------
                        CAD preparation     0.017                         17.688       17.688       
                        Matrices calc.      0.059                         17.660       17.614       
                        Solver run total    0.077                         17.687       17.687       
                        ----------------------------------------------------------------------------

                      --------------------------------------------------------------------------------
                      Solver Statistics:

                        Hardware:
                           Computer name:                 	JDM 

                           Number of CPU threads:               8
                           Hardware info:                  	Hardware Accelerator Device not activated

                        Number of mesh cells:             	32912
                        Excitation duration:              	1.77727437e+001 ns 
                        Calculation time for excitation:  	9 	s
                        Number of calculated pulse widths:	1.00158 
                        Steady state accuracy limit:      	-40	dB 
                        Simulated number of time steps:   	34140 
                        Maximum number of time steps:     	681706 
                        Time step width:
                           without subcycles:             	5.214195580e-004 ns
                           used:                          	5.214195580e-004 ns

                        Reloading matrices:               	0 	s
                        Solver setup time:                	1 	s
                        Solver loop time:                 	8 	s
                        Solver post-processing time:      	0 	s
                                                          	------------
                        Total solver time:                	9 	s

                      ------------------------------------------------------------------------------
2026-10-03 22:18:13   ======================================================================
                       Solver cycle: 3
                      ======================================================================

                      Stimulation at discrete port 3 



                      ------------------------------------------------------------------------------
2026-10-03 22:18:13   Units settings: 

                        Dimensions: mm
                        Frequency:  GHz
                        Time:       ns

                      ------------------------------------------------------------------------------
2026-10-03 22:18:13   The dispersive material update will be performed using the "Standard" update schema

                      ------------------------------------------------------------------------------
2026-10-03 22:18:13   The following discrete edge ports are connected to metal material:
                      	1, 2, 3, 4

                      ------------------------------------------------------------------------------
2026-10-03 22:18:14   Boundary conditions: 

                        YZsymmetry: none
                        XZsymmetry: none
                        XYsymmetry: none

                        Xmin: expanded open, 4 Layer, depth 7.43168 mm
                        Xmax: expanded open, 4 Layer, depth 7.43168 mm

                        Ymin: expanded open, 4 Layer, depth 7.43168 mm
                        Ymax: expanded open, 4 Layer, depth 7.43168 mm

                        Zmin: expanded open, 4 Layer, depth 8.43501 mm
                        Zmax: expanded open, 4 Layer, depth 7.09608 mm

                        PML-Type: Convolution PML

                      ------------------------------------------------------------------------------
2026-10-03 22:18:14   Frequency settings: 

                        Fmin:         10.2
                        Fmax:         10.6
                        Nfsteps:      1001

                      ------------------------------------------------------------------------------
2026-10-03 22:18:14   Field update statistics:

                        Number of components in total: 	208233
                        Number of TST and special elements:	720

                      Subcycling state:      			Automatically deactivated

                      ------------------------------------------------------------------------------
2026-10-03 22:18:14   Ports: 1 ... 4

                        Discrete element, reference impedance = 50 Ohm

                      ------------------------------------------------------------------------------
2026-10-03 22:18:23   
                      --------------------------------------------------------------------------------
2026-10-03 22:18:23   Steady state energy criterion met, solver finished successfully.

                      ------------------------------------------------------------------------------
2026-10-03 22:18:23   Frequency domain results normalized to default signal.


                      ------------------------------------------------------------------------------
2026-10-03 22:18:23   
                        ----------------------------------------------------------------------------
                                            Peak memory used (GB)         Free physical memory (GB) 
                                                                          At begin     Minimum      
                        ----------------------------------------------------------------------------
                        CAD preparation     0.017                         17.688       17.688       
                        Matrices calc.      0.059                         17.660       17.614       
                        Solver run total    0.077                         17.705       17.705       
                        ----------------------------------------------------------------------------

                      --------------------------------------------------------------------------------
                      Solver Statistics:

                        Hardware:
                           Computer name:                 	JDM 

                           Number of CPU threads:               8
                           Hardware info:                  	Hardware Accelerator Device not activated

                        Number of mesh cells:             	32912
                        Excitation duration:              	1.77727437e+001 ns 
                        Calculation time for excitation:  	8 	s
                        Number of calculated pulse widths:	1.00158 
                        Steady state accuracy limit:      	-40	dB 
                        Simulated number of time steps:   	34140 
                        Maximum number of time steps:     	681706 
                        Time step width:
                           without subcycles:             	5.214195580e-004 ns
                           used:                          	5.214195580e-004 ns

                        Reloading matrices:               	0 	s
                        Solver setup time:                	1 	s
                        Solver loop time:                 	8 	s
                        Solver post-processing time:      	0 	s
                                                          	------------
                        Total solver time:                	9 	s

                      ------------------------------------------------------------------------------
2026-10-03 22:18:24   ======================================================================
                       Solver cycle: 4
                      ======================================================================

                      Stimulation at discrete port 4 



                      ------------------------------------------------------------------------------
2026-10-03 22:18:24   Units settings: 

                        Dimensions: mm
                        Frequency:  GHz
                        Time:       ns

                      ------------------------------------------------------------------------------
2026-10-03 22:18:24   The dispersive material update will be performed using the "Standard" update schema

                      ------------------------------------------------------------------------------
2026-10-03 22:18:24   The following discrete edge ports are connected to metal material:
                      	1, 2, 3, 4

                      ------------------------------------------------------------------------------
2026-10-03 22:18:24   Boundary conditions: 

                        YZsymmetry: none
                        XZsymmetry: none
                        XYsymmetry: none

                        Xmin: expanded open, 4 Layer, depth 7.43168 mm
                        Xmax: expanded open, 4 Layer, depth 7.43168 mm

                        Ymin: expanded open, 4 Layer, depth 7.43168 mm
                        Ymax: expanded open, 4 Layer, depth 7.43168 mm

                        Zmin: expanded open, 4 Layer, depth 8.43501 mm
                        Zmax: expanded open, 4 Layer, depth 7.09608 mm

                        PML-Type: Convolution PML

                      ------------------------------------------------------------------------------
2026-10-03 22:18:24   Frequency settings: 

                        Fmin:         10.2
                        Fmax:         10.6
                        Nfsteps:      1001

                      ------------------------------------------------------------------------------
2026-10-03 22:18:24   Field update statistics:

                        Number of components in total: 	208233
                        Number of TST and special elements:	720

                      Subcycling state:      			Automatically deactivated

                      ------------------------------------------------------------------------------
2026-10-03 22:18:24   Ports: 1 ... 4

                        Discrete element, reference impedance = 50 Ohm

                      ------------------------------------------------------------------------------
2026-10-03 22:18:34   
                      --------------------------------------------------------------------------------
2026-10-03 22:18:34   Steady state energy criterion met, solver finished successfully.

                      ------------------------------------------------------------------------------
2026-10-03 22:18:34   Frequency domain results normalized to default signal.


                      ------------------------------------------------------------------------------
2026-10-03 22:18:34   
                        ----------------------------------------------------------------------------
                                            Peak memory used (GB)         Free physical memory (GB) 
                                                                          At begin     Minimum      
                        ----------------------------------------------------------------------------
                        CAD preparation     0.017                         17.688       17.688       
                        Matrices calc.      0.059                         17.660       17.614       
                        Solver run total    0.077                         17.708       17.580       
                        ----------------------------------------------------------------------------

                      --------------------------------------------------------------------------------
                      Solver Statistics:

                        Hardware:
                           Computer name:                 	JDM 

                           Number of CPU threads:               8
                           Hardware info:                  	Hardware Accelerator Device not activated

                        Number of mesh cells:             	32912
                        Excitation duration:              	1.77727437e+001 ns 
                        Calculation time for excitation:  	9 	s
                        Number of calculated pulse widths:	1.00158 
                        Steady state accuracy limit:      	-40	dB 
                        Simulated number of time steps:   	34140 
                        Maximum number of time steps:     	681706 
                        Time step width:
                           without subcycles:             	5.214195580e-004 ns
                           used:                          	5.214195580e-004 ns

                        Reloading matrices:               	0 	s
                        Solver setup time:                	1 	s
                        Solver loop time:                 	8 	s
                        Solver post-processing time:      	0 	s
                                                          	------------
                        Total solver time:                	9 	s

                      ------------------------------------------------------------------------------
2026-10-03 22:18:34   
                        Total solver time (all cycles):      	42     	s
                        Solver initialization and clean-up:  	7      	s
                                                             	------------
                        Total simulation time:               	49     	s

                      ------------------------------------------------------------------------------
2026-10-03 22:18:34   Time Domain: S-ParameterSolver finished at: 2026-10-03 22:18:34 +0900



                      ------------------------------------------------------------------------------
2026-10-03 22:18:36   Creating parametric 1D results for Run ID 1

                      ------------------------------------------------------------------------------
